Archive member included to satisfy reference by file (symbol)

../../libDaisy//build\libdaisy.a(daisy_seed.o)
                              build/2cock.o (daisy::DaisySeed::GetPin(unsigned char))
../../libDaisy//build\libdaisy.a(codec_ak4556.o)
                              ../../libDaisy//build\libdaisy.a(daisy_seed.o) (daisy::Ak4556::Init(dsy_gpio_pin))
../../libDaisy//build\libdaisy.a(codec_wm8731.o)
                              ../../libDaisy//build\libdaisy.a(daisy_seed.o) (daisy::Wm8731::Init(daisy::Wm8731::Config const&, daisy::I2CHandle))
../../libDaisy//build\libdaisy.a(sdram.o)
                              ../../libDaisy//build\libdaisy.a(daisy_seed.o) (SdramHandle::Init())
../../libDaisy//build\libdaisy.a(audio.o)
                              ../../libDaisy//build\libdaisy.a(daisy_seed.o) (daisy::AudioHandle::Init(daisy::AudioHandle::Config const&, daisy::SaiHandle))
../../libDaisy//build\libdaisy.a(logger.o)
                              build/2cock.o (daisy::Logger<(daisy::LoggerDestination)1>::Print(char const*, ...))
../../libDaisy//build\libdaisy.a(switch.o)
                              build/2cock.o (daisy::Switch::Init(dsy_gpio_pin, float))
../../libDaisy//build\libdaisy.a(usb.o)
                              ../../libDaisy//build\libdaisy.a(logger.o) (daisy::UsbHandle::Init(daisy::UsbHandle::UsbPeriph))
../../libDaisy//build\libdaisy.a(dac.o)
                              build/2cock.o (daisy::DacHandle::Init(daisy::DacHandle::Config const&))
../../libDaisy//build\libdaisy.a(gpio.o)
                              ../../libDaisy//build\libdaisy.a(daisy_seed.o) (dsy_gpio_init)
../../libDaisy//build\libdaisy.a(i2c.o)
                              ../../libDaisy//build\libdaisy.a(daisy_seed.o) (daisy::I2CHandle::Init(daisy::I2CHandle::Config const&))
../../libDaisy//build\libdaisy.a(qspi.o)
                              ../../libDaisy//build\libdaisy.a(daisy_seed.o) (daisy::QSPIHandle::Init(daisy::QSPIHandle::Config const&))
../../libDaisy//build\libdaisy.a(sai.o)
                              ../../libDaisy//build\libdaisy.a(daisy_seed.o) (daisy::SaiHandle::Init(daisy::SaiHandle::Config const&))
../../libDaisy//build\libdaisy.a(system.o)
                              ../../libDaisy//build\libdaisy.a(daisy_seed.o) (daisy::System::DeInit())
../../libDaisy//build\libdaisy.a(system_stm32h7xx.o)
                              build/startup_stm32h750xx.o (SystemInit)
../../libDaisy//build\libdaisy.a(usbd_cdc_if.o)
                              ../../libDaisy//build\libdaisy.a(usb.o) (CDC_Transmit_FS)
../../libDaisy//build\libdaisy.a(usbd_conf.o)
                              ../../libDaisy//build\libdaisy.a(system.o) (hpcd_USB_OTG_HS)
../../libDaisy//build\libdaisy.a(usbd_desc.o)
                              ../../libDaisy//build\libdaisy.a(usb.o) (HS_Desc)
../../libDaisy//build\libdaisy.a(usbh_conf.o)
                              ../../libDaisy//build\libdaisy.a(system.o) (hhcd_USB_OTG_HS)
../../libDaisy//build\libdaisy.a(hal_map.o)
                              ../../libDaisy//build\libdaisy.a(gpio.o) (dsy_hal_map_get_port)
../../libDaisy//build\libdaisy.a(stm32h7xx_hal.o)
                              ../../libDaisy//build\libdaisy.a(system.o) (HAL_Init)
../../libDaisy//build\libdaisy.a(stm32h7xx_hal_cortex.o)
                              ../../libDaisy//build\libdaisy.a(stm32h7xx_hal.o) (HAL_NVIC_SetPriorityGrouping)
../../libDaisy//build\libdaisy.a(stm32h7xx_hal_dac.o)
                              ../../libDaisy//build\libdaisy.a(dac.o) (HAL_DAC_Init)
../../libDaisy//build\libdaisy.a(stm32h7xx_hal_dac_ex.o)
                              ../../libDaisy//build\libdaisy.a(stm32h7xx_hal_dac.o) (HAL_DACEx_DMAUnderrunCallbackCh2)
../../libDaisy//build\libdaisy.a(stm32h7xx_hal_dma.o)
                              ../../libDaisy//build\libdaisy.a(dac.o) (HAL_DMA_Init)
../../libDaisy//build\libdaisy.a(stm32h7xx_hal_gpio.o)
                              ../../libDaisy//build\libdaisy.a(sdram.o) (HAL_GPIO_Init)
../../libDaisy//build\libdaisy.a(stm32h7xx_hal_hcd.o)
                              ../../libDaisy//build\libdaisy.a(usbh_conf.o) (HAL_HCD_HC_Init)
../../libDaisy//build\libdaisy.a(stm32h7xx_hal_i2c.o)
                              ../../libDaisy//build\libdaisy.a(i2c.o) (HAL_I2C_Init)
../../libDaisy//build\libdaisy.a(stm32h7xx_hal_i2c_ex.o)
                              ../../libDaisy//build\libdaisy.a(i2c.o) (HAL_I2CEx_ConfigAnalogFilter)
../../libDaisy//build\libdaisy.a(stm32h7xx_hal_pcd.o)
                              ../../libDaisy//build\libdaisy.a(usbd_conf.o) (HAL_PCD_Init)
../../libDaisy//build\libdaisy.a(stm32h7xx_hal_pcd_ex.o)
                              ../../libDaisy//build\libdaisy.a(usbd_conf.o) (HAL_PCDEx_SetTxFiFo)
../../libDaisy//build\libdaisy.a(stm32h7xx_hal_pwr_ex.o)
                              ../../libDaisy//build\libdaisy.a(system.o) (HAL_PWREx_ConfigSupply)
../../libDaisy//build\libdaisy.a(stm32h7xx_hal_qspi.o)
[...]
Memory Configuration

Name             Origin             Length             Attributes
FLASH            0x08000000         0x00020000         xr
DTCMRAM          0x20000000         0x00020000         xrw
SRAM             0x24000000         0x00080000         xrw
RAM_D2           0x30000000         0x00048000         xrw
RAM_D3           0x38000000         0x00010000         xrw
ITCMRAM          0x00000000         0x00010000         xrw
SDRAM            0xc0000000         0x04000000         xrw
QSPIFLASH        0x90000000         0x00800000         xr
*default*        0x00000000         0xffffffff

Linker script and memory map

LOAD c:/users/danst/documents/daisytoolchain-0.3.3/windows/bin/../lib/gcc/arm-none-eabi/10.2.1/thumb/v7e-m+dp/hard/crti.o
LOAD c:/users/danst/documents/daisytoolchain-0.3.3/windows/bin/../lib/gcc/arm-none-eabi/10.2.1/thumb/v7e-m+dp/hard/crtbegin.o
LOAD c:/users/danst/documents/daisytoolchain-0.3.3/windows/bin/../lib/gcc/arm-none-eabi/10.2.1/../../../../arm-none-eabi/lib/thumb/v7e-m+dp/hard/crt0.o
LOAD build/startup_stm32h750xx.o
LOAD build/2cock.o
LOAD ../../libDaisy//build\libdaisy.a
LOAD c:/users/danst/documents/daisytoolchain-0.3.3/windows/bin/../lib/gcc/arm-none-eabi/10.2.1/../../../../arm-none-eabi/lib/thumb/v7e-m+dp/hard\libnosys.a
LOAD ../../DaisySP//build\libdaisysp.a
LOAD c:/users/danst/documents/daisytoolchain-0.3.3/windows/bin/../lib/gcc/arm-none-eabi/10.2.1/../../../../arm-none-eabi/lib/thumb/v7e-m+dp/hard\libstdc++_nano.a
LOAD c:/users/danst/documents/daisytoolchain-0.3.3/windows/bin/../lib/gcc/arm-none-eabi/10.2.1/../../../../arm-none-eabi/lib/thumb/v7e-m+dp/hard\libm.a
LOAD c:/users/danst/documents/daisytoolchain-0.3.3/windows/bin/../lib/gcc/arm-none-eabi/10.2.1/../../../../arm-none-eabi/lib/thumb/v7e-m+dp/hard\libc_nano.a
START GROUP
LOAD c:/users/danst/documents/daisytoolchain-0.3.3/windows/bin/../lib/gcc/arm-none-eabi/10.2.1/thumb/v7e-m+dp/hard\libgcc.a
LOAD c:/users/danst/documents/daisytoolchain-0.3.3/windows/bin/../lib/gcc/arm-none-eabi/10.2.1/../../../../arm-none-eabi/lib/thumb/v7e-m+dp/hard\libc_nano.a
END GROUP
START GROUP
LOAD c:/users/danst/documents/daisytoolchain-0.3.3/windows/bin/../lib/gcc/arm-none-eabi/10.2.1/thumb/v7e-m+dp/hard\libgcc.a
LOAD c:/users/danst/documents/daisytoolchain-0.3.3/windows/bin/../lib/gcc/arm-none-eabi/10.2.1/../../../../arm-none-eabi/lib/thumb/v7e-m+dp/hard\libc_nano.a
LOAD c:/users/danst/documents/daisytoolchain-0.3.3/windows/bin/../lib/gcc/arm-none-eabi/10.2.1/../../../../arm-none-eabi/lib/thumb/v7e-m+dp/hard\libnosys.a
END GROUP
START GROUP
LOAD c:/users/danst/documents/daisytoolchain-0.3.3/windows/bin/../lib/gcc/arm-none-eabi/10.2.1/thumb/v7e-m+dp/hard\libgcc.a
LOAD c:/users/danst/documents/daisytoolchain-0.3.3/windows/bin/../lib/gcc/arm-none-eabi/10.2.1/../../../../arm-none-eabi/lib/thumb/v7e-m+dp/hard\libc_nano.a
LOAD c:/users/danst/documents/daisytoolchain-0.3.3/windows/bin/../lib/gcc/arm-none-eabi/10.2.1/../../../../arm-none-eabi/lib/thumb/v7e-m+dp/hard\libnosys.a
END GROUP
LOAD c:/users/danst/documents/daisytoolchain-0.3.3/windows/bin/../lib/gcc/arm-none-eabi/10.2.1/thumb/v7e-m+dp/hard/crtend.o
LOAD c:/users/danst/documents/daisytoolchain-0.3.3/windows/bin/../lib/gcc/arm-none-eabi/10.2.1/thumb/v7e-m+dp/hard/crtn.o
                0x20020000                _estack = 0x20020000

.isr_vector     0x08000000      0x298
                0x08000000                . = ALIGN (0x4)
 *(.isr_vector)
 .isr_vector    0x08000000      0x298 build/startup_stm32h750xx.o
                0x08000000                g_pfnVectors
                0x08000298                . = ALIGN (0x4)

.text           0x080002a0     0xf200
                0x080002a0                . = ALIGN (0x4)
                0x080002a0                _stext = .
 *(.text)
 .text          0x080002a0       0x40 c:/users/danst/documents/daisytoolchain-0.3.3/windows/bin/../lib/gcc/arm-none-eabi/10.2.1/thumb/v7e-m+dp/hard/crtbegin.o
 .text          0x080002e0       0xa0 c:/users/danst/documents/daisytoolchain-0.3.3/windows/bin/../lib/gcc/arm-none-eabi/10.2.1/../../../../arm-none-eabi/lib/thumb/v7e-m+dp/hard\libc_nano.a(lib_a-memchr.o)
                0x080002e0                memchr
 *(.text*)
 .text.Default_Handler
                0x08000380        0x4 build/startup_stm32h750xx.o
                0x08000380                RTC_Alarm_IRQHandler
                0x08000380                HASH_RNG_IRQHandler
                0x08000380                EXTI2_IRQHandler
                0x08000380                TIM8_CC_IRQHandler
                0x08000380                HRTIM1_Master_IRQHandler
                0x08000380                DebugMon_Handler
                0x08000380                UART8_IRQHandler
                0x08000380                SPI4_IRQHandler
                0x08000380                TIM1_CC_IRQHandler
                0x08000380                BDMA_Channel6_IRQHandler
                0x08000380                DMA2_Stream5_IRQHandler
                0x08000380                HRTIM1_FLT_IRQHandler
                0x08000380                JPEG_IRQHandler
                0x08000380                DMA1_Stream5_IRQHandler
                0x08000380                BDMA_Channel1_IRQHandler
                0x08000380                HRTIM1_TIMD_IRQHandler
                0x08000380                TAMP_STAMP_IRQHandler
                0x08000380                PendSV_Handler
                0x08000380                NMI_Handler
                0x08000380                EXTI3_IRQHandler
                0x08000380                LPTIM4_IRQHandler
                0x08000380                TIM8_TRG_COM_TIM14_IRQHandler
                0x08000380                LPTIM2_IRQHandler
                0x08000380                DFSDM1_FLT1_IRQHandler
                0x08000380                DMAMUX2_OVR_IRQHandler
                0x08000380                TIM8_UP_TIM13_IRQHandler
                0x08000380                I2C3_ER_IRQHandler
                0x08000380                DFSDM1_FLT2_IRQHandler
                0x08000380                MDMA_IRQHandler
                0x08000380                LPTIM3_IRQHandler
                0x08000380                HSEM1_IRQHandler
                0x08000380                EXTI0_IRQHandler
                0x08000380                DMA1_Stream2_IRQHandler
                0x08000380                FPU_IRQHandler
                0x08000380                OTG_HS_WKUP_IRQHandler
                0x08000380                FDCAN1_IT1_IRQHandler
                0x08000380                UsageFault_Handler
                0x08000380                LTDC_ER_IRQHandler
                0x08000380                HRTIM1_TIME_IRQHandler
                0x08000380                DCMI_IRQHandler
                0x08000380                HRTIM1_TIMC_IRQHandler
                0x08000380                SAI2_IRQHandler
                0x08000380                DFSDM1_FLT3_IRQHandler
                0x08000380                USART6_IRQHandler
                0x08000380                TIM17_IRQHandler
                0x08000380                USART3_IRQHandler
                0x08000380                CRYP_IRQHandler
                0x08000380                BDMA_Channel7_IRQHandler
                0x08000380                LPTIM5_IRQHandler
                0x08000380                UART5_IRQHandler
                0x08000380                ADC3_IRQHandler
                0x08000380                TIM4_IRQHandler
                0x08000380                BDMA_Channel2_IRQHandler
                0x08000380                DMAMUX1_OVR_IRQHandler
                0x08000380                TIM16_IRQHandler
                0x08000380                UART4_IRQHandler
                0x08000380                BDMA_Channel5_IRQHandler
                0x08000380                TIM3_IRQHandler
                0x08000380                RCC_IRQHandler
                0x08000380                TIM8_BRK_TIM12_IRQHandler
                0x08000380                TIM1_TRG_COM_IRQHandler
                0x08000380                Default_Handler
                0x08000380                ECC_IRQHandler
                0x08000380                CEC_IRQHandler
                0x08000380                EXTI15_10_IRQHandler
                0x08000380                BDMA_Channel0_IRQHandler
                0x08000380                ADC_IRQHandler
                0x08000380                DMA1_Stream7_IRQHandler
                0x08000380                HRTIM1_TIMA_IRQHandler
                0x08000380                SPI5_IRQHandler
                0x08000380                TIM7_IRQHandler
                0x08000380                SDMMC1_IRQHandler
                0x08000380                TIM5_IRQHandler
                0x08000380                DMA2_Stream7_IRQHandler
                0x08000380                TIM15_IRQHandler
                0x08000380                PVD_AVD_IRQHandler
                0x08000380                EXTI9_5_IRQHandler
                0x08000380                RTC_WKUP_IRQHandler
                0x08000380                LTDC_IRQHandler
                0x08000380                SAI3_IRQHandler
                0x08000380                ETH_WKUP_IRQHandler
                0x08000380                SPDIF_RX_IRQHandler
                0x08000380                SPI2_IRQHandler
                0x08000380                MemManage_Handler
                0x08000380                SVC_Handler
                0x08000380                CRS_IRQHandler
                0x08000380                EXTI4_IRQHandler
                0x08000380                HRTIM1_TIMB_IRQHandler
                0x08000380                FDCAN2_IT1_IRQHandler
                0x08000380                ETH_IRQHandler
                0x08000380                TIM1_UP_IRQHandler
                0x08000380                BDMA_Channel4_IRQHandler
                0x08000380                WWDG_IRQHandler
                0x08000380                SPI6_IRQHandler
                0x08000380                I2C4_EV_IRQHandler
                0x08000380                MDIOS_IRQHandler
                0x08000380                FDCAN2_IT0_IRQHandler
                0x08000380                LPUART1_IRQHandler
                0x08000380                FDCAN1_IT0_IRQHandler
                0x08000380                TIM2_IRQHandler
                0x08000380                OTG_FS_WKUP_IRQHandler
                0x08000380                DMA2D_IRQHandler
                0x08000380                TIM1_BRK_IRQHandler
                0x08000380                EXTI1_IRQHandler
                0x08000380                SDMMC2_IRQHandler
                0x08000380                BDMA_Channel3_IRQHandler
                0x08000380                UART7_IRQHandler
                0x08000380                MDIOS_WKUP_IRQHandler
                0x08000380                USART2_IRQHandler
                0x08000380                DFSDM1_FLT0_IRQHandler
                0x08000380                SAI4_IRQHandler
                0x08000380                I2C2_ER_IRQHandler
                0x08000380                FLASH_IRQHandler
                0x08000380                DMA2_Stream4_IRQHandler
                0x08000380                BusFault_Handler
                0x08000380                USART1_IRQHandler
                0x08000380                SPI3_IRQHandler
                0x08000380                WAKEUP_PIN_IRQHandler
                0x08000380                I2C1_ER_IRQHandler
                0x08000380                FMC_IRQHandler
                0x08000380                FDCAN_CAL_IRQHandler
                0x08000380                SWPMI1_IRQHandler
                0x08000380                COMP1_IRQHandler
                0x08000380                LPTIM1_IRQHandler
                0x08000380                I2C4_ER_IRQHandler
                0x08000380                DMA2_Stream6_IRQHandler
                0x08000380                SAI1_IRQHandler
 .text.Reset_Handler
                0x08000384       0x44 build/startup_stm32h750xx.o
                0x08000384                Reset_Handler
 .text._ZN5daisy6SwitchD2Ev
                0x080003c8        0x4 build/2cock.o
                0x080003c8                daisy::Switch::~Switch()
                0x080003c8                daisy::Switch::~Switch()
 .text._ZN5daisy9DaisySeedD2Ev
                0x080003cc        0x4 build/2cock.o
                0x080003cc                daisy::DaisySeed::~DaisySeed()
                0x080003cc                daisy::DaisySeed::~DaisySeed()
 .text._ZN7daisysp4AdsrD2Ev
                0x080003d0        0x4 build/2cock.o
                0x080003d0                daisysp::Adsr::~Adsr()
                0x080003d0                daisysp::Adsr::~Adsr()
 *fill*         0x080003d4        0x4 
 .text._Z9handleDacPPtj
                0x080003d8       0x64 build/2cock.o
                0x080003d8                handleDac(unsigned short**, unsigned int)
 *fill*         0x0800043c        0x4 
 .text.startup.main
                0x08000440      0x198 build/2cock.o
                0x08000440                main
 .text.startup._GLOBAL__sub_I_hw
                0x080005d8       0x68 build/2cock.o
 .text._ZN5daisy9DaisySeed6GetPinEh
                0x08000640       0x2c ../../libDaisy//build\libdaisy.a(daisy_seed.o)
                0x08000640                daisy::DaisySeed::GetPin(unsigned char)
 .text._ZN5daisy9DaisySeed14ConfigureAudioEv
                0x0800066c       0xd0 ../../libDaisy//build\libdaisy.a(daisy_seed.o)
                0x0800066c                daisy::DaisySeed::ConfigureAudio()
 .text._ZN5daisy9DaisySeed4InitEb
                0x0800073c       0xf0 ../../libDaisy//build\libdaisy.a(daisy_seed.o)
                0x0800073c                daisy::DaisySeed::Init(bool)
 .text._ZN5daisy6Ak45564InitE12dsy_gpio_pin
                0x0800082c       0x44 ../../libDaisy//build\libdaisy.a(codec_ak4556.o)
                0x0800082c                daisy::Ak4556::Init(dsy_gpio_pin)
 .text._ZN5daisy6Wm873120WriteControlRegisterEht
                0x08000870       0x3c ../../libDaisy//build\libdaisy.a(codec_wm8731.o)
                0x08000870                daisy::Wm8731::WriteControlRegister(unsigned char, unsigned short)
 .text._ZN5daisy6Wm87314InitERKNS0_6ConfigENS_9I2CHandleE
                0x080008ac      0x1bc ../../libDaisy//build\libdaisy.a(codec_wm8731.o)
                0x080008ac                daisy::Wm8731::Init(daisy::Wm8731::Config const&, daisy::I2CHandle)
 .text._ZN11SdramHandle10DeviceInitEv
                0x08000a68       0x98 ../../libDaisy//build\libdaisy.a(sdram.o)
                0x08000a68                SdramHandle::DeviceInit()
 .text._ZN11SdramHandle4InitEv
                0x08000b00       0x7c ../../libDaisy//build\libdaisy.a(sdram.o)
                0x08000b00                SdramHandle::Init()
 .text.HAL_SDRAM_MspInit
                0x08000b7c      0x1a8 ../../libDaisy//build\libdaisy.a(sdram.o)
                0x08000b7c                HAL_SDRAM_MspInit
 .text._ZN5daisy11AudioHandle4InitERKNS0_6ConfigENS_9SaiHandleE
                0x08000d24       0x64 ../../libDaisy//build\libdaisy.a(audio.o)
                0x08000d24                daisy::AudioHandle::Init(daisy::AudioHandle::Config const&, daisy::SaiHandle)
 .text._ZNK5daisy11AudioHandle9GetConfigEv
                0x08000d88        0x8 ../../libDaisy//build\libdaisy.a(audio.o)
                0x08000d88                daisy::AudioHandle::GetConfig() const
 .text._ZN5daisy11AudioHandle13GetSampleRateEv
                0x08000d90        0x8 ../../libDaisy//build\libdaisy.a(audio.o)
                0x08000d90                daisy::AudioHandle::GetSampleRate()
 .text.startup._GLOBAL__sub_I__ZN5daisy11AudioHandle4Impl4InitENS0_6ConfigENS_9SaiHandleE
                0x08000d98       0x10 ../../libDaisy//build\libdaisy.a(audio.o)
 .text._ZN5daisy9UsbHandleD2Ev
                0x08000da8        0x4 ../../libDaisy//build\libdaisy.a(logger.o)
                0x08000da8                daisy::UsbHandle::~UsbHandle()
                0x08000da8                daisy::UsbHandle::~UsbHandle()
 .text._ZN5daisy6LoggerILNS_17LoggerDestinationE1EE11TransmitBufEv
                0x08000dac       0x60 ../../libDaisy//build\libdaisy.a(logger.o)
                0x08000dac                daisy::Logger<(daisy::LoggerDestination)1>::TransmitBuf()
 .text._ZN5daisy6LoggerILNS_17LoggerDestinationE1EE6PrintVEPKcSt9__va_list
                0x08000e0c       0x2c ../../libDaisy//build\libdaisy.a(logger.o)
                0x08000e0c                daisy::Logger<(daisy::LoggerDestination)1>::PrintV(char const*, std::__va_list)
 .text._ZN5daisy6LoggerILNS_17LoggerDestinationE1EE5PrintEPKcz
                0x08000e38       0x1c ../../libDaisy//build\libdaisy.a(logger.o)
                0x08000e38                daisy::Logger<(daisy::LoggerDestination)1>::Print(char const*, ...)
 .text._ZN5daisy6LoggerILNS_17LoggerDestinationE1EE13AppendNewLineEv
                0x08000e54       0x60 ../../libDaisy//build\libdaisy.a(logger.o)
                0x08000e54                daisy::Logger<(daisy::LoggerDestination)1>::AppendNewLine()
 .text._ZN5daisy6LoggerILNS_17LoggerDestinationE1EE10PrintLineVEPKcSt9__va_list
                0x08000eb4       0x30 ../../libDaisy//build\libdaisy.a(logger.o)
                0x08000eb4                daisy::Logger<(daisy::LoggerDestination)1>::PrintLineV(char const*, std::__va_list)
 .text._ZN5daisy6LoggerILNS_17LoggerDestinationE1EE9PrintLineEPKcz
                0x08000ee4       0x1c ../../libDaisy//build\libdaisy.a(logger.o)
                0x08000ee4                daisy::Logger<(daisy::LoggerDestination)1>::PrintLine(char const*, ...)
 .text._ZN5daisy6LoggerILNS_17LoggerDestinationE1EE8StartLogEb
                0x08000f00       0x40 ../../libDaisy//build\libdaisy.a(logger.o)
                0x08000f00                daisy::Logger<(daisy::LoggerDestination)1>::StartLog(bool)
 .text.startup._GLOBAL__sub_I__ZN5daisy10LoggerImplILNS_17LoggerDestinationE1EE11usb_handle_E
                0x08000f40       0x2c ../../libDaisy//build\libdaisy.a(logger.o)
 .text._ZN5daisy6Switch4InitE12dsy_gpio_pinf
                0x08000f6c       0x34 ../../libDaisy//build\libdaisy.a(switch.o)
                0x08000f6c                daisy::Switch::Init(dsy_gpio_pin, float)
 .text._ZN5daisy6Switch8DebounceEv
                0x08000fa0       0x5c ../../libDaisy//build\libdaisy.a(switch.o)
                0x08000fa0                daisy::Switch::Debounce()
 .text.DummyRxCallback
                0x08000ffc        0x4 ../../libDaisy//build\libdaisy.a(usb.o)
                0x08000ffc                DummyRxCallback
 .text._ZN5daisy9UsbHandle4InitENS0_9UsbPeriphE
                0x08001000      0x10c ../../libDaisy//build\libdaisy.a(usb.o)
                0x08001000                daisy::UsbHandle::Init(daisy::UsbHandle::UsbPeriph)
 .text._ZN5daisy9UsbHandle16TransmitInternalEPhj
                0x0800110c       0x14 ../../libDaisy//build\libdaisy.a(usb.o)
                0x0800110c                daisy::UsbHandle::TransmitInternal(unsigned char*, unsigned int)
 .text.OTG_FS_EP1_OUT_IRQHandler
                0x08001120        0xc ../../libDaisy//build\libdaisy.a(usb.o)
                0x08001120                OTG_FS_EP1_OUT_IRQHandler
 .text.OTG_FS_EP1_IN_IRQHandler
                0x0800112c        0xc ../../libDaisy//build\libdaisy.a(usb.o)
                0x0800112c                OTG_FS_EP1_IN_IRQHandler
 .text.OTG_FS_IRQHandler
                0x08001138        0xc ../../libDaisy//build\libdaisy.a(usb.o)
                0x08001138                OTG_FS_IRQHandler
 .text.HAL_DAC_MspInit
                0x08001144      0x15c ../../libDaisy//build\libdaisy.a(dac.o)
                0x08001144                HAL_DAC_MspInit
 .text.DMA2_Stream0_IRQHandler
                0x080012a0        0xc ../../libDaisy//build\libdaisy.a(dac.o)
                0x080012a0                DMA2_Stream0_IRQHandler
 .text.DMA2_Stream1_IRQHandler
                0x080012ac        0xc ../../libDaisy//build\libdaisy.a(dac.o)
                0x080012ac                DMA2_Stream1_IRQHandler
 .text.TIM6_DAC_IRQHandler
                0x080012b8       0x1c ../../libDaisy//build\libdaisy.a(dac.o)
                0x080012b8                TIM6_DAC_IRQHandler
 .text.HAL_DAC_ConvCpltCallbackCh1
                0x080012d4       0x60 ../../libDaisy//build\libdaisy.a(dac.o)
                0x080012d4                HAL_DAC_ConvCpltCallbackCh1
 .text.HAL_DAC_ConvHalfCpltCallbackCh1
                0x08001334       0x54 ../../libDaisy//build\libdaisy.a(dac.o)
                0x08001334                HAL_DAC_ConvHalfCpltCallbackCh1
 .text.HAL_DACEx_ConvHalfCpltCallbackCh2
                0x08001388       0x2c ../../libDaisy//build\libdaisy.a(dac.o)
                0x08001388                HAL_DACEx_ConvHalfCpltCallbackCh2
 .text.HAL_DACEx_ConvCpltCallbackCh2
                0x080013b4       0x34 ../../libDaisy//build\libdaisy.a(dac.o)
                0x080013b4                HAL_DACEx_ConvCpltCallbackCh2
 .text._ZN5daisy9DacHandle4InitERKNS0_6ConfigE
                0x080013e8       0xfc ../../libDaisy//build\libdaisy.a(dac.o)
                0x080013e8                daisy::DacHandle::Init(daisy::DacHandle::Config const&)
 .text._ZN5daisy9DacHandle5StartEPtjPFvPS1_jE
                0x080014e4       0x58 ../../libDaisy//build\libdaisy.a(dac.o)
                0x080014e4                daisy::DacHandle::Start(unsigned short*, unsigned int, void (*)(unsigned short**, unsigned int))
 .text.dsy_gpio_init
                0x0800153c      0x1b8 ../../libDaisy//build\libdaisy.a(gpio.o)
                0x0800153c                dsy_gpio_init
 .text.dsy_gpio_read
                0x080016f4       0x1c ../../libDaisy//build\libdaisy.a(gpio.o)
                0x080016f4                dsy_gpio_read
 .text.dsy_gpio_write
                0x08001710       0x24 ../../libDaisy//build\libdaisy.a(gpio.o)
                0x08001710                dsy_gpio_write
 .text._ZN5daisy9I2CHandle4Impl8InitPinsEv
                0x08001734       0x58 ../../libDaisy//build\libdaisy.a(i2c.o)
                0x08001734                daisy::I2CHandle::Impl::InitPins()
 .text.HAL_I2C_MspInit
                0x0800178c      0x1b4 ../../libDaisy//build\libdaisy.a(i2c.o)
                0x0800178c                HAL_I2C_MspInit
 .text.dsy_i2c_global_init
                0x08001940       0x78 ../../libDaisy//build\libdaisy.a(i2c.o)
                0x08001940                dsy_i2c_global_init
 .text.DMA1_Stream6_IRQHandler
                0x080019b8       0x34 ../../libDaisy//build\libdaisy.a(i2c.o)
                0x080019b8                DMA1_Stream6_IRQHandler
 .text.I2C1_EV_IRQHandler
                0x080019ec        0xc ../../libDaisy//build\libdaisy.a(i2c.o)
                0x080019ec                I2C1_EV_IRQHandler
 .text.I2C2_EV_IRQHandler
                0x080019f8        0xc ../../libDaisy//build\libdaisy.a(i2c.o)
                0x080019f8                I2C2_EV_IRQHandler
 .text.I2C3_EV_IRQHandler
                0x08001a04        0xc ../../libDaisy//build\libdaisy.a(i2c.o)
                0x08001a04                I2C3_EV_IRQHandler
 .text._ZN5daisy9I2CHandle4InitERKNS0_6ConfigE
                0x08001a10      0x12c ../../libDaisy//build\libdaisy.a(i2c.o)
                0x08001a10                daisy::I2CHandle::Init(daisy::I2CHandle::Config const&)
 .text._ZN5daisy9I2CHandle16TransmitBlockingEtPhtm
                0x08001b3c       0x50 ../../libDaisy//build\libdaisy.a(i2c.o)
                0x08001b3c                daisy::I2CHandle::TransmitBlocking(unsigned short, unsigned char*, unsigned short, unsigned long)
 .text.startup._GLOBAL__sub_I__ZN5daisy9I2CHandle4Impl10GlobalInitEv
                0x08001b8c       0x18 ../../libDaisy//build\libdaisy.a(i2c.o)
 .text._ZN5daisy10QSPIHandle4Impl11WriteEnableEv
                0x08001ba4       0x8c ../../libDaisy//build\libdaisy.a(qspi.o)
                0x08001ba4                daisy::QSPIHandle::Impl::WriteEnable()
 .text._ZN5daisy10QSPIHandle4Impl17DummyCyclesConfigENS0_6Config6DeviceE
                0x08001c30      0x118 ../../libDaisy//build\libdaisy.a(qspi.o)
                0x08001c30                daisy::QSPIHandle::Impl::DummyCyclesConfig(daisy::QSPIHandle::Config::Device)
 .text._ZN5daisy10QSPIHandle4Impl10QuadEnableEv
                0x08001d48      0x158 ../../libDaisy//build\libdaisy.a(qspi.o)
                0x08001d48                daisy::QSPIHandle::Impl::QuadEnable()
 .text._ZN5daisy10QSPIHandle4InitERKNS0_6ConfigE
                0x08001ea0      0x198 ../../libDaisy//build\libdaisy.a(qspi.o)
                0x08001ea0                daisy::QSPIHandle::Init(daisy::QSPIHandle::Config const&)
 .text.HAL_QSPI_MspInit
                0x08002038      0x11c ../../libDaisy//build\libdaisy.a(qspi.o)
                0x08002038                HAL_QSPI_MspInit
 .text.HAL_QSPI_MspDeInit
                0x08002154       0x54 ../../libDaisy//build\libdaisy.a(qspi.o)
                0x08002154                HAL_QSPI_MspDeInit
 .text.QUADSPI_IRQHandler
                0x080021a8        0xc ../../libDaisy//build\libdaisy.a(qspi.o)
                0x080021a8                QUADSPI_IRQHandler
 .text.startup._GLOBAL__sub_I__ZN5daisy10QSPIHandle4Impl4InitERKNS0_6ConfigE
                0x080021b4       0x28 ../../libDaisy//build\libdaisy.a(qspi.o)
 .text._ZN5daisy9SaiHandle4Impl7InitDmaENS1_15PeripheralBlockE
                0x080021dc       0xa0 ../../libDaisy//build\libdaisy.a(sai.o)
                0x080021dc                daisy::SaiHandle::Impl::InitDma(daisy::SaiHandle::Impl::PeripheralBlock)
 .text._ZN5daisy9SaiHandle4Impl8InitPinsEv
                0x0800227c       0xa8 ../../libDaisy//build\libdaisy.a(sai.o)
                0x0800227c                daisy::SaiHandle::Impl::InitPins()
 .text.HAL_SAI_MspInit
                0x08002324      0x164 ../../libDaisy//build\libdaisy.a(sai.o)
                0x08002324                HAL_SAI_MspInit
 .text.DMA1_Stream0_IRQHandler
                0x08002488        0xc ../../libDaisy//build\libdaisy.a(sai.o)
                0x08002488                DMA1_Stream0_IRQHandler
 .text.DMA1_Stream1_IRQHandler
                0x08002494        0xc ../../libDaisy//build\libdaisy.a(sai.o)
                0x08002494                DMA1_Stream1_IRQHandler
 .text.DMA1_Stream3_IRQHandler
                0x080024a0        0xc ../../libDaisy//build\libdaisy.a(sai.o)
                0x080024a0                DMA1_Stream3_IRQHandler
 .text.DMA1_Stream4_IRQHandler
                0x080024ac        0xc ../../libDaisy//build\libdaisy.a(sai.o)
                0x080024ac                DMA1_Stream4_IRQHandler
 .text._ZN5daisy9SaiHandle4InitERKNS0_6ConfigE
                0x080024b8      0x1f0 ../../libDaisy//build\libdaisy.a(sai.o)
                0x080024b8                daisy::SaiHandle::Init(daisy::SaiHandle::Config const&)
 .text._ZNK5daisy9SaiHandle9GetConfigEv
                0x080026a8        0x4 ../../libDaisy//build\libdaisy.a(sai.o)
                0x080026a8                daisy::SaiHandle::GetConfig() const
 .text._ZN5daisy9SaiHandle13GetSampleRateEv
                0x080026ac       0x24 ../../libDaisy//build\libdaisy.a(sai.o)
                0x080026ac                daisy::SaiHandle::GetSampleRate()
 .text._ZN5daisy11TimerHandleD2Ev
                0x080026d0        0x4 ../../libDaisy//build\libdaisy.a(system.o)
                0x080026d0                daisy::TimerHandle::~TimerHandle()
                0x080026d0                daisy::TimerHandle::~TimerHandle()
 .text.SysTick_Handler
                0x080026d4       0x10 ../../libDaisy//build\libdaisy.a(system.o)
                0x080026d4                SysTick_Handler
 .text.OTG_HS_EP1_OUT_IRQHandler
                0x080026e4       0x24 ../../libDaisy//build\libdaisy.a(system.o)
                0x080026e4                OTG_HS_EP1_OUT_IRQHandler
 .text.OTG_HS_EP1_IN_IRQHandler
                0x08002708       0x24 ../../libDaisy//build\libdaisy.a(system.o)
                0x08002708                OTG_HS_EP1_IN_IRQHandler
 .text.OTG_HS_IRQHandler
                0x0800272c       0x24 ../../libDaisy//build\libdaisy.a(system.o)
                0x0800272c                OTG_HS_IRQHandler
 .text.HardFault_Handler
                0x08002750       0xe0 ../../libDaisy//build\libdaisy.a(system.o)
                0x08002750                HardFault_Handler
 .text._ZN5daisy6System6GetNowEv
                0x08002830        0x4 ../../libDaisy//build\libdaisy.a(system.o)
                0x08002830                daisy::System::GetNow()
 .text._ZN5daisy6System5DelayEm
                0x08002834        0x4 ../../libDaisy//build\libdaisy.a(system.o)
                0x08002834                daisy::System::Delay(unsigned long)
 .text._ZN5daisy6System15ConfigureClocksEv
                0x08002838      0x194 ../../libDaisy//build\libdaisy.a(system.o)
                0x08002838                daisy::System::ConfigureClocks()
 .text._ZN5daisy6System4InitERKNS0_6ConfigE
                0x080029cc      0x12c ../../libDaisy//build\libdaisy.a(system.o)
                0x080029cc                daisy::System::Init(daisy::System::Config const&)
 .text._ZN5daisy6System12GetPClk1FreqEv
                0x08002af8        0x4 ../../libDaisy//build\libdaisy.a(system.o)
                0x08002af8                daisy::System::GetPClk1Freq()
 .text._ZN5daisy6System12GetPClk2FreqEv
                0x08002afc        0x4 ../../libDaisy//build\libdaisy.a(system.o)
                0x08002afc                daisy::System::GetPClk2Freq()
 .text._ZN5daisy6System22GetProgramMemoryRegionEv
                0x08002b00       0x78 ../../libDaisy//build\libdaisy.a(system.o)
                0x08002b00                daisy::System::GetProgramMemoryRegion()
 .text.startup._GLOBAL__sub_I_SysTick_Handler
                0x08002b78       0x1c ../../libDaisy//build\libdaisy.a(system.o)
 .text.SystemInit
                0x08002b94       0x9c ../../libDaisy//build\libdaisy.a(system_stm32h7xx.o)
                0x08002b94                SystemInit
 .text.dummy_rx_callback
                0x08002c30        0x4 ../../libDaisy//build\libdaisy.a(usbd_cdc_if.o)
                0x08002c30                dummy_rx_callback
 .text.CDC_DeInit_FS
                0x08002c34        0x4 ../../libDaisy//build\libdaisy.a(usbd_cdc_if.o)
 .text.CDC_Receive_FS
                0x08002c38       0x2c ../../libDaisy//build\libdaisy.a(usbd_cdc_if.o)
 .text.CDC_Receive_HS
                0x08002c64       0x2c ../../libDaisy//build\libdaisy.a(usbd_cdc_if.o)
 .text.CDC_Init_FS
                0x08002c90       0x3c ../../libDaisy//build\libdaisy.a(usbd_cdc_if.o)
 .text.CDC_Init_HS
                0x08002ccc       0x3c ../../libDaisy//build\libdaisy.a(usbd_cdc_if.o)
 .text.CDC_Control_FS
                0x08002d08       0x34 ../../libDaisy//build\libdaisy.a(usbd_cdc_if.o)
 .text.CDC_Control_HS
                0x08002d3c       0x34 ../../libDaisy//build\libdaisy.a(usbd_cdc_if.o)
 .text.CDC_DeInit_HS
                0x08002d70        0x4 ../../libDaisy//build\libdaisy.a(usbd_cdc_if.o)
 .text.CDC_Transmit_FS
                0x08002d74       0x2c ../../libDaisy//build\libdaisy.a(usbd_cdc_if.o)
                0x08002d74                CDC_Transmit_FS
 .text.HAL_PCD_MspInit
                0x08002da0      0x144 ../../libDaisy//build\libdaisy.a(usbd_conf.o)
                0x08002da0                HAL_PCD_MspInit
 .text.HAL_PCD_SetupStageCallback
                0x08002ee4        0xc ../../libDaisy//build\libdaisy.a(usbd_conf.o)
                0x08002ee4                HAL_PCD_SetupStageCallback
 .text.HAL_PCD_DataOutStageCallback
                0x08002ef0       0x14 ../../libDaisy//build\libdaisy.a(usbd_conf.o)
                0x08002ef0                HAL_PCD_DataOutStageCallback
 .text.HAL_PCD_DataInStageCallback
                0x08002f04       0x14 ../../libDaisy//build\libdaisy.a(usbd_conf.o)
                0x08002f04                HAL_PCD_DataInStageCallback
 .text.HAL_PCD_SOFCallback
                0x08002f18        0x8 ../../libDaisy//build\libdaisy.a(usbd_conf.o)
                0x08002f18                HAL_PCD_SOFCallback
 .text.HAL_PCD_ResetCallback
                0x08002f20       0x24 ../../libDaisy//build\libdaisy.a(usbd_conf.o)
                0x08002f20                HAL_PCD_ResetCallback
 .text.HAL_PCD_SuspendCallback
                0x08002f44       0x30 ../../libDaisy//build\libdaisy.a(usbd_conf.o)
                0x08002f44                HAL_PCD_SuspendCallback
 .text.HAL_PCD_ResumeCallback
                0x08002f74        0x8 ../../libDaisy//build\libdaisy.a(usbd_conf.o)
                0x08002f74                HAL_PCD_ResumeCallback
 .text.HAL_PCD_ISOOUTIncompleteCallback
                0x08002f7c        0x8 ../../libDaisy//build\libdaisy.a(usbd_conf.o)
                0x08002f7c                HAL_PCD_ISOOUTIncompleteCallback
 .text.HAL_PCD_ISOINIncompleteCallback
                0x08002f84        0x8 ../../libDaisy//build\libdaisy.a(usbd_conf.o)
                0x08002f84                HAL_PCD_ISOINIncompleteCallback
 .text.HAL_PCD_ConnectCallback
                0x08002f8c        0x8 ../../libDaisy//build\libdaisy.a(usbd_conf.o)
                0x08002f8c                HAL_PCD_ConnectCallback
 .text.HAL_PCD_DisconnectCallback
                0x08002f94        0x8 ../../libDaisy//build\libdaisy.a(usbd_conf.o)
                0x08002f94                HAL_PCD_DisconnectCallback
 .text.USBD_LL_Init
                0x08002f9c       0xe4 ../../libDaisy//build\libdaisy.a(usbd_conf.o)
                0x08002f9c                USBD_LL_Init
 .text.USBD_LL_Start
                0x08003080       0x1c ../../libDaisy//build\libdaisy.a(usbd_conf.o)
                0x08003080                USBD_LL_Start
 .text.USBD_LL_OpenEP
                0x0800309c       0x24 ../../libDaisy//build\libdaisy.a(usbd_conf.o)
                0x0800309c                USBD_LL_OpenEP
 .text.USBD_LL_CloseEP
                0x080030c0       0x1c ../../libDaisy//build\libdaisy.a(usbd_conf.o)
                0x080030c0                USBD_LL_CloseEP
 .text.USBD_LL_StallEP
                0x080030dc       0x1c ../../libDaisy//build\libdaisy.a(usbd_conf.o)
                0x080030dc                USBD_LL_StallEP
 .text.USBD_LL_ClearStallEP
                0x080030f8       0x1c ../../libDaisy//build\libdaisy.a(usbd_conf.o)
                0x080030f8                USBD_LL_ClearStallEP
 .text.USBD_LL_IsStallEP
                0x08003114       0x28 ../../libDaisy//build\libdaisy.a(usbd_conf.o)
                0x08003114                USBD_LL_IsStallEP
 .text.USBD_LL_SetUSBAddress
                0x0800313c       0x1c ../../libDaisy//build\libdaisy.a(usbd_conf.o)
                0x0800313c                USBD_LL_SetUSBAddress
 .text.USBD_LL_Transmit
                0x08003158       0x1c ../../libDaisy//build\libdaisy.a(usbd_conf.o)
                0x08003158                USBD_LL_Transmit
 .text.USBD_LL_PrepareReceive
                0x08003174       0x1c ../../libDaisy//build\libdaisy.a(usbd_conf.o)
                0x08003174                USBD_LL_PrepareReceive
 .text.USBD_LL_GetRxDataSize
                0x08003190        0x8 ../../libDaisy//build\libdaisy.a(usbd_conf.o)
                0x08003190                USBD_LL_GetRxDataSize
 .text.USBD_HS_DeviceDescriptor
                0x08003198        0xc ../../libDaisy//build\libdaisy.a(usbd_desc.o)
                0x08003198                USBD_HS_DeviceDescriptor
 .text.USBD_FS_DeviceDescriptor
                0x080031a4        0xc ../../libDaisy//build\libdaisy.a(usbd_desc.o)
                0x080031a4                USBD_FS_DeviceDescriptor
 .text.USBD_FS_LangIDStrDescriptor
                0x080031b0        0xc ../../libDaisy//build\libdaisy.a(usbd_desc.o)
                0x080031b0                USBD_FS_LangIDStrDescriptor
 .text.USBD_FS_ManufacturerStrDescriptor
                0x080031bc       0x1c ../../libDaisy//build\libdaisy.a(usbd_desc.o)
                0x080031bc                USBD_FS_ManufacturerStrDescriptor
 .text.USBD_HS_ProductStrDescriptor
                0x080031d8       0x1c ../../libDaisy//build\libdaisy.a(usbd_desc.o)
                0x080031d8                USBD_HS_ProductStrDescriptor
 .text.USBD_FS_ConfigStrDescriptor
                0x080031f4       0x1c ../../libDaisy//build\libdaisy.a(usbd_desc.o)
                0x080031f4                USBD_FS_ConfigStrDescriptor
 .text.USBD_FS_InterfaceStrDescriptor
                0x08003210       0x1c ../../libDaisy//build\libdaisy.a(usbd_desc.o)
                0x08003210                USBD_FS_InterfaceStrDescriptor
 .text.USBD_FS_ProductStrDescriptor
                0x0800322c       0x1c ../../libDaisy//build\libdaisy.a(usbd_desc.o)
                0x0800322c                USBD_FS_ProductStrDescriptor
 .text.USBD_HS_LangIDStrDescriptor
                0x08003248        0xc ../../libDaisy//build\libdaisy.a(usbd_desc.o)
                0x08003248                USBD_HS_LangIDStrDescriptor
 .text.USBD_HS_ManufacturerStrDescriptor
                0x08003254       0x1c ../../libDaisy//build\libdaisy.a(usbd_desc.o)
                0x08003254                USBD_HS_ManufacturerStrDescriptor
 .text.USBD_FS_SerialStrDescriptor
                0x08003270      0x124 ../../libDaisy//build\libdaisy.a(usbd_desc.o)
                0x08003270                USBD_FS_SerialStrDescriptor
 .text.USBD_HS_SerialStrDescriptor
                0x08003394      0x124 ../../libDaisy//build\libdaisy.a(usbd_desc.o)
                0x08003394                USBD_HS_SerialStrDescriptor
 .text.USBD_HS_InterfaceStrDescriptor
                0x080034b8       0x1c ../../libDaisy//build\libdaisy.a(usbd_desc.o)
                0x080034b8                USBD_HS_InterfaceStrDescriptor
 .text.USBD_HS_ConfigStrDescriptor
                0x080034d4       0x1c ../../libDaisy//build\libdaisy.a(usbd_desc.o)
                0x080034d4                USBD_HS_ConfigStrDescriptor
 .text.HAL_HCD_SOF_Callback
                0x080034f0        0x8 ../../libDaisy//build\libdaisy.a(usbh_conf.o)
                0x080034f0                HAL_HCD_SOF_Callback
 .text.HAL_HCD_Connect_Callback
                0x080034f8        0x8 ../../libDaisy//build\libdaisy.a(usbh_conf.o)
                0x080034f8                HAL_HCD_Connect_Callback
 .text.HAL_HCD_Disconnect_Callback
                0x08003500        0x8 ../../libDaisy//build\libdaisy.a(usbh_conf.o)
                0x08003500                HAL_HCD_Disconnect_Callback
 .text.HAL_HCD_HC_NotifyURBChange_Callback
                0x08003508        0x4 ../../libDaisy//build\libdaisy.a(usbh_conf.o)
                0x08003508                HAL_HCD_HC_NotifyURBChange_Callback
 .text.HAL_HCD_PortEnabled_Callback
                0x0800350c        0x8 ../../libDaisy//build\libdaisy.a(usbh_conf.o)
                0x0800350c                HAL_HCD_PortEnabled_Callback
 .text.HAL_HCD_PortDisabled_Callback
                0x08003514        0x8 ../../libDaisy//build\libdaisy.a(usbh_conf.o)
                0x08003514                HAL_HCD_PortDisabled_Callback
 .text.USBH_LL_Stop
                0x0800351c       0x1c ../../libDaisy//build\libdaisy.a(usbh_conf.o)
                0x0800351c                USBH_LL_Stop
 .text.dsy_hal_map_get_port
                0x08003538       0x10 ../../libDaisy//build\libdaisy.a(hal_map.o)
                0x08003538                dsy_hal_map_get_port
 .text.dsy_hal_map_get_pin
                0x08003548       0x10 ../../libDaisy//build\libdaisy.a(hal_map.o)
                0x08003548                dsy_hal_map_get_pin
 .text.dsy_hal_map_gpio_clk_enable
                0x08003558      0x150 ../../libDaisy//build\libdaisy.a(hal_map.o)
                0x08003558                dsy_hal_map_gpio_clk_enable
 .text.HAL_MspInit
                0x080036a8        0x4 ../../libDaisy//build\libdaisy.a(stm32h7xx_hal.o)
                0x080036a8                HAL_MspInit
 .text.HAL_InitTick
                0x080036ac       0x4c ../../libDaisy//build\libdaisy.a(stm32h7xx_hal.o)
                0x080036ac                HAL_InitTick
 .text.HAL_Init
                0x080036f8       0x60 ../../libDaisy//build\libdaisy.a(stm32h7xx_hal.o)
                0x080036f8                HAL_Init
 .text.HAL_IncTick
                0x08003758       0x18 ../../libDaisy//build\libdaisy.a(stm32h7xx_hal.o)
                0x08003758                HAL_IncTick
 .text.HAL_GetTick
                0x08003770        0xc ../../libDaisy//build\libdaisy.a(stm32h7xx_hal.o)
                0x08003770                HAL_GetTick
 .text.HAL_Delay
                0x0800377c       0x24 ../../libDaisy//build\libdaisy.a(stm32h7xx_hal.o)
                0x0800377c                HAL_Delay
 .text.HAL_GetREVID
                0x080037a0        0xc ../../libDaisy//build\libdaisy.a(stm32h7xx_hal.o)
                0x080037a0                HAL_GetREVID
 .text.HAL_NVIC_SetPriorityGrouping
                0x080037ac       0x24 ../../libDaisy//build\libdaisy.a(stm32h7xx_hal_cortex.o)
                0x080037ac                HAL_NVIC_SetPriorityGrouping
 .text.HAL_NVIC_SetPriority
                0x080037d0       0x7c ../../libDaisy//build\libdaisy.a(stm32h7xx_hal_cortex.o)
                0x080037d0                HAL_NVIC_SetPriority
 .text.HAL_NVIC_EnableIRQ
                0x0800384c       0x1c ../../libDaisy//build\libdaisy.a(stm32h7xx_hal_cortex.o)
                0x0800384c                HAL_NVIC_EnableIRQ
 .text.HAL_NVIC_DisableIRQ
                0x08003868       0x28 ../../libDaisy//build\libdaisy.a(stm32h7xx_hal_cortex.o)
                0x08003868                HAL_NVIC_DisableIRQ
 .text.HAL_SYSTICK_Config
                0x08003890       0x2c ../../libDaisy//build\libdaisy.a(stm32h7xx_hal_cortex.o)
                0x08003890                HAL_SYSTICK_Config
 .text.HAL_MPU_Disable
                0x080038bc       0x1c ../../libDaisy//build\libdaisy.a(stm32h7xx_hal_cortex.o)
                0x080038bc                HAL_MPU_Disable
 .text.HAL_MPU_Enable
                0x080038d8       0x20 ../../libDaisy//build\libdaisy.a(stm32h7xx_hal_cortex.o)
                0x080038d8                HAL_MPU_Enable
 .text.HAL_MPU_ConfigRegion
                0x080038f8       0x64 ../../libDaisy//build\libdaisy.a(stm32h7xx_hal_cortex.o)
                0x080038f8                HAL_MPU_ConfigRegion
 .text.HAL_SYSTICK_Callback
                0x0800395c        0x4 ../../libDaisy//build\libdaisy.a(stm32h7xx_hal_cortex.o)
                0x0800395c                HAL_SYSTICK_Callback
 .text.HAL_SYSTICK_IRQHandler
                0x08003960        0x8 ../../libDaisy//build\libdaisy.a(stm32h7xx_hal_cortex.o)
                0x08003960                HAL_SYSTICK_IRQHandler
 .text.HAL_DAC_Init
                0x08003968       0x2c ../../libDaisy//build\libdaisy.a(stm32h7xx_hal_dac.o)
                0x08003968                HAL_DAC_Init
 .text.HAL_DAC_Start_DMA
                0x08003994      0x118 ../../libDaisy//build\libdaisy.a(stm32h7xx_hal_dac.o)
                0x08003994                HAL_DAC_Start_DMA
 .text.DAC_DMAConvCpltCh1
                0x08003aac       0x10 ../../libDaisy//build\libdaisy.a(stm32h7xx_hal_dac.o)
 .text.DAC_DMAHalfConvCpltCh1
                0x08003abc        0xc ../../libDaisy//build\libdaisy.a(stm32h7xx_hal_dac.o)
 .text.HAL_DAC_ErrorCallbackCh1
                0x08003ac8        0x4 ../../libDaisy//build\libdaisy.a(stm32h7xx_hal_dac.o)
                0x08003ac8                HAL_DAC_ErrorCallbackCh1
 .text.DAC_DMAErrorCh1
                0x08003acc       0x18 ../../libDaisy//build\libdaisy.a(stm32h7xx_hal_dac.o)
 .text.HAL_DAC_DMAUnderrunCallbackCh1
                0x08003ae4        0x4 ../../libDaisy//build\libdaisy.a(stm32h7xx_hal_dac.o)
                0x08003ae4                HAL_DAC_DMAUnderrunCallbackCh1
 .text.HAL_DAC_IRQHandler
                0x08003ae8       0x68 ../../libDaisy//build\libdaisy.a(stm32h7xx_hal_dac.o)
                0x08003ae8                HAL_DAC_IRQHandler
 .text.HAL_DAC_ConfigChannel
                0x08003b50      0x130 ../../libDaisy//build\libdaisy.a(stm32h7xx_hal_dac.o)
                0x08003b50                HAL_DAC_ConfigChannel
 .text.HAL_DACEx_ErrorCallbackCh2
                0x08003c80        0x4 ../../libDaisy//build\libdaisy.a(stm32h7xx_hal_dac_ex.o)
                0x08003c80                HAL_DACEx_ErrorCallbackCh2
 .text.HAL_DACEx_DMAUnderrunCallbackCh2
                0x08003c84        0x4 ../../libDaisy//build\libdaisy.a(stm32h7xx_hal_dac_ex.o)
                0x08003c84                HAL_DACEx_DMAUnderrunCallbackCh2
 .text.DAC_DMAConvCpltCh2
                0x08003c88       0x10 ../../libDaisy//build\libdaisy.a(stm32h7xx_hal_dac_ex.o)
                0x08003c88                DAC_DMAConvCpltCh2
 .text.DAC_DMAHalfConvCpltCh2
                0x08003c98        0xc ../../libDaisy//build\libdaisy.a(stm32h7xx_hal_dac_ex.o)
                0x08003c98                DAC_DMAHalfConvCpltCh2
 .text.DAC_DMAErrorCh2
                0x08003ca4       0x18 ../../libDaisy//build\libdaisy.a(stm32h7xx_hal_dac_ex.o)
                0x08003ca4                DAC_DMAErrorCh2
 .text.DMA_CalcBaseAndBitshift
                0x08003cbc       0xf4 ../../libDaisy//build\libdaisy.a(stm32h7xx_hal_dma.o)
 .text.DMA_CalcDMAMUXChannelBaseAndMask
                0x08003db0       0xd8 ../../libDaisy//build\libdaisy.a(stm32h7xx_hal_dma.o)
 .text.HAL_DMA_Init
                0x08003e88      0x37c ../../libDaisy//build\libdaisy.a(stm32h7xx_hal_dma.o)
                0x08003e88                HAL_DMA_Init
 .text.HAL_DMA_Start_IT
                0x08004204      0x240 ../../libDaisy//build\libdaisy.a(stm32h7xx_hal_dma.o)
                0x08004204                HAL_DMA_Start_IT
 .text.HAL_DMA_Abort_IT
                0x08004444      0x134 ../../libDaisy//build\libdaisy.a(stm32h7xx_hal_dma.o)
                0x08004444                HAL_DMA_Abort_IT
 .text.HAL_DMA_IRQHandler
                0x08004578      0x6a0 ../../libDaisy//build\libdaisy.a(stm32h7xx_hal_dma.o)
                0x08004578                HAL_DMA_IRQHandler
 .text.HAL_DMA_GetError
                0x08004c18        0x4 ../../libDaisy//build\libdaisy.a(stm32h7xx_hal_dma.o)
                0x08004c18                HAL_DMA_GetError
 .text.HAL_GPIO_Init
                0x08004c1c      0x280 ../../libDaisy//build\libdaisy.a(stm32h7xx_hal_gpio.o)
                0x08004c1c                HAL_GPIO_Init
 .text.HAL_GPIO_DeInit
                0x08004e9c      0x190 ../../libDaisy//build\libdaisy.a(stm32h7xx_hal_gpio.o)
                0x08004e9c                HAL_GPIO_DeInit
 .text.HAL_GPIO_ReadPin
                0x0800502c        0xc ../../libDaisy//build\libdaisy.a(stm32h7xx_hal_gpio.o)
                0x0800502c                HAL_GPIO_ReadPin
 .text.HAL_GPIO_WritePin
                0x08005038        0x8 ../../libDaisy//build\libdaisy.a(stm32h7xx_hal_gpio.o)
                0x08005038                HAL_GPIO_WritePin
 .text.HAL_HCD_IRQHandler
                0x08005040      0x780 ../../libDaisy//build\libdaisy.a(stm32h7xx_hal_hcd.o)
                0x08005040                HAL_HCD_IRQHandler
 .text.HAL_HCD_Stop
                0x080057c0       0x28 ../../libDaisy//build\libdaisy.a(stm32h7xx_hal_hcd.o)
                0x080057c0                HAL_HCD_Stop
 .text.I2C_WaitOnTXISFlagUntilTimeout
                0x080057e8       0xb8 ../../libDaisy//build\libdaisy.a(stm32h7xx_hal_i2c.o)
 .text.I2C_WaitOnSTOPFlagUntilTimeout
                0x080058a0       0xac ../../libDaisy//build\libdaisy.a(stm32h7xx_hal_i2c.o)
 .text.HAL_I2C_Init
                0x0800594c       0xac ../../libDaisy//build\libdaisy.a(stm32h7xx_hal_i2c.o)
                0x0800594c                HAL_I2C_Init
 .text.HAL_I2C_Master_Transmit
                0x080059f8      0x1a8 ../../libDaisy//build\libdaisy.a(stm32h7xx_hal_i2c.o)
                0x080059f8                HAL_I2C_Master_Transmit
 .text.HAL_I2C_Slave_Transmit
                0x08005ba0      0x1c8 ../../libDaisy//build\libdaisy.a(stm32h7xx_hal_i2c.o)
                0x08005ba0                HAL_I2C_Slave_Transmit
 .text.HAL_I2C_EV_IRQHandler
                0x08005d68       0x10 ../../libDaisy//build\libdaisy.a(stm32h7xx_hal_i2c.o)
                0x08005d68                HAL_I2C_EV_IRQHandler
 .text.HAL_I2C_GetState
                0x08005d78        0x8 ../../libDaisy//build\libdaisy.a(stm32h7xx_hal_i2c.o)
                0x08005d78                HAL_I2C_GetState
 .text.HAL_I2CEx_ConfigAnalogFilter
                0x08005d80       0x54 ../../libDaisy//build\libdaisy.a(stm32h7xx_hal_i2c_ex.o)
                0x08005d80                HAL_I2CEx_ConfigAnalogFilter
 .text.HAL_I2CEx_ConfigDigitalFilter
                0x08005dd4       0x58 ../../libDaisy//build\libdaisy.a(stm32h7xx_hal_i2c_ex.o)
                0x08005dd4                HAL_I2CEx_ConfigDigitalFilter
 .text.HAL_PCD_Init
                0x08005e2c      0x12c ../../libDaisy//build\libdaisy.a(stm32h7xx_hal_pcd.o)
                0x08005e2c                HAL_PCD_Init
 .text.HAL_PCD_Start
                0x08005f58       0x44 ../../libDaisy//build\libdaisy.a(stm32h7xx_hal_pcd.o)
                0x08005f58                HAL_PCD_Start
 .text.HAL_PCD_IRQHandler
                0x08005f9c      0x69c ../../libDaisy//build\libdaisy.a(stm32h7xx_hal_pcd.o)
                0x08005f9c                HAL_PCD_IRQHandler
 .text.HAL_PCD_SetAddress
                0x08006638       0x2c ../../libDaisy//build\libdaisy.a(stm32h7xx_hal_pcd.o)
                0x08006638                HAL_PCD_SetAddress
 .text.HAL_PCD_EP_Open
                0x08006664       0x7c ../../libDaisy//build\libdaisy.a(stm32h7xx_hal_pcd.o)
                0x08006664                HAL_PCD_EP_Open
 .text.HAL_PCD_EP_Close
                0x080066e0       0x6c ../../libDaisy//build\libdaisy.a(stm32h7xx_hal_pcd.o)
                0x080066e0                HAL_PCD_EP_Close
 .text.HAL_PCD_EP_Receive
                0x0800674c       0x50 ../../libDaisy//build\libdaisy.a(stm32h7xx_hal_pcd.o)
                0x0800674c                HAL_PCD_EP_Receive
 .text.HAL_PCD_EP_GetRxCount
                0x0800679c       0x14 ../../libDaisy//build\libdaisy.a(stm32h7xx_hal_pcd.o)
                0x0800679c                HAL_PCD_EP_GetRxCount
 .text.HAL_PCD_EP_Transmit
                0x080067b0       0x50 ../../libDaisy//build\libdaisy.a(stm32h7xx_hal_pcd.o)
                0x080067b0                HAL_PCD_EP_Transmit
 .text.HAL_PCD_EP_SetStall
                0x08006800       0x88 ../../libDaisy//build\libdaisy.a(stm32h7xx_hal_pcd.o)
                0x08006800                HAL_PCD_EP_SetStall
 .text.HAL_PCD_EP_ClrStall
                0x08006888       0x78 ../../libDaisy//build\libdaisy.a(stm32h7xx_hal_pcd.o)
                0x08006888                HAL_PCD_EP_ClrStall
 .text.HAL_PCDEx_SetTxFiFo
                0x08006900       0x54 ../../libDaisy//build\libdaisy.a(stm32h7xx_hal_pcd_ex.o)
                0x08006900                HAL_PCDEx_SetTxFiFo
 .text.HAL_PCDEx_SetRxFiFo
                0x08006954        0xc ../../libDaisy//build\libdaisy.a(stm32h7xx_hal_pcd_ex.o)
                0x08006954                HAL_PCDEx_SetRxFiFo
 .text.HAL_PCDEx_ActivateLPM
                0x08006960       0x30 ../../libDaisy//build\libdaisy.a(stm32h7xx_hal_pcd_ex.o)
                0x08006960                HAL_PCDEx_ActivateLPM
 .text.HAL_PCDEx_LPM_Callback
                0x08006990        0x4 ../../libDaisy//build\libdaisy.a(stm32h7xx_hal_pcd_ex.o)
                0x08006990                HAL_PCDEx_LPM_Callback
 .text.HAL_PWREx_ConfigSupply
                0x08006994       0x4c ../../libDaisy//build\libdaisy.a(stm32h7xx_hal_pwr_ex.o)
                0x08006994                HAL_PWREx_ConfigSupply
 .text.HAL_PWREx_EnableUSBVoltageDetector
                0x080069e0       0x10 ../../libDaisy//build\libdaisy.a(stm32h7xx_hal_pwr_ex.o)
                0x080069e0                HAL_PWREx_EnableUSBVoltageDetector
 .text.QSPI_Config
                0x080069f0      0x174 ../../libDaisy//build\libdaisy.a(stm32h7xx_hal_qspi.o)
 .text.HAL_QSPI_Init
                0x08006b64       0xd8 ../../libDaisy//build\libdaisy.a(stm32h7xx_hal_qspi.o)
                0x08006b64                HAL_QSPI_Init
 .text.HAL_QSPI_DeInit
                0x08006c3c       0x3c ../../libDaisy//build\libdaisy.a(stm32h7xx_hal_qspi.o)
                0x08006c3c                HAL_QSPI_DeInit
 .text.HAL_QSPI_Command
                0x08006c78       0xd4 ../../libDaisy//build\libdaisy.a(stm32h7xx_hal_qspi.o)
                0x08006c78                HAL_QSPI_Command
 .text.HAL_QSPI_Transmit
                0x08006d4c       0xfc ../../libDaisy//build\libdaisy.a(stm32h7xx_hal_qspi.o)
                0x08006d4c                HAL_QSPI_Transmit
 .text.HAL_QSPI_Receive
                0x08006e48      0x108 ../../libDaisy//build\libdaisy.a(stm32h7xx_hal_qspi.o)
                0x08006e48                HAL_QSPI_Receive
 .text.HAL_QSPI_AutoPolling
                0x08006f50       0xf0 ../../libDaisy//build\libdaisy.a(stm32h7xx_hal_qspi.o)
                0x08006f50                HAL_QSPI_AutoPolling
 .text.HAL_QSPI_MemoryMapped
                0x08007040       0xc0 ../../libDaisy//build\libdaisy.a(stm32h7xx_hal_qspi.o)
                0x08007040                HAL_QSPI_MemoryMapped
 .text.HAL_QSPI_ErrorCallback
                0x08007100        0x4 ../../libDaisy//build\libdaisy.a(stm32h7xx_hal_qspi.o)
                0x08007100                HAL_QSPI_ErrorCallback
 .text.QSPI_DMAAbortCplt
                0x08007104       0x38 ../../libDaisy//build\libdaisy.a(stm32h7xx_hal_qspi.o)
 .text.HAL_QSPI_AbortCpltCallback
                0x0800713c        0x4 ../../libDaisy//build\libdaisy.a(stm32h7xx_hal_qspi.o)
                0x0800713c                HAL_QSPI_AbortCpltCallback
 .text.HAL_QSPI_CmdCpltCallback
                0x08007140        0x4 ../../libDaisy//build\libdaisy.a(stm32h7xx_hal_qspi.o)
                0x08007140                HAL_QSPI_CmdCpltCallback
 .text.HAL_QSPI_RxCpltCallback
                0x08007144        0x4 ../../libDaisy//build\libdaisy.a(stm32h7xx_hal_qspi.o)
                0x08007144                HAL_QSPI_RxCpltCallback
 .text.HAL_QSPI_TxCpltCallback
                0x08007148        0x4 ../../libDaisy//build\libdaisy.a(stm32h7xx_hal_qspi.o)
                0x08007148                HAL_QSPI_TxCpltCallback
 .text.HAL_QSPI_FifoThresholdCallback
                0x0800714c        0x4 ../../libDaisy//build\libdaisy.a(stm32h7xx_hal_qspi.o)
                0x0800714c                HAL_QSPI_FifoThresholdCallback
 .text.HAL_QSPI_StatusMatchCallback
                0x08007150        0x4 ../../libDaisy//build\libdaisy.a(stm32h7xx_hal_qspi.o)
                0x08007150                HAL_QSPI_StatusMatchCallback
 .text.HAL_QSPI_TimeOutCallback
                0x08007154        0x4 ../../libDaisy//build\libdaisy.a(stm32h7xx_hal_qspi.o)
                0x08007154                HAL_QSPI_TimeOutCallback
 .text.HAL_QSPI_IRQHandler
                0x08007158      0x210 ../../libDaisy//build\libdaisy.a(stm32h7xx_hal_qspi.o)
                0x08007158                HAL_QSPI_IRQHandler
 .text.HAL_RCC_OscConfig
                0x08007368      0x51c ../../libDaisy//build\libdaisy.a(stm32h7xx_hal_rcc.o)
                0x08007368                HAL_RCC_OscConfig
 .text.HAL_RCC_GetSysClockFreq
                0x08007884      0x140 ../../libDaisy//build\libdaisy.a(stm32h7xx_hal_rcc.o)
                0x08007884                HAL_RCC_GetSysClockFreq
 .text.HAL_RCC_ClockConfig
                0x080079c4      0x234 ../../libDaisy//build\libdaisy.a(stm32h7xx_hal_rcc.o)
                0x080079c4                HAL_RCC_ClockConfig
 .text.HAL_RCC_GetHCLKFreq
                0x08007bf8       0x2c ../../libDaisy//build\libdaisy.a(stm32h7xx_hal_rcc.o)
                0x08007bf8                HAL_RCC_GetHCLKFreq
 .text.HAL_RCC_GetPCLK1Freq
                0x08007c24       0x38 ../../libDaisy//build\libdaisy.a(stm32h7xx_hal_rcc.o)
                0x08007c24                HAL_RCC_GetPCLK1Freq
 .text.HAL_RCC_GetPCLK2Freq
                0x08007c5c       0x38 ../../libDaisy//build\libdaisy.a(stm32h7xx_hal_rcc.o)
                0x08007c5c                HAL_RCC_GetPCLK2Freq
 .text.RCCEx_PLL2_Config
                0x08007c94       0xf4 ../../libDaisy//build\libdaisy.a(stm32h7xx_hal_rcc_ex.o)
 .text.RCCEx_PLL3_Config
                0x08007d88       0xf4 ../../libDaisy//build\libdaisy.a(stm32h7xx_hal_rcc_ex.o)
 .text.HAL_RCCEx_PeriphCLKConfig
                0x08007e7c      0xa7c ../../libDaisy//build\libdaisy.a(stm32h7xx_hal_rcc_ex.o)
                0x08007e7c                HAL_RCCEx_PeriphCLKConfig
 .text.HAL_RCCEx_GetPLL2ClockFreq
                0x080088f8      0x17c ../../libDaisy//build\libdaisy.a(stm32h7xx_hal_rcc_ex.o)
                0x080088f8                HAL_RCCEx_GetPLL2ClockFreq
 .text.HAL_RCCEx_GetPLL3ClockFreq
                0x08008a74      0x17c ../../libDaisy//build\libdaisy.a(stm32h7xx_hal_rcc_ex.o)
                0x08008a74                HAL_RCCEx_GetPLL3ClockFreq
 .text.HAL_RCCEx_GetPLL1ClockFreq
                0x08008bf0      0x17c ../../libDaisy//build\libdaisy.a(stm32h7xx_hal_rcc_ex.o)
                0x08008bf0                HAL_RCCEx_GetPLL1ClockFreq
 .text.HAL_RCCEx_GetPeriphCLKFreq
                0x08008d6c      0x198 ../../libDaisy//build\libdaisy.a(stm32h7xx_hal_rcc_ex.o)
                0x08008d6c                HAL_RCCEx_GetPeriphCLKFreq
 .text.HAL_RCCEx_GetD1SysClockFreq
                0x08008f04       0x2c ../../libDaisy//build\libdaisy.a(stm32h7xx_hal_rcc_ex.o)
                0x08008f04                HAL_RCCEx_GetD1SysClockFreq
 .text.HAL_SAI_Init.part.0
                0x08008f30      0x348 ../../libDaisy//build\libdaisy.a(stm32h7xx_hal_sai.o)
 .text.HAL_SAI_InitProtocol
                0x08009278      0x178 ../../libDaisy//build\libdaisy.a(stm32h7xx_hal_sai.o)
                0x08009278                HAL_SAI_InitProtocol
 .text.HAL_SDRAM_Init
                0x080093f0       0x54 ../../libDaisy//build\libdaisy.a(stm32h7xx_hal_sdram.o)
                0x080093f0                HAL_SDRAM_Init
 .text.HAL_SDRAM_SendCommand
                0x08009444       0x40 ../../libDaisy//build\libdaisy.a(stm32h7xx_hal_sdram.o)
                0x08009444                HAL_SDRAM_SendCommand
 .text.HAL_SDRAM_ProgramRefreshRate
                0x08009484       0x30 ../../libDaisy//build\libdaisy.a(stm32h7xx_hal_sdram.o)
                0x08009484                HAL_SDRAM_ProgramRefreshRate
 .text.HAL_TIM_Base_Init
                0x080094b4      0x140 ../../libDaisy//build\libdaisy.a(stm32h7xx_hal_tim.o)
                0x080094b4                HAL_TIM_Base_Init
 .text.HAL_TIM_Base_Start
                0x080095f4       0x34 ../../libDaisy//build\libdaisy.a(stm32h7xx_hal_tim.o)
                0x080095f4                HAL_TIM_Base_Start
 .text.HAL_TIM_ConfigClockSource
                0x08009628      0x17c ../../libDaisy//build\libdaisy.a(stm32h7xx_hal_tim.o)
                0x08009628                HAL_TIM_ConfigClockSource
 .text.HAL_TIM_PeriodElapsedCallback
                0x080097a4        0x4 ../../libDaisy//build\libdaisy.a(stm32h7xx_hal_tim.o)
                0x080097a4                HAL_TIM_PeriodElapsedCallback
 .text.HAL_TIM_OC_DelayElapsedCallback
                0x080097a8        0x4 ../../libDaisy//build\libdaisy.a(stm32h7xx_hal_tim.o)
                0x080097a8                HAL_TIM_OC_DelayElapsedCallback
 .text.HAL_TIM_IC_CaptureCallback
                0x080097ac        0x4 ../../libDaisy//build\libdaisy.a(stm32h7xx_hal_tim.o)
                0x080097ac                HAL_TIM_IC_CaptureCallback
 .text.HAL_TIM_PWM_PulseFinishedCallback
                0x080097b0        0x4 ../../libDaisy//build\libdaisy.a(stm32h7xx_hal_tim.o)
                0x080097b0                HAL_TIM_PWM_PulseFinishedCallback
 .text.HAL_TIM_TriggerCallback
                0x080097b4        0x4 ../../libDaisy//build\libdaisy.a(stm32h7xx_hal_tim.o)
                0x080097b4                HAL_TIM_TriggerCallback
 .text.HAL_TIM_IRQHandler
                0x080097b8      0x170 ../../libDaisy//build\libdaisy.a(stm32h7xx_hal_tim.o)
                0x080097b8                HAL_TIM_IRQHandler
 .text.HAL_TIMEx_MasterConfigSynchronization
                0x08009928       0x64 ../../libDaisy//build\libdaisy.a(stm32h7xx_hal_tim_ex.o)
                0x08009928                HAL_TIMEx_MasterConfigSynchronization
 .text.HAL_TIMEx_CommutCallback
                0x0800998c        0x4 ../../libDaisy//build\libdaisy.a(stm32h7xx_hal_tim_ex.o)
                0x0800998c                HAL_TIMEx_CommutCallback
 .text.HAL_TIMEx_BreakCallback
                0x08009990        0x4 ../../libDaisy//build\libdaisy.a(stm32h7xx_hal_tim_ex.o)
                0x08009990                HAL_TIMEx_BreakCallback
 .text.HAL_TIMEx_Break2Callback
                0x08009994        0x4 ../../libDaisy//build\libdaisy.a(stm32h7xx_hal_tim_ex.o)
                0x08009994                HAL_TIMEx_Break2Callback
 .text.FMC_SDRAM_Init
                0x08009998       0x7c ../../libDaisy//build\libdaisy.a(stm32h7xx_ll_fmc.o)
                0x08009998                FMC_SDRAM_Init
 .text.FMC_SDRAM_Timing_Init
                0x08009a14       0x98 ../../libDaisy//build\libdaisy.a(stm32h7xx_ll_fmc.o)
                0x08009a14                FMC_SDRAM_Timing_Init
 .text.FMC_SDRAM_SendCommand
                0x08009aac       0x28 ../../libDaisy//build\libdaisy.a(stm32h7xx_ll_fmc.o)
                0x08009aac                FMC_SDRAM_SendCommand
 .text.FMC_SDRAM_ProgramRefreshRate
                0x08009ad4       0x1c ../../libDaisy//build\libdaisy.a(stm32h7xx_ll_fmc.o)
                0x08009ad4                FMC_SDRAM_ProgramRefreshRate
 .text.USB_CoreInit
                0x08009af0       0xfc ../../libDaisy//build\libdaisy.a(stm32h7xx_ll_usb.o)
                0x08009af0                USB_CoreInit
 .text.USB_SetTurnaroundTime
                0x08009bec       0xf4 ../../libDaisy//build\libdaisy.a(stm32h7xx_ll_usb.o)
                0x08009bec                USB_SetTurnaroundTime
 .text.USB_EnableGlobalInt
                0x08009ce0       0x10 ../../libDaisy//build\libdaisy.a(stm32h7xx_ll_usb.o)
                0x08009ce0                USB_EnableGlobalInt
 .text.USB_DisableGlobalInt
                0x08009cf0       0x10 ../../libDaisy//build\libdaisy.a(stm32h7xx_ll_usb.o)
                0x08009cf0                USB_DisableGlobalInt
 .text.USB_SetCurrentMode
                0x08009d00       0x30 ../../libDaisy//build\libdaisy.a(stm32h7xx_ll_usb.o)
                0x08009d00                USB_SetCurrentMode
 .text.USB_DevInit
                0x08009d30      0x20c ../../libDaisy//build\libdaisy.a(stm32h7xx_ll_usb.o)
                0x08009d30                USB_DevInit
 .text.USB_FlushTxFifo
                0x08009f3c       0x24 ../../libDaisy//build\libdaisy.a(stm32h7xx_ll_usb.o)
                0x08009f3c                USB_FlushTxFifo
 .text.USB_GetDevSpeed
                0x08009f60       0x18 ../../libDaisy//build\libdaisy.a(stm32h7xx_ll_usb.o)
                0x08009f60                USB_GetDevSpeed
 .text.USB_ActivateEndpoint
                0x08009f78       0x90 ../../libDaisy//build\libdaisy.a(stm32h7xx_ll_usb.o)
                0x08009f78                USB_ActivateEndpoint
 .text.USB_DeactivateEndpoint
                0x0800a008       0x84 ../../libDaisy//build\libdaisy.a(stm32h7xx_ll_usb.o)
                0x0800a008                USB_DeactivateEndpoint
 .text.USB_EPStartXfer
                0x0800a08c      0x230 ../../libDaisy//build\libdaisy.a(stm32h7xx_ll_usb.o)
                0x0800a08c                USB_EPStartXfer
 .text.USB_EP0StartXfer
                0x0800a2bc      0x174 ../../libDaisy//build\libdaisy.a(stm32h7xx_ll_usb.o)
                0x0800a2bc                USB_EP0StartXfer
 .text.USB_WritePacket
                0x0800a430       0x2c ../../libDaisy//build\libdaisy.a(stm32h7xx_ll_usb.o)
                0x0800a430                USB_WritePacket
 .text.USB_ReadPacket
                0x0800a45c       0x20 ../../libDaisy//build\libdaisy.a(stm32h7xx_ll_usb.o)
                0x0800a45c                USB_ReadPacket
 .text.USB_EPSetStall
                0x0800a47c       0x68 ../../libDaisy//build\libdaisy.a(stm32h7xx_ll_usb.o)
                0x0800a47c                USB_EPSetStall
 .text.USB_EPClearStall
                0x0800a4e4       0x58 ../../libDaisy//build\libdaisy.a(stm32h7xx_ll_usb.o)
                0x0800a4e4                USB_EPClearStall
 .text.USB_SetDevAddress
                0x0800a53c       0x24 ../../libDaisy//build\libdaisy.a(stm32h7xx_ll_usb.o)
                0x0800a53c                USB_SetDevAddress
 .text.USB_DevConnect
                0x0800a560       0x1c ../../libDaisy//build\libdaisy.a(stm32h7xx_ll_usb.o)
                0x0800a560                USB_DevConnect
 .text.USB_DevDisconnect
                0x0800a57c       0x1c ../../libDaisy//build\libdaisy.a(stm32h7xx_ll_usb.o)
                0x0800a57c                USB_DevDisconnect
 .text.USB_ReadInterrupts
                0x0800a598        0x8 ../../libDaisy//build\libdaisy.a(stm32h7xx_ll_usb.o)
                0x0800a598                USB_ReadInterrupts
 .text.USB_ReadDevAllOutEpInterrupt
                0x0800a5a0       0x10 ../../libDaisy//build\libdaisy.a(stm32h7xx_ll_usb.o)
                0x0800a5a0                USB_ReadDevAllOutEpInterrupt
 .text.USB_ReadDevAllInEpInterrupt
                0x0800a5b0       0x10 ../../libDaisy//build\libdaisy.a(stm32h7xx_ll_usb.o)
                0x0800a5b0                USB_ReadDevAllInEpInterrupt
 .text.USB_ReadDevOutEPInterrupt
                0x0800a5c0       0x14 ../../libDaisy//build\libdaisy.a(stm32h7xx_ll_usb.o)
                0x0800a5c0                USB_ReadDevOutEPInterrupt
 .text.USB_ReadDevInEPInterrupt
                0x0800a5d4       0x20 ../../libDaisy//build\libdaisy.a(stm32h7xx_ll_usb.o)
                0x0800a5d4                USB_ReadDevInEPInterrupt
 .text.USB_GetMode
                0x0800a5f4        0x8 ../../libDaisy//build\libdaisy.a(stm32h7xx_ll_usb.o)
                0x0800a5f4                USB_GetMode
 .text.USB_ActivateSetup
                0x0800a5fc       0x38 ../../libDaisy//build\libdaisy.a(stm32h7xx_ll_usb.o)
                0x0800a5fc                USB_ActivateSetup
 .text.USB_EP0_OutStart
                0x0800a634       0x58 ../../libDaisy//build\libdaisy.a(stm32h7xx_ll_usb.o)
                0x0800a634                USB_EP0_OutStart
 .text.USB_InitFSLSPClkSel
                0x0800a68c       0x44 ../../libDaisy//build\libdaisy.a(stm32h7xx_ll_usb.o)
                0x0800a68c                USB_InitFSLSPClkSel
 .text.USB_HC_ReadInterrupt
                0x0800a6d0        0x8 ../../libDaisy//build\libdaisy.a(stm32h7xx_ll_usb.o)
                0x0800a6d0                USB_HC_ReadInterrupt
 .text.USB_HC_Halt
                0x0800a6d8       0xb4 ../../libDaisy//build\libdaisy.a(stm32h7xx_ll_usb.o)
                0x0800a6d8                USB_HC_Halt
 .text.USB_StopHost
                0x0800a78c      0x184 ../../libDaisy//build\libdaisy.a(stm32h7xx_ll_usb.o)
                0x0800a78c                USB_StopHost
 .text.USBD_CDC_EP0_RxReady
                0x0800a910       0x2c ../../libDaisy//build\libdaisy.a(usbd_cdc.o)
 .text.USBD_CDC_GetFSCfgDesc
                0x0800a93c       0x24 ../../libDaisy//build\libdaisy.a(usbd_cdc.o)
 .text.USBD_CDC_GetHSCfgDesc
                0x0800a960       0x24 ../../libDaisy//build\libdaisy.a(usbd_cdc.o)
 .text.USBD_CDC_GetOtherSpeedCfgDesc
                0x0800a984       0x24 ../../libDaisy//build\libdaisy.a(usbd_cdc.o)
 .text.USBD_CDC_GetDeviceQualifierDescriptor
                0x0800a9a8       0x10 ../../libDaisy//build\libdaisy.a(usbd_cdc.o)
                0x0800a9a8                USBD_CDC_GetDeviceQualifierDescriptor
 .text.USBD_CDC_DataOut
                0x0800a9b8       0x30 ../../libDaisy//build\libdaisy.a(usbd_cdc.o)
 .text.USBD_CDC_DataIn
                0x0800a9e8       0x50 ../../libDaisy//build\libdaisy.a(usbd_cdc.o)
 .text.USBD_CDC_Setup
                0x0800aa38       0xcc ../../libDaisy//build\libdaisy.a(usbd_cdc.o)
 .text.USBD_CDC_DeInit
                0x0800ab04       0x44 ../../libDaisy//build\libdaisy.a(usbd_cdc.o)
 .text.USBD_CDC_Init
                0x0800ab48       0x94 ../../libDaisy//build\libdaisy.a(usbd_cdc.o)
 .text.USBD_CDC_RegisterInterface
                0x0800abdc       0x10 ../../libDaisy//build\libdaisy.a(usbd_cdc.o)
                0x0800abdc                USBD_CDC_RegisterInterface
 .text.USBD_CDC_SetTxBuffer
                0x0800abec       0x14 ../../libDaisy//build\libdaisy.a(usbd_cdc.o)
                0x0800abec                USBD_CDC_SetTxBuffer
 .text.USBD_CDC_SetRxBuffer
                0x0800ac00       0x10 ../../libDaisy//build\libdaisy.a(usbd_cdc.o)
                0x0800ac00                USBD_CDC_SetRxBuffer
 .text.USBD_CDC_TransmitPacket
                0x0800ac10       0x34 ../../libDaisy//build\libdaisy.a(usbd_cdc.o)
                0x0800ac10                USBD_CDC_TransmitPacket
 .text.USBD_CDC_ReceivePacket
                0x0800ac44       0x38 ../../libDaisy//build\libdaisy.a(usbd_cdc.o)
                0x0800ac44                USBD_CDC_ReceivePacket
 .text.USBD_Init
                0x0800ac7c       0x44 ../../libDaisy//build\libdaisy.a(usbd_core.o)
                0x0800ac7c                USBD_Init
 .text.USBD_RegisterClass
                0x0800acc0       0x2c ../../libDaisy//build\libdaisy.a(usbd_core.o)
                0x0800acc0                USBD_RegisterClass
 .text.USBD_Start
                0x0800acec        0xc ../../libDaisy//build\libdaisy.a(usbd_core.o)
                0x0800acec                USBD_Start
 .text.USBD_SetClassConfig
                0x0800acf8       0x14 ../../libDaisy//build\libdaisy.a(usbd_core.o)
                0x0800acf8                USBD_SetClassConfig
 .text.USBD_ClrClassConfig
                0x0800ad0c       0x10 ../../libDaisy//build\libdaisy.a(usbd_core.o)
                0x0800ad0c                USBD_ClrClassConfig
 .text.USBD_LL_SetupStage
                0x0800ad1c       0x5c ../../libDaisy//build\libdaisy.a(usbd_core.o)
                0x0800ad1c                USBD_LL_SetupStage
 .text.USBD_LL_DataOutStage
                0x0800ad78       0x7c ../../libDaisy//build\libdaisy.a(usbd_core.o)
                0x0800ad78                USBD_LL_DataOutStage
 .text.USBD_LL_DataInStage
                0x0800adf4       0xcc ../../libDaisy//build\libdaisy.a(usbd_core.o)
                0x0800adf4                USBD_LL_DataInStage
 .text.USBD_LL_Reset
                0x0800aec0       0x50 ../../libDaisy//build\libdaisy.a(usbd_core.o)
                0x0800aec0                USBD_LL_Reset
 .text.USBD_LL_SetSpeed
                0x0800af10        0x8 ../../libDaisy//build\libdaisy.a(usbd_core.o)
                0x0800af10                USBD_LL_SetSpeed
 .text.USBD_LL_Suspend
                0x0800af18       0x14 ../../libDaisy//build\libdaisy.a(usbd_core.o)
                0x0800af18                USBD_LL_Suspend
 .text.USBD_LL_Resume
                0x0800af2c       0x10 ../../libDaisy//build\libdaisy.a(usbd_core.o)
                0x0800af2c                USBD_LL_Resume
 .text.USBD_LL_SOF
                0x0800af3c       0x1c ../../libDaisy//build\libdaisy.a(usbd_core.o)
                0x0800af3c                USBD_LL_SOF
 .text.USBD_LL_IsoINIncomplete
                0x0800af58        0x4 ../../libDaisy//build\libdaisy.a(usbd_core.o)
                0x0800af58                USBD_LL_IsoINIncomplete
 .text.USBD_LL_IsoOUTIncomplete
                0x0800af5c        0x4 ../../libDaisy//build\libdaisy.a(usbd_core.o)
                0x0800af5c                USBD_LL_IsoOUTIncomplete
 .text.USBD_LL_DevConnected
                0x0800af60        0x4 ../../libDaisy//build\libdaisy.a(usbd_core.o)
                0x0800af60                USBD_LL_DevConnected
 .text.USBD_LL_DevDisconnected
                0x0800af64       0x18 ../../libDaisy//build\libdaisy.a(usbd_core.o)
                0x0800af64                USBD_LL_DevDisconnected
 .text.USBD_StdDevReq
                0x0800af7c      0x304 ../../libDaisy//build\libdaisy.a(usbd_ctlreq.o)
                0x0800af7c                USBD_StdDevReq
 .text.USBD_StdItfReq
                0x0800b280       0x68 ../../libDaisy//build\libdaisy.a(usbd_ctlreq.o)
                0x0800b280                USBD_StdItfReq
 .text.USBD_StdEPReq
                0x0800b2e8      0x13c ../../libDaisy//build\libdaisy.a(usbd_ctlreq.o)
                0x0800b2e8                USBD_StdEPReq
 .text.USBD_ParseSetupRequest
                0x0800b424       0x28 ../../libDaisy//build\libdaisy.a(usbd_ctlreq.o)
                0x0800b424                USBD_ParseSetupRequest
 .text.USBD_CtlError
                0x0800b44c       0x18 ../../libDaisy//build\libdaisy.a(usbd_ctlreq.o)
                0x0800b44c                USBD_CtlError
 .text.USBD_GetString
                0x0800b464       0x54 ../../libDaisy//build\libdaisy.a(usbd_ctlreq.o)
                0x0800b464                USBD_GetString
 .text.USBD_CtlSendData
                0x0800b4b8       0x1c ../../libDaisy//build\libdaisy.a(usbd_ioreq.o)
                0x0800b4b8                USBD_CtlSendData
 .text.USBD_CtlContinueSendData
                0x0800b4d4       0x14 ../../libDaisy//build\libdaisy.a(usbd_ioreq.o)
                0x0800b4d4                USBD_CtlContinueSendData
 .text.USBD_CtlPrepareRx
                0x0800b4e8       0x1c ../../libDaisy//build\libdaisy.a(usbd_ioreq.o)
                0x0800b4e8                USBD_CtlPrepareRx
 .text.USBD_CtlContinueRx
                0x0800b504       0x14 ../../libDaisy//build\libdaisy.a(usbd_ioreq.o)
                0x0800b504                USBD_CtlContinueRx
 .text.USBD_CtlSendStatus
                0x0800b518       0x18 ../../libDaisy//build\libdaisy.a(usbd_ioreq.o)
                0x0800b518                USBD_CtlSendStatus
 .text.USBD_CtlReceiveStatus
                0x0800b530       0x18 ../../libDaisy//build\libdaisy.a(usbd_ioreq.o)
                0x0800b530                USBD_CtlReceiveStatus
 .text.USBH_LL_IncTimer
                0x0800b548       0x20 ../../libDaisy//build\libdaisy.a(usbh_core.o)
                0x0800b548                USBH_LL_IncTimer
 .text.USBH_LL_PortEnabled
                0x0800b568        0x8 ../../libDaisy//build\libdaisy.a(usbh_core.o)
                0x0800b568                USBH_LL_PortEnabled
 .text.USBH_LL_PortDisabled
                0x0800b570        0x8 ../../libDaisy//build\libdaisy.a(usbh_core.o)
                0x0800b570                USBH_LL_PortDisabled
 .text.USBH_LL_Connect
                0x0800b578       0x18 ../../libDaisy//build\libdaisy.a(usbh_core.o)
                0x0800b578                USBH_LL_Connect
 .text.USBH_LL_Disconnect
                0x0800b590       0x2c ../../libDaisy//build\libdaisy.a(usbh_core.o)
                0x0800b590                USBH_LL_Disconnect
 .text.USBH_FreePipe
                0x0800b5bc       0x18 ../../libDaisy//build\libdaisy.a(usbh_pipes.o)
                0x0800b5bc                USBH_FreePipe
 .text._ZN5daisy6Random4InitEv
                0x0800b5d4       0x3c ../../libDaisy//build\libdaisy.a(rng.o)
                0x0800b5d4                daisy::Random::Init()
 .text._ZN5daisy9SpiHandle4Impl7InitDmaEv
                0x0800b610       0xec ../../libDaisy//build\libdaisy.a(spi.o)
                0x0800b610                daisy::SpiHandle::Impl::InitDma()
 .text._ZN5daisy9SpiHandle4Impl10StartDmaTxEPhjPFvPvEPFvS3_NS0_6ResultEES3_
                0x0800b6fc       0xc8 ../../libDaisy//build\libdaisy.a(spi.o)
                0x0800b6fc                daisy::SpiHandle::Impl::StartDmaTx(unsigned char*, unsigned int, void (*)(void*), void (*)(void*, daisy::SpiHandle::Result), void*)
 .text._ZN5daisy9SpiHandle4Impl10StartDmaRxEPhjPFvPvEPFvS3_NS0_6ResultEES3_
                0x0800b7c4       0xc8 ../../libDaisy//build\libdaisy.a(spi.o)
                0x0800b7c4                daisy::SpiHandle::Impl::StartDmaRx(unsigned char*, unsigned int, void (*)(void*), void (*)(void*, daisy::SpiHandle::Result), void*)
 .text._ZN5daisy9SpiHandle4Impl12StartDmaRxTxEPhS2_jPFvPvEPFvS3_NS0_6ResultEES3_
                0x0800b88c       0xcc ../../libDaisy//build\libdaisy.a(spi.o)
                0x0800b88c                daisy::SpiHandle::Impl::StartDmaRxTx(unsigned char*, unsigned char*, unsigned int, void (*)(void*), void (*)(void*, daisy::SpiHandle::Result), void*)
 .text._ZN5daisy9SpiHandle4Impl8InitPinsEv
                0x0800b958      0x274 ../../libDaisy//build\libdaisy.a(spi.o)
                0x0800b958                daisy::SpiHandle::Impl::InitPins()
 .text.HAL_SPI_MspInit
                0x0800bbcc      0x1a8 ../../libDaisy//build\libdaisy.a(spi.o)
                0x0800bbcc                HAL_SPI_MspInit
 .text.dsy_spi_global_init
                0x0800bd74       0x80 ../../libDaisy//build\libdaisy.a(spi.o)
                0x0800bd74                dsy_spi_global_init
 .text.SPI1_IRQHandler
                0x0800bdf4        0xc ../../libDaisy//build\libdaisy.a(spi.o)
                0x0800bdf4                SPI1_IRQHandler
 .text.DMA2_Stream2_IRQHandler
                0x0800be00       0x34 ../../libDaisy//build\libdaisy.a(spi.o)
                0x0800be00                DMA2_Stream2_IRQHandler
 .text.DMA2_Stream3_IRQHandler
                0x0800be34       0x38 ../../libDaisy//build\libdaisy.a(spi.o)
                0x0800be34                DMA2_Stream3_IRQHandler
 .text.HAL_SPI_TxCpltCallback
                0x0800be6c       0xc4 ../../libDaisy//build\libdaisy.a(spi.o)
                0x0800be6c                HAL_SPI_TxCpltCallback
 .text.HAL_SPI_RxCpltCallback
                0x0800bf30       0xc4 ../../libDaisy//build\libdaisy.a(spi.o)
                0x0800bf30                HAL_SPI_RxCpltCallback
 .text.HAL_SPI_TxRxCpltCallback
                0x0800bff4       0xc4 ../../libDaisy//build\libdaisy.a(spi.o)
                0x0800bff4                HAL_SPI_TxRxCpltCallback
 .text.HAL_SPI_ErrorCallback
                0x0800c0b8       0xc8 ../../libDaisy//build\libdaisy.a(spi.o)
                0x0800c0b8                HAL_SPI_ErrorCallback
 .text.startup._GLOBAL__sub_I__Z19MapInstanceToHandleP11SPI_TypeDef
                0x0800c180      0x1b0 ../../libDaisy//build\libdaisy.a(spi.o)
 .text.HAL_TIM_Base_MspInit
                0x0800c330       0xcc ../../libDaisy//build\libdaisy.a(tim.o)
                0x0800c330                HAL_TIM_Base_MspInit
 .text._ZN5daisy11TimerHandle4InitERKNS0_6ConfigE
                0x0800c3fc       0xc4 ../../libDaisy//build\libdaisy.a(tim.o)
                0x0800c3fc                daisy::TimerHandle::Init(daisy::TimerHandle::Config const&)
 .text._ZN5daisy11TimerHandle5StartEv
                0x0800c4c0       0x14 ../../libDaisy//build\libdaisy.a(tim.o)
                0x0800c4c0                daisy::TimerHandle::Start()
 .text.dsy_dma_init
                0x0800c4d4       0xf0 ../../libDaisy//build\libdaisy.a(dma.o)
                0x0800c4d4                dsy_dma_init
 .text.HAL_MDMA_Abort_IT
                0x0800c5c4       0x2c ../../libDaisy//build\libdaisy.a(stm32h7xx_hal_mdma.o)
                0x0800c5c4                HAL_MDMA_Abort_IT
 .text.SPI_CloseTransfer
                0x0800c5f0       0xb8 ../../libDaisy//build\libdaisy.a(stm32h7xx_hal_spi.o)
 .text.HAL_SPI_Init
                0x0800c6a8      0x15c ../../libDaisy//build\libdaisy.a(stm32h7xx_hal_spi.o)
                0x0800c6a8                HAL_SPI_Init
 .text.HAL_SPI_Transmit_DMA
                0x0800c804      0x170 ../../libDaisy//build\libdaisy.a(stm32h7xx_hal_spi.o)
                0x0800c804                HAL_SPI_Transmit_DMA
 .text.HAL_SPI_TransmitReceive_DMA
                0x0800c974      0x218 ../../libDaisy//build\libdaisy.a(stm32h7xx_hal_spi.o)
                0x0800c974                HAL_SPI_TransmitReceive_DMA
 .text.HAL_SPI_Receive_DMA
                0x0800cb8c      0x1b4 ../../libDaisy//build\libdaisy.a(stm32h7xx_hal_spi.o)
                0x0800cb8c                HAL_SPI_Receive_DMA
 .text.SPI_DMATransmitCplt
                0x0800cd40       0x28 ../../libDaisy//build\libdaisy.a(stm32h7xx_hal_spi.o)
 .text.SPI_DMAReceiveCplt
                0x0800cd68       0x28 ../../libDaisy//build\libdaisy.a(stm32h7xx_hal_spi.o)
 .text.SPI_DMATransmitReceiveCplt
                0x0800cd90       0x28 ../../libDaisy//build\libdaisy.a(stm32h7xx_hal_spi.o)
 .text.HAL_SPI_TxHalfCpltCallback
                0x0800cdb8        0x4 ../../libDaisy//build\libdaisy.a(stm32h7xx_hal_spi.o)
                0x0800cdb8                HAL_SPI_TxHalfCpltCallback
 .text.SPI_DMAHalfTransmitCplt
                0x0800cdbc        0xc ../../libDaisy//build\libdaisy.a(stm32h7xx_hal_spi.o)
 .text.HAL_SPI_RxHalfCpltCallback
                0x0800cdc8        0x4 ../../libDaisy//build\libdaisy.a(stm32h7xx_hal_spi.o)
                0x0800cdc8                HAL_SPI_RxHalfCpltCallback
 .text.SPI_DMAHalfReceiveCplt
                0x0800cdcc        0xc ../../libDaisy//build\libdaisy.a(stm32h7xx_hal_spi.o)
 .text.HAL_SPI_TxRxHalfCpltCallback
                0x0800cdd8        0x4 ../../libDaisy//build\libdaisy.a(stm32h7xx_hal_spi.o)
                0x0800cdd8                HAL_SPI_TxRxHalfCpltCallback
 .text.SPI_DMAHalfTransmitReceiveCplt
                0x0800cddc        0xc ../../libDaisy//build\libdaisy.a(stm32h7xx_hal_spi.o)
 .text.SPI_DMAError
                0x0800cde8       0xd8 ../../libDaisy//build\libdaisy.a(stm32h7xx_hal_spi.o)
 .text.HAL_SPI_IRQHandler
                0x0800cec0      0x23c ../../libDaisy//build\libdaisy.a(stm32h7xx_hal_spi.o)
                0x0800cec0                HAL_SPI_IRQHandler
 .text.SPI_DMAAbortOnError
                0x0800d0fc       0x1c ../../libDaisy//build\libdaisy.a(stm32h7xx_hal_spi.o)
 .text.HAL_SPI_GetState
                0x0800d118        0x8 ../../libDaisy//build\libdaisy.a(stm32h7xx_hal_spi.o)
                0x0800d118                HAL_SPI_GetState
 .text._ZN7daisysp4Adsr4InitEfi
                0x0800d120       0xe0 ../../DaisySP//build\libdaisysp.a(adsr.o)
                0x0800d120                daisysp::Adsr::Init(float, int)
 .text._ZN7daisysp4Adsr13SetAttackTimeEff
                0x0800d200       0xac ../../DaisySP//build\libdaisysp.a(adsr.o)
                0x0800d200                daisysp::Adsr::SetAttackTime(float, float)
 .text._ZN7daisysp4Adsr12SetDecayTimeEf
                0x0800d2ac       0x50 ../../DaisySP//build\libdaisysp.a(adsr.o)
                0x0800d2ac                daisysp::Adsr::SetDecayTime(float)
 .text._ZN7daisysp4Adsr14SetReleaseTimeEf
                0x0800d2fc       0x50 ../../DaisySP//build\libdaisysp.a(adsr.o)
                0x0800d2fc                daisysp::Adsr::SetReleaseTime(float)
 .text._ZN7daisysp4Adsr7ProcessEb
                0x0800d34c       0xb0 ../../DaisySP//build\libdaisysp.a(adsr.o)
                0x0800d34c                daisysp::Adsr::Process(bool)
 .text.__aeabi_atexit
                0x0800d3fc        0xa c:/users/danst/documents/daisytoolchain-0.3.3/windows/bin/../lib/gcc/arm-none-eabi/10.2.1/../../../../arm-none-eabi/lib/thumb/v7e-m+dp/hard\libstdc++_nano.a(atexit_arm.o)
                0x0800d3fc                __aeabi_atexit
 *fill*         0x0800d406        0x2 
 .text.expf     0x0800d408       0xe4 c:/users/danst/documents/daisytoolchain-0.3.3/windows/bin/../lib/gcc/arm-none-eabi/10.2.1/../../../../arm-none-eabi/lib/thumb/v7e-m+dp/hard\libm.a(lib_a-sf_exp.o)
                0x0800d408                expf
 .text.logf     0x0800d4ec       0xc8 c:/users/danst/documents/daisytoolchain-0.3.3/windows/bin/../lib/gcc/arm-none-eabi/10.2.1/../../../../arm-none-eabi/lib/thumb/v7e-m+dp/hard\libm.a(lib_a-sf_log.o)
                0x0800d4ec                logf
 *fill*         0x0800d5b4        0x4 
 .text.powf     0x0800d5b8      0x328 c:/users/danst/documents/daisytoolchain-0.3.3/windows/bin/../lib/gcc/arm-none-eabi/10.2.1/../../../../arm-none-eabi/lib/thumb/v7e-m+dp/hard\libm.a(lib_a-sf_pow.o)
                0x0800d5b8                powf
 .text.with_errnof
                0x0800d8e0       0x18 c:/users/danst/documents/daisytoolchain-0.3.3/windows/bin/../lib/gcc/arm-none-eabi/10.2.1/../../../../arm-none-eabi/lib/thumb/v7e-m+dp/hard\libm.a(lib_a-math_errf.o)
 .text.xflowf   0x0800d8f8       0x20 c:/users/danst/documents/daisytoolchain-0.3.3/windows/bin/../lib/gcc/arm-none-eabi/10.2.1/../../../../arm-none-eabi/lib/thumb/v7e-m+dp/hard\libm.a(lib_a-math_errf.o)
 .text.__math_uflowf
                0x0800d918        0xc c:/users/danst/documents/daisytoolchain-0.3.3/windows/bin/../lib/gcc/arm-none-eabi/10.2.1/../../../../arm-none-eabi/lib/thumb/v7e-m+dp/hard\libm.a(lib_a-math_errf.o)
                0x0800d918                __math_uflowf
 .text.__math_may_uflowf
                0x0800d924        0xc c:/users/danst/documents/daisytoolchain-0.3.3/windows/bin/../lib/gcc/arm-none-eabi/10.2.1/../../../../arm-none-eabi/lib/thumb/v7e-m+dp/hard\libm.a(lib_a-math_errf.o)
                0x0800d924                __math_may_uflowf
 .text.__math_oflowf
                0x0800d930        0xc c:/users/danst/documents/daisytoolchain-0.3.3/windows/bin/../lib/gcc/arm-none-eabi/10.2.1/../../../../arm-none-eabi/lib/thumb/v7e-m+dp/hard\libm.a(lib_a-math_errf.o)
                0x0800d930                __math_oflowf
 .text.__math_divzerof
                0x0800d93c       0x24 c:/users/danst/documents/daisytoolchain-0.3.3/windows/bin/../lib/gcc/arm-none-eabi/10.2.1/../../../../arm-none-eabi/lib/thumb/v7e-m+dp/hard\libm.a(lib_a-math_errf.o)
                0x0800d93c                __math_divzerof
 .text.__math_invalidf
                0x0800d960       0x20 c:/users/danst/documents/daisytoolchain-0.3.3/windows/bin/../lib/gcc/arm-none-eabi/10.2.1/../../../../arm-none-eabi/lib/thumb/v7e-m+dp/hard\libm.a(lib_a-math_errf.o)
                0x0800d960                __math_invalidf
 .text.calloc   0x0800d980       0x10 c:/users/danst/documents/daisytoolchain-0.3.3/windows/bin/../lib/gcc/arm-none-eabi/10.2.1/../../../../arm-none-eabi/lib/thumb/v7e-m+dp/hard\libc_nano.a(lib_a-calloc.o)
                0x0800d980                calloc
 .text.__cxa_atexit
                0x0800d990       0x1c c:/users/danst/documents/daisytoolchain-0.3.3/windows/bin/../lib/gcc/arm-none-eabi/10.2.1/../../../../arm-none-eabi/lib/thumb/v7e-m+dp/hard\libc_nano.a(lib_a-cxa_atexit.o)
                0x0800d990                __cxa_atexit
 .text.__errno  0x0800d9ac        0xc c:/users/danst/documents/daisytoolchain-0.3.3/windows/bin/../lib/gcc/arm-none-eabi/10.2.1/../../../../arm-none-eabi/lib/thumb/v7e-m+dp/hard\libc_nano.a(lib_a-errno.o)
                0x0800d9ac                __errno
 .text.__libc_init_array
                0x0800d9b8       0x48 c:/users/danst/documents/daisytoolchain-0.3.3/windows/bin/../lib/gcc/arm-none-eabi/10.2.1/../../../../arm-none-eabi/lib/thumb/v7e-m+dp/hard\libc_nano.a(lib_a-init.o)
                0x0800d9b8                __libc_init_array
 .text.free     0x0800da00       0x10 c:/users/danst/documents/daisytoolchain-0.3.3/windows/bin/../lib/gcc/arm-none-eabi/10.2.1/../../../../arm-none-eabi/lib/thumb/v7e-m+dp/hard\libc_nano.a(lib_a-malloc.o)
                0x0800da00                free
 .text.memcpy   0x0800da10       0x1c c:/users/danst/documents/daisytoolchain-0.3.3/windows/bin/../lib/gcc/arm-none-eabi/10.2.1/../../../../arm-none-eabi/lib/thumb/v7e-m+dp/hard\libc_nano.a(lib_a-memcpy-stub.o)
                0x0800da10                memcpy
 .text.memset   0x0800da2c       0x10 c:/users/danst/documents/daisytoolchain-0.3.3/windows/bin/../lib/gcc/arm-none-eabi/10.2.1/../../../../arm-none-eabi/lib/thumb/v7e-m+dp/hard\libc_nano.a(lib_a-memset.o)
                0x0800da2c                memset
 .text._calloc_r
                0x0800da3c       0x1e c:/users/danst/documents/daisytoolchain-0.3.3/windows/bin/../lib/gcc/arm-none-eabi/10.2.1/../../../../arm-none-eabi/lib/thumb/v7e-m+dp/hard\libc_nano.a(lib_a-nano-callocr.o)
                0x0800da3c                _calloc_r
 *fill*         0x0800da5a        0x2 
 .text._free_r  0x0800da5c       0x98 c:/users/danst/documents/daisytoolchain-0.3.3/windows/bin/../lib/gcc/arm-none-eabi/10.2.1/../../../../arm-none-eabi/lib/thumb/v7e-m+dp/hard\libc_nano.a(lib_a-nano-freer.o)
                0x0800da5c                _free_r
 .text._malloc_r
                0x0800daf4       0xb4 c:/users/danst/documents/daisytoolchain-0.3.3/windows/bin/../lib/gcc/arm-none-eabi/10.2.1/../../../../arm-none-eabi/lib/thumb/v7e-m+dp/hard\libc_nano.a(lib_a-nano-mallocr.o)
                0x0800daf4                _malloc_r
 .text.printf   0x0800dba8       0x30 c:/users/danst/documents/daisytoolchain-0.3.3/windows/bin/../lib/gcc/arm-none-eabi/10.2.1/../../../../arm-none-eabi/lib/thumb/v7e-m+dp/hard\libc_nano.a(lib_a-printf.o)
                0x0800dba8                iprintf
                0x0800dba8                printf
 .text.putchar  0x0800dbd8       0x2c c:/users/danst/documents/daisytoolchain-0.3.3/windows/bin/../lib/gcc/arm-none-eabi/10.2.1/../../../../arm-none-eabi/lib/thumb/v7e-m+dp/hard\libc_nano.a(lib_a-putchar.o)
                0x0800dbd8                putchar
 .text._sbrk_r  0x0800dc04       0x20 c:/users/danst/documents/daisytoolchain-0.3.3/windows/bin/../lib/gcc/arm-none-eabi/10.2.1/../../../../arm-none-eabi/lib/thumb/v7e-m+dp/hard\libc_nano.a(lib_a-sbrkr.o)
                0x0800dc04                _sbrk_r
 .text._vsnprintf_r
                0x0800dc24       0x56 c:/users/danst/documents/daisytoolchain-0.3.3/windows/bin/../lib/gcc/arm-none-eabi/10.2.1/../../../../arm-none-eabi/lib/thumb/v7e-m+dp/hard\libc_nano.a(lib_a-vsnprintf.o)
                0x0800dc24                _vsniprintf_r
                0x0800dc24                _vsnprintf_r
 *fill*         0x0800dc7a        0x2 
 .text.vsnprintf
                0x0800dc7c       0x1c c:/users/danst/documents/daisytoolchain-0.3.3/windows/bin/../lib/gcc/arm-none-eabi/10.2.1/../../../../arm-none-eabi/lib/thumb/v7e-m+dp/hard\libc_nano.a(lib_a-vsnprintf.o)
                0x0800dc7c                vsniprintf
                0x0800dc7c                vsnprintf
 .text._write_r
                0x0800dc98       0x24 c:/users/danst/documents/daisytoolchain-0.3.3/windows/bin/../lib/gcc/arm-none-eabi/10.2.1/../../../../arm-none-eabi/lib/thumb/v7e-m+dp/hard\libc_nano.a(lib_a-writer.o)
                0x0800dc98                _write_r
 .text.std      0x0800dcbc       0x48 c:/users/danst/documents/daisytoolchain-0.3.3/windows/bin/../lib/gcc/arm-none-eabi/10.2.1/../../../../arm-none-eabi/lib/thumb/v7e-m+dp/hard\libc_nano.a(lib_a-findfp.o)
 .text._cleanup_r
                0x0800dd04        0xc c:/users/danst/documents/daisytoolchain-0.3.3/windows/bin/../lib/gcc/arm-none-eabi/10.2.1/../../../../arm-none-eabi/lib/thumb/v7e-m+dp/hard\libc_nano.a(lib_a-findfp.o)
                0x0800dd04                _cleanup_r
 .text.__sfmoreglue
                0x0800dd10       0x2c c:/users/danst/documents/daisytoolchain-0.3.3/windows/bin/../lib/gcc/arm-none-eabi/10.2.1/../../../../arm-none-eabi/lib/thumb/v7e-m+dp/hard\libc_nano.a(lib_a-findfp.o)
                0x0800dd10                __sfmoreglue
 .text.__sfp_lock_acquire
                0x0800dd3c        0xc c:/users/danst/documents/daisytoolchain-0.3.3/windows/bin/../lib/gcc/arm-none-eabi/10.2.1/../../../../arm-none-eabi/lib/thumb/v7e-m+dp/hard\libc_nano.a(lib_a-findfp.o)
                0x0800dd3c                __sfp_lock_acquire
 .text.__sfp_lock_release
                0x0800dd48        0xc c:/users/danst/documents/daisytoolchain-0.3.3/windows/bin/../lib/gcc/arm-none-eabi/10.2.1/../../../../arm-none-eabi/lib/thumb/v7e-m+dp/hard\libc_nano.a(lib_a-findfp.o)
                0x0800dd48                __sfp_lock_release
 .text.__sinit_lock_acquire
                0x0800dd54        0xc c:/users/danst/documents/daisytoolchain-0.3.3/windows/bin/../lib/gcc/arm-none-eabi/10.2.1/../../../../arm-none-eabi/lib/thumb/v7e-m+dp/hard\libc_nano.a(lib_a-findfp.o)
                0x0800dd54                __sinit_lock_acquire
 .text.__sinit_lock_release
                0x0800dd60        0xc c:/users/danst/documents/daisytoolchain-0.3.3/windows/bin/../lib/gcc/arm-none-eabi/10.2.1/../../../../arm-none-eabi/lib/thumb/v7e-m+dp/hard\libc_nano.a(lib_a-findfp.o)
                0x0800dd60                __sinit_lock_release
 .text.__sinit  0x0800dd6c       0x70 c:/users/danst/documents/daisytoolchain-0.3.3/windows/bin/../lib/gcc/arm-none-eabi/10.2.1/../../../../arm-none-eabi/lib/thumb/v7e-m+dp/hard\libc_nano.a(lib_a-findfp.o)
                0x0800dd6c                __sinit
 .text.__sfp    0x0800dddc       0x8c c:/users/danst/documents/daisytoolchain-0.3.3/windows/bin/../lib/gcc/arm-none-eabi/10.2.1/../../../../arm-none-eabi/lib/thumb/v7e-m+dp/hard\libc_nano.a(lib_a-findfp.o)
                0x0800dddc                __sfp
 .text._fwalk_reent
                0x0800de68       0x3e c:/users/danst/documents/daisytoolchain-0.3.3/windows/bin/../lib/gcc/arm-none-eabi/10.2.1/../../../../arm-none-eabi/lib/thumb/v7e-m+dp/hard\libc_nano.a(lib_a-fwalk.o)
                0x0800de68                _fwalk_reent
 .text.__retarget_lock_init_recursive
                0x0800dea6        0x2 c:/users/danst/documents/daisytoolchain-0.3.3/windows/bin/../lib/gcc/arm-none-eabi/10.2.1/../../../../arm-none-eabi/lib/thumb/v7e-m+dp/hard\libc_nano.a(lib_a-lock.o)
                0x0800dea6                __retarget_lock_init_recursive
 .text.__retarget_lock_acquire_recursive
                0x0800dea8        0x2 c:/users/danst/documents/daisytoolchain-0.3.3/windows/bin/../lib/gcc/arm-none-eabi/10.2.1/../../../../arm-none-eabi/lib/thumb/v7e-m+dp/hard\libc_nano.a(lib_a-lock.o)
                0x0800dea8                __retarget_lock_acquire_recursive
 .text.__retarget_lock_release_recursive
                0x0800deaa        0x2 c:/users/danst/documents/daisytoolchain-0.3.3/windows/bin/../lib/gcc/arm-none-eabi/10.2.1/../../../../arm-none-eabi/lib/thumb/v7e-m+dp/hard\libc_nano.a(lib_a-lock.o)
                0x0800deaa                __retarget_lock_release_recursive
 .text.__malloc_lock
                0x0800deac        0xc c:/users/danst/documents/daisytoolchain-0.3.3/windows/bin/../lib/gcc/arm-none-eabi/10.2.1/../../../../arm-none-eabi/lib/thumb/v7e-m+dp/hard\libc_nano.a(lib_a-mlock.o)
                0x0800deac                __malloc_lock
 .text.__malloc_unlock