Archive member included to satisfy reference by file (symbol)

../../libDaisy//build\libdaisy.a(daisy_seed.o)
                              build/2cock.o (daisy::DaisySeed::GetPin(unsigned char))
../../libDaisy//build\libdaisy.a(codec_ak4556.o)
                              ../../libDaisy//build\libdaisy.a(daisy_seed.o) (daisy::Ak4556::Init(dsy_gpio_pin))
../../libDaisy//build\libdaisy.a(codec_wm8731.o)
                              ../../libDaisy//build\libdaisy.a(daisy_seed.o) (daisy::Wm8731::Init(daisy::Wm8731::Config const&, daisy::I2CHandle))
../../libDaisy//build\libdaisy.a(sdram.o)
                              ../../libDaisy//build\libdaisy.a(daisy_seed.o) (SdramHandle::Init())
../../libDaisy//build\libdaisy.a(audio.o)
                              ../../libDaisy//build\libdaisy.a(daisy_seed.o) (daisy::AudioHandle::Init(daisy::AudioHandle::Config const&, daisy::SaiHandle))
../../libDaisy//build\libdaisy.a(logger.o)
                              build/2cock.o (daisy::Logger<(daisy::LoggerDestination)1>::PrintLine(char const*, ...))
../../libDaisy//build\libdaisy.a(switch.o)
                              build/2cock.o (daisy::Switch::Init(dsy_gpio_pin, float))
../../libDaisy//build\libdaisy.a(usb.o)
                              ../../libDaisy//build\libdaisy.a(logger.o) (daisy::UsbHandle::Init(daisy::UsbHandle::UsbPeriph))
../../libDaisy//build\libdaisy.a(adc.o)
                              build/2cock.o (daisy::AdcChannelConfig::InitSingle(dsy_gpio_pin))
../../libDaisy//build\libdaisy.a(dac.o)
                              build/2cock.o (daisy::DacHandle::Init(daisy::DacHandle::Config const&))
../../libDaisy//build\libdaisy.a(gpio.o)
                              build/2cock.o (daisy::GPIO::Write(bool))
../../libDaisy//build\libdaisy.a(i2c.o)
                              ../../libDaisy//build\libdaisy.a(daisy_seed.o) (daisy::I2CHandle::Init(daisy::I2CHandle::Config const&))
../../libDaisy//build\libdaisy.a(qspi.o)
                              ../../libDaisy//build\libdaisy.a(daisy_seed.o) (daisy::QSPIHandle::Init(daisy::QSPIHandle::Config const&))
../../libDaisy//build\libdaisy.a(sai.o)
                              ../../libDaisy//build\libdaisy.a(daisy_seed.o) (daisy::SaiHandle::Init(daisy::SaiHandle::Config const&))
../../libDaisy//build\libdaisy.a(tim.o)
                              build/2cock.o (daisy::TimerHandle::Init(daisy::TimerHandle::Config const&))
../../libDaisy//build\libdaisy.a(system.o)
                              ../../libDaisy//build\libdaisy.a(daisy_seed.o) (daisy::System::DeInit())
../../libDaisy//build\libdaisy.a(system_stm32h7xx.o)
                              build/startup_stm32h750xx.o (SystemInit)
../../libDaisy//build\libdaisy.a(usbd_cdc_if.o)
                              ../../libDaisy//build\libdaisy.a(usb.o) (CDC_Transmit_FS)
../../libDaisy//build\libdaisy.a(usbd_conf.o)
                              ../../libDaisy//build\libdaisy.a(system.o) (hpcd_USB_OTG_HS)
../../libDaisy//build\libdaisy.a(usbd_desc.o)
                              ../../libDaisy//build\libdaisy.a(usb.o) (HS_Desc)
../../libDaisy//build\libdaisy.a(usbh_conf.o)
                              ../../libDaisy//build\libdaisy.a(system.o) (hhcd_USB_OTG_HS)
../../libDaisy//build\libdaisy.a(hal_map.o)
                              ../../libDaisy//build\libdaisy.a(gpio.o) (dsy_hal_map_get_port)
../../libDaisy//build\libdaisy.a(stm32h7xx_hal.o)
                              ../../libDaisy//build\libdaisy.a(system.o) (HAL_Init)
../../libDaisy//build\libdaisy.a(stm32h7xx_hal_adc.o)
                              ../../libDaisy//build\libdaisy.a(adc.o) (HAL_ADC_ConfigChannel)
../../libDaisy//build\libdaisy.a(stm32h7xx_hal_adc_ex.o)
                              ../../libDaisy//build\libdaisy.a(adc.o) (HAL_ADCEx_Calibration_Start)
../../libDaisy//build\libdaisy.a(stm32h7xx_hal_cortex.o)
                              ../../libDaisy//build\libdaisy.a(stm32h7xx_hal.o) (HAL_NVIC_SetPriorityGrouping)
../../libDaisy//build\libdaisy.a(stm32h7xx_hal_dac.o)
                              ../../libDaisy//build\libdaisy.a(dac.o) (HAL_DAC_Init)
../../libDaisy//build\libdaisy.a(stm32h7xx_hal_dac_ex.o)
                              ../../libDaisy//build\libdaisy.a(stm32h7xx_hal_dac.o) (HAL_DACEx_DMAUnderrunCallbackCh2)
../../libDaisy//build\libdaisy.a(stm32h7xx_hal_dma.o)
                              ../../libDaisy//build\libdaisy.a(adc.o) (HAL_DMA_Init)
../../libDaisy//build\libdaisy.a(stm32h7xx_hal_gpio.o)
                              ../../libDaisy//build\libdaisy.a(sdram.o) (HAL_GPIO_Init)
../../libDaisy//build\libdaisy.a(stm32h7xx_hal_hcd.o)
                              ../../libDaisy//build\libdaisy.a(usbh_conf.o) (HAL_HCD_HC_Init)
../../libDaisy//build\libdaisy.a(stm32h7xx_hal_i2c.o)
                              ../../libDaisy//build\libdaisy.a(i2c.o) (HAL_I2C_Init)
../../libDaisy//build\libdaisy.a(stm32h7xx_hal_i2c_ex.o)
[...]
Memory Configuration

Name             Origin             Length             Attributes
FLASH            0x08000000         0x00020000         xr
DTCMRAM          0x20000000         0x00020000         xrw
SRAM             0x24000000         0x00080000         xrw
RAM_D2           0x30000000         0x00048000         xrw
RAM_D3           0x38000000         0x00010000         xrw
ITCMRAM          0x00000000         0x00010000         xrw
SDRAM            0xc0000000         0x04000000         xrw
QSPIFLASH        0x90000000         0x00800000         xr
*default*        0x00000000         0xffffffff

Linker script and memory map

LOAD c:/users/danst/documents/daisytoolchain-0.3.3/windows/bin/../lib/gcc/arm-none-eabi/10.2.1/thumb/v7e-m+dp/hard/crti.o
LOAD c:/users/danst/documents/daisytoolchain-0.3.3/windows/bin/../lib/gcc/arm-none-eabi/10.2.1/thumb/v7e-m+dp/hard/crtbegin.o
LOAD c:/users/danst/documents/daisytoolchain-0.3.3/windows/bin/../lib/gcc/arm-none-eabi/10.2.1/../../../../arm-none-eabi/lib/thumb/v7e-m+dp/hard/crt0.o
LOAD build/startup_stm32h750xx.o
LOAD build/2cock.o
LOAD ../../libDaisy//build\libdaisy.a
LOAD c:/users/danst/documents/daisytoolchain-0.3.3/windows/bin/../lib/gcc/arm-none-eabi/10.2.1/../../../../arm-none-eabi/lib/thumb/v7e-m+dp/hard\libnosys.a
LOAD ../../DaisySP//build\libdaisysp.a
LOAD c:/users/danst/documents/daisytoolchain-0.3.3/windows/bin/../lib/gcc/arm-none-eabi/10.2.1/../../../../arm-none-eabi/lib/thumb/v7e-m+dp/hard\libstdc++_nano.a
LOAD c:/users/danst/documents/daisytoolchain-0.3.3/windows/bin/../lib/gcc/arm-none-eabi/10.2.1/../../../../arm-none-eabi/lib/thumb/v7e-m+dp/hard\libm.a
LOAD c:/users/danst/documents/daisytoolchain-0.3.3/windows/bin/../lib/gcc/arm-none-eabi/10.2.1/../../../../arm-none-eabi/lib/thumb/v7e-m+dp/hard\libc_nano.a
START GROUP
LOAD c:/users/danst/documents/daisytoolchain-0.3.3/windows/bin/../lib/gcc/arm-none-eabi/10.2.1/thumb/v7e-m+dp/hard\libgcc.a
LOAD c:/users/danst/documents/daisytoolchain-0.3.3/windows/bin/../lib/gcc/arm-none-eabi/10.2.1/../../../../arm-none-eabi/lib/thumb/v7e-m+dp/hard\libc_nano.a
END GROUP
START GROUP
LOAD c:/users/danst/documents/daisytoolchain-0.3.3/windows/bin/../lib/gcc/arm-none-eabi/10.2.1/thumb/v7e-m+dp/hard\libgcc.a
LOAD c:/users/danst/documents/daisytoolchain-0.3.3/windows/bin/../lib/gcc/arm-none-eabi/10.2.1/../../../../arm-none-eabi/lib/thumb/v7e-m+dp/hard\libc_nano.a
LOAD c:/users/danst/documents/daisytoolchain-0.3.3/windows/bin/../lib/gcc/arm-none-eabi/10.2.1/../../../../arm-none-eabi/lib/thumb/v7e-m+dp/hard\libnosys.a
END GROUP
START GROUP
LOAD c:/users/danst/documents/daisytoolchain-0.3.3/windows/bin/../lib/gcc/arm-none-eabi/10.2.1/thumb/v7e-m+dp/hard\libgcc.a
LOAD c:/users/danst/documents/daisytoolchain-0.3.3/windows/bin/../lib/gcc/arm-none-eabi/10.2.1/../../../../arm-none-eabi/lib/thumb/v7e-m+dp/hard\libc_nano.a
LOAD c:/users/danst/documents/daisytoolchain-0.3.3/windows/bin/../lib/gcc/arm-none-eabi/10.2.1/../../../../arm-none-eabi/lib/thumb/v7e-m+dp/hard\libnosys.a
END GROUP
LOAD c:/users/danst/documents/daisytoolchain-0.3.3/windows/bin/../lib/gcc/arm-none-eabi/10.2.1/thumb/v7e-m+dp/hard/crtend.o
LOAD c:/users/danst/documents/daisytoolchain-0.3.3/windows/bin/../lib/gcc/arm-none-eabi/10.2.1/thumb/v7e-m+dp/hard/crtn.o
                0x20020000                _estack = 0x20020000

.isr_vector     0x08000000      0x298
                0x08000000                . = ALIGN (0x4)
 *(.isr_vector)
 .isr_vector    0x08000000      0x298 build/startup_stm32h750xx.o
                0x08000000                g_pfnVectors
                0x08000298                . = ALIGN (0x4)

.text           0x080002a0    0x12b10
                0x080002a0                . = ALIGN (0x4)
                0x080002a0                _stext = .
 *(.text)
 .text          0x080002a0       0x40 c:/users/danst/documents/daisytoolchain-0.3.3/windows/bin/../lib/gcc/arm-none-eabi/10.2.1/thumb/v7e-m+dp/hard/crtbegin.o
 .text          0x080002e0       0xa0 c:/users/danst/documents/daisytoolchain-0.3.3/windows/bin/../lib/gcc/arm-none-eabi/10.2.1/../../../../arm-none-eabi/lib/thumb/v7e-m+dp/hard\libc_nano.a(lib_a-memchr.o)
                0x080002e0                memchr
 .text          0x08000380       0x30 c:/users/danst/documents/daisytoolchain-0.3.3/windows/bin/../lib/gcc/arm-none-eabi/10.2.1/thumb/v7e-m+dp/hard\libgcc.a(_aeabi_uldivmod.o)
                0x08000380                __aeabi_uldivmod
 .text          0x080003b0      0x2d0 c:/users/danst/documents/daisytoolchain-0.3.3/windows/bin/../lib/gcc/arm-none-eabi/10.2.1/thumb/v7e-m+dp/hard\libgcc.a(_udivmoddi4.o)
                0x080003b0                __udivmoddi4
 .text          0x08000680        0x4 c:/users/danst/documents/daisytoolchain-0.3.3/windows/bin/../lib/gcc/arm-none-eabi/10.2.1/thumb/v7e-m+dp/hard\libgcc.a(_dvmd_tls.o)
                0x08000680                __aeabi_idiv0
                0x08000680                __aeabi_ldiv0
 *(.text*)
 .text.Default_Handler
                0x08000684        0x4 build/startup_stm32h750xx.o
                0x08000684                RTC_Alarm_IRQHandler
                0x08000684                HASH_RNG_IRQHandler
                0x08000684                EXTI2_IRQHandler
                0x08000684                TIM8_CC_IRQHandler
                0x08000684                HRTIM1_Master_IRQHandler
                0x08000684                DebugMon_Handler
                0x08000684                TIM1_CC_IRQHandler
                0x08000684                BDMA_Channel6_IRQHandler
                0x08000684                DMA2_Stream5_IRQHandler
                0x08000684                HRTIM1_FLT_IRQHandler
                0x08000684                JPEG_IRQHandler
                0x08000684                BDMA_Channel1_IRQHandler
                0x08000684                HRTIM1_TIMD_IRQHandler
                0x08000684                TAMP_STAMP_IRQHandler
                0x08000684                PendSV_Handler
                0x08000684                NMI_Handler
                0x08000684                EXTI3_IRQHandler
                0x08000684                LPTIM4_IRQHandler
                0x08000684                TIM8_TRG_COM_TIM14_IRQHandler
                0x08000684                LPTIM2_IRQHandler
                0x08000684                DFSDM1_FLT1_IRQHandler
                0x08000684                DMAMUX2_OVR_IRQHandler
                0x08000684                TIM8_UP_TIM13_IRQHandler
                0x08000684                I2C3_ER_IRQHandler
                0x08000684                DFSDM1_FLT2_IRQHandler
                0x08000684                MDMA_IRQHandler
                0x08000684                LPTIM3_IRQHandler
                0x08000684                HSEM1_IRQHandler
                0x08000684                EXTI0_IRQHandler
                0x08000684                FPU_IRQHandler
                0x08000684                OTG_HS_WKUP_IRQHandler
                0x08000684                FDCAN1_IT1_IRQHandler
                0x08000684                UsageFault_Handler
                0x08000684                LTDC_ER_IRQHandler
                0x08000684                HRTIM1_TIME_IRQHandler
                0x08000684                DCMI_IRQHandler
                0x08000684                HRTIM1_TIMC_IRQHandler
                0x08000684                SAI2_IRQHandler
                0x08000684                DFSDM1_FLT3_IRQHandler
                0x08000684                TIM17_IRQHandler
                0x08000684                CRYP_IRQHandler
                0x08000684                BDMA_Channel7_IRQHandler
                0x08000684                LPTIM5_IRQHandler
                0x08000684                ADC3_IRQHandler
                0x08000684                BDMA_Channel2_IRQHandler
                0x08000684                DMAMUX1_OVR_IRQHandler
                0x08000684                TIM16_IRQHandler
                0x08000684                BDMA_Channel5_IRQHandler
                0x08000684                RCC_IRQHandler
                0x08000684                TIM8_BRK_TIM12_IRQHandler
                0x08000684                TIM1_TRG_COM_IRQHandler
                0x08000684                Default_Handler
                0x08000684                ECC_IRQHandler
                0x08000684                CEC_IRQHandler
                0x08000684                EXTI15_10_IRQHandler
                0x08000684                BDMA_Channel0_IRQHandler
                0x08000684                ADC_IRQHandler
                0x08000684                DMA1_Stream7_IRQHandler
                0x08000684                HRTIM1_TIMA_IRQHandler
                0x08000684                TIM7_IRQHandler
                0x08000684                SDMMC1_IRQHandler
                0x08000684                DMA2_Stream7_IRQHandler
                0x08000684                TIM15_IRQHandler
                0x08000684                PVD_AVD_IRQHandler
                0x08000684                EXTI9_5_IRQHandler
                0x08000684                RTC_WKUP_IRQHandler
                0x08000684                LTDC_IRQHandler
                0x08000684                SAI3_IRQHandler
                0x08000684                ETH_WKUP_IRQHandler
                0x08000684                SPDIF_RX_IRQHandler
                0x08000684                MemManage_Handler
                0x08000684                SVC_Handler
                0x08000684                CRS_IRQHandler
                0x08000684                EXTI4_IRQHandler
                0x08000684                HRTIM1_TIMB_IRQHandler
                0x08000684                FDCAN2_IT1_IRQHandler
                0x08000684                ETH_IRQHandler
                0x08000684                TIM1_UP_IRQHandler
                0x08000684                BDMA_Channel4_IRQHandler
                0x08000684                WWDG_IRQHandler
                0x08000684                SPI6_IRQHandler
                0x08000684                I2C4_EV_IRQHandler
                0x08000684                MDIOS_IRQHandler
                0x08000684                FDCAN2_IT0_IRQHandler
                0x08000684                FDCAN1_IT0_IRQHandler
                0x08000684                OTG_FS_WKUP_IRQHandler
                0x08000684                DMA2D_IRQHandler
                0x08000684                TIM1_BRK_IRQHandler
                0x08000684                EXTI1_IRQHandler
                0x08000684                SDMMC2_IRQHandler
                0x08000684                BDMA_Channel3_IRQHandler
                0x08000684                MDIOS_WKUP_IRQHandler
                0x08000684                DFSDM1_FLT0_IRQHandler
                0x08000684                SAI4_IRQHandler
                0x08000684                I2C2_ER_IRQHandler
                0x08000684                FLASH_IRQHandler
                0x08000684                BusFault_Handler
                0x08000684                WAKEUP_PIN_IRQHandler
                0x08000684                I2C1_ER_IRQHandler
                0x08000684                FMC_IRQHandler
                0x08000684                FDCAN_CAL_IRQHandler
                0x08000684                SWPMI1_IRQHandler
                0x08000684                COMP1_IRQHandler
                0x08000684                LPTIM1_IRQHandler
                0x08000684                I2C4_ER_IRQHandler
                0x08000684                DMA2_Stream6_IRQHandler
                0x08000684                SAI1_IRQHandler
 .text.Reset_Handler
                0x08000688       0x44 build/startup_stm32h750xx.o
                0x08000688                Reset_Handler
 .text._ZN5daisy6SwitchD2Ev
                0x080006cc        0x4 build/2cock.o
                0x080006cc                daisy::Switch::~Switch()
                0x080006cc                daisy::Switch::~Switch()
 .text._ZN5daisy9DaisySeedD2Ev
                0x080006d0        0x4 build/2cock.o
                0x080006d0                daisy::DaisySeed::~DaisySeed()
                0x080006d0                daisy::DaisySeed::~DaisySeed()
 .text._ZN7daisysp4AdsrD2Ev
                0x080006d4        0x4 build/2cock.o
                0x080006d4                daisysp::Adsr::~Adsr()
                0x080006d4                daisysp::Adsr::~Adsr()
 .text._ZN7daisysp9DelayLineIbLj192000EED2Ev
                0x080006d8        0x4 build/2cock.o
                0x080006d8                daisysp::DelayLine<bool, 192000u>::~DelayLine()
                0x080006d8                daisysp::DelayLine<bool, 192000u>::~DelayLine()
 .text._Z9handleDacPPtj
                0x080006dc       0xfc build/2cock.o
                0x080006dc                handleDac(unsigned short**, unsigned int)
 .text._Z7initADCv
                0x080007d8      0x10c build/2cock.o
                0x080007d8                initADC()
 .text._Z7initDACv
                0x080008e4       0x40 build/2cock.o
                0x080008e4                initDAC()
 .text._Z20initTriggersAndGatesv
                0x08000924       0x7c build/2cock.o
                0x08000924                initTriggersAndGates()
 .text._Z22handleTriggersAndGatesv
                0x080009a0      0x140 build/2cock.o
                0x080009a0                handleTriggersAndGates()
 .text.startup.main
                0x08000ae0       0x54 build/2cock.o
                0x08000ae0                main
 .text.startup._GLOBAL__sub_I_hw
                0x08000b34       0xe0 build/2cock.o
 .text._ZN5daisy9DaisySeed6GetPinEh
                0x08000c14       0x2c ../../libDaisy//build\libdaisy.a(daisy_seed.o)
                0x08000c14                daisy::DaisySeed::GetPin(unsigned char)
 .text._ZN5daisy9DaisySeed6SetLedEb
                0x08000c40        0x8 ../../libDaisy//build\libdaisy.a(daisy_seed.o)
                0x08000c40                daisy::DaisySeed::SetLed(bool)
 .text._ZN5daisy9DaisySeed14ConfigureAudioEv
                0x08000c48       0xd0 ../../libDaisy//build\libdaisy.a(daisy_seed.o)
                0x08000c48                daisy::DaisySeed::ConfigureAudio()
 .text._ZN5daisy9DaisySeed4InitEb
                0x08000d18       0xf0 ../../libDaisy//build\libdaisy.a(daisy_seed.o)
                0x08000d18                daisy::DaisySeed::Init(bool)
 .text._ZN5daisy6Ak45564InitE12dsy_gpio_pin
                0x08000e08       0x44 ../../libDaisy//build\libdaisy.a(codec_ak4556.o)
                0x08000e08                daisy::Ak4556::Init(dsy_gpio_pin)
 .text._ZN5daisy6Wm873120WriteControlRegisterEht
                0x08000e4c       0x3c ../../libDaisy//build\libdaisy.a(codec_wm8731.o)
                0x08000e4c                daisy::Wm8731::WriteControlRegister(unsigned char, unsigned short)
 .text._ZN5daisy6Wm87314InitERKNS0_6ConfigENS_9I2CHandleE
                0x08000e88      0x1bc ../../libDaisy//build\libdaisy.a(codec_wm8731.o)
                0x08000e88                daisy::Wm8731::Init(daisy::Wm8731::Config const&, daisy::I2CHandle)
 .text._ZN11SdramHandle10DeviceInitEv
                0x08001044       0x98 ../../libDaisy//build\libdaisy.a(sdram.o)
                0x08001044                SdramHandle::DeviceInit()
 .text._ZN11SdramHandle4InitEv
                0x080010dc       0x7c ../../libDaisy//build\libdaisy.a(sdram.o)
                0x080010dc                SdramHandle::Init()
 .text.HAL_SDRAM_MspInit
                0x08001158      0x1a8 ../../libDaisy//build\libdaisy.a(sdram.o)
                0x08001158                HAL_SDRAM_MspInit
 .text._ZN5daisy11AudioHandle4InitERKNS0_6ConfigENS_9SaiHandleE
                0x08001300       0x70 ../../libDaisy//build\libdaisy.a(audio.o)
                0x08001300                daisy::AudioHandle::Init(daisy::AudioHandle::Config const&, daisy::SaiHandle)
 .text._ZNK5daisy11AudioHandle9GetConfigEv
                0x08001370        0x8 ../../libDaisy//build\libdaisy.a(audio.o)
                0x08001370                daisy::AudioHandle::GetConfig() const
 .text._ZN5daisy11AudioHandle13GetSampleRateEv
                0x08001378        0x8 ../../libDaisy//build\libdaisy.a(audio.o)
                0x08001378                daisy::AudioHandle::GetSampleRate()
 .text.startup._GLOBAL__sub_I__ZN5daisy11AudioHandle4Impl4InitENS0_6ConfigENS_9SaiHandleE
                0x08001380       0x24 ../../libDaisy//build\libdaisy.a(audio.o)
 .text._ZN5daisy9UsbHandleD2Ev
                0x080013a4        0x4 ../../libDaisy//build\libdaisy.a(logger.o)
                0x080013a4                daisy::UsbHandle::~UsbHandle()
                0x080013a4                daisy::UsbHandle::~UsbHandle()
 .text._ZN5daisy6LoggerILNS_17LoggerDestinationE1EE11TransmitBufEv
                0x080013a8       0x60 ../../libDaisy//build\libdaisy.a(logger.o)
                0x080013a8                daisy::Logger<(daisy::LoggerDestination)1>::TransmitBuf()
 .text._ZN5daisy6LoggerILNS_17LoggerDestinationE1EE13AppendNewLineEv
                0x08001408       0x60 ../../libDaisy//build\libdaisy.a(logger.o)
                0x08001408                daisy::Logger<(daisy::LoggerDestination)1>::AppendNewLine()
 .text._ZN5daisy6LoggerILNS_17LoggerDestinationE1EE10PrintLineVEPKcSt9__va_list
                0x08001468       0x30 ../../libDaisy//build\libdaisy.a(logger.o)
                0x08001468                daisy::Logger<(daisy::LoggerDestination)1>::PrintLineV(char const*, std::__va_list)
 .text._ZN5daisy6LoggerILNS_17LoggerDestinationE1EE9PrintLineEPKcz
                0x08001498       0x1c ../../libDaisy//build\libdaisy.a(logger.o)
                0x08001498                daisy::Logger<(daisy::LoggerDestination)1>::PrintLine(char const*, ...)
 .text._ZN5daisy6LoggerILNS_17LoggerDestinationE1EE8StartLogEb
                0x080014b4       0x40 ../../libDaisy//build\libdaisy.a(logger.o)
                0x080014b4                daisy::Logger<(daisy::LoggerDestination)1>::StartLog(bool)
 .text.startup._GLOBAL__sub_I__ZN5daisy10LoggerImplILNS_17LoggerDestinationE1EE11usb_handle_E
                0x080014f4       0x2c ../../libDaisy//build\libdaisy.a(logger.o)
 .text._ZN5daisy6Switch4InitE12dsy_gpio_pinf
                0x08001520       0x34 ../../libDaisy//build\libdaisy.a(switch.o)
                0x08001520                daisy::Switch::Init(dsy_gpio_pin, float)
 .text._ZN5daisy6Switch8DebounceEv
                0x08001554       0x5c ../../libDaisy//build\libdaisy.a(switch.o)
                0x08001554                daisy::Switch::Debounce()
 .text.DummyRxCallback
                0x080015b0        0x4 ../../libDaisy//build\libdaisy.a(usb.o)
                0x080015b0                DummyRxCallback
 .text._ZN5daisy9UsbHandle4InitENS0_9UsbPeriphE
                0x080015b4      0x10c ../../libDaisy//build\libdaisy.a(usb.o)
                0x080015b4                daisy::UsbHandle::Init(daisy::UsbHandle::UsbPeriph)
 .text._ZN5daisy9UsbHandle16TransmitInternalEPhj
                0x080016c0       0x14 ../../libDaisy//build\libdaisy.a(usb.o)
                0x080016c0                daisy::UsbHandle::TransmitInternal(unsigned char*, unsigned int)
 .text.OTG_FS_EP1_OUT_IRQHandler
                0x080016d4        0xc ../../libDaisy//build\libdaisy.a(usb.o)
                0x080016d4                OTG_FS_EP1_OUT_IRQHandler
 .text.OTG_FS_EP1_IN_IRQHandler
                0x080016e0        0xc ../../libDaisy//build\libdaisy.a(usb.o)
                0x080016e0                OTG_FS_EP1_IN_IRQHandler
 .text.OTG_FS_IRQHandler
                0x080016ec        0xc ../../libDaisy//build\libdaisy.a(usb.o)
                0x080016ec                OTG_FS_IRQHandler
 .text._ZN5daisy16AdcChannelConfig10InitSingleE12dsy_gpio_pin
                0x080016f8       0x1c ../../libDaisy//build\libdaisy.a(adc.o)
                0x080016f8                daisy::AdcChannelConfig::InitSingle(dsy_gpio_pin)
 .text._ZN5daisy16AdcChannelConfig7InitMuxE12dsy_gpio_pinjS1_S1_S1_
                0x08001714       0x5c ../../libDaisy//build\libdaisy.a(adc.o)
                0x08001714                daisy::AdcChannelConfig::InitMux(dsy_gpio_pin, unsigned int, dsy_gpio_pin, dsy_gpio_pin, dsy_gpio_pin)
 .text._ZN5daisy9AdcHandle4InitEPNS_16AdcChannelConfigEjNS0_12OverSamplingE
                0x08001770      0x3c8 ../../libDaisy//build\libdaisy.a(adc.o)
                0x08001770                daisy::AdcHandle::Init(daisy::AdcChannelConfig*, unsigned int, daisy::AdcHandle::OverSampling)
 .text._ZN5daisy9AdcHandle5StartEv
                0x08001b38       0x2c ../../libDaisy//build\libdaisy.a(adc.o)
                0x08001b38                daisy::AdcHandle::Start()
 .text.HAL_ADC_MspInit
                0x08001b64       0x98 ../../libDaisy//build\libdaisy.a(adc.o)
                0x08001b64                HAL_ADC_MspInit
 .text.DMA1_Stream2_IRQHandler
                0x08001bfc        0xc ../../libDaisy//build\libdaisy.a(adc.o)
                0x08001bfc                DMA1_Stream2_IRQHandler
 .text.HAL_ADC_ConvCpltCallback
                0x08001c08      0x148 ../../libDaisy//build\libdaisy.a(adc.o)
                0x08001c08                HAL_ADC_ConvCpltCallback
 .text.HAL_ADC_ErrorCallback
                0x08001d50        0x4 ../../libDaisy//build\libdaisy.a(adc.o)
                0x08001d50                HAL_ADC_ErrorCallback
 .text.HAL_DAC_MspInit
                0x08001d54      0x15c ../../libDaisy//build\libdaisy.a(dac.o)
                0x08001d54                HAL_DAC_MspInit
 .text.DMA2_Stream0_IRQHandler
                0x08001eb0        0xc ../../libDaisy//build\libdaisy.a(dac.o)
                0x08001eb0                DMA2_Stream0_IRQHandler
 .text.DMA2_Stream1_IRQHandler
                0x08001ebc        0xc ../../libDaisy//build\libdaisy.a(dac.o)
                0x08001ebc                DMA2_Stream1_IRQHandler
 .text.TIM6_DAC_IRQHandler
                0x08001ec8       0x1c ../../libDaisy//build\libdaisy.a(dac.o)
                0x08001ec8                TIM6_DAC_IRQHandler
 .text.HAL_DAC_ConvCpltCallbackCh1
                0x08001ee4       0x60 ../../libDaisy//build\libdaisy.a(dac.o)
                0x08001ee4                HAL_DAC_ConvCpltCallbackCh1
 .text.HAL_DAC_ConvHalfCpltCallbackCh1
                0x08001f44       0x54 ../../libDaisy//build\libdaisy.a(dac.o)
                0x08001f44                HAL_DAC_ConvHalfCpltCallbackCh1
 .text.HAL_DACEx_ConvHalfCpltCallbackCh2
                0x08001f98       0x2c ../../libDaisy//build\libdaisy.a(dac.o)
                0x08001f98                HAL_DACEx_ConvHalfCpltCallbackCh2
 .text.HAL_DACEx_ConvCpltCallbackCh2
                0x08001fc4       0x34 ../../libDaisy//build\libdaisy.a(dac.o)
                0x08001fc4                HAL_DACEx_ConvCpltCallbackCh2
 .text._ZN5daisy9DacHandle4InitERKNS0_6ConfigE
                0x08001ff8       0xfc ../../libDaisy//build\libdaisy.a(dac.o)
                0x08001ff8                daisy::DacHandle::Init(daisy::DacHandle::Config const&)
 .text._ZN5daisy9DacHandle5StartEPtS1_jPFvPS1_jE
                0x080020f4       0x6c ../../libDaisy//build\libdaisy.a(dac.o)
                0x080020f4                daisy::DacHandle::Start(unsigned short*, unsigned short*, unsigned int, void (*)(unsigned short**, unsigned int))
 .text.dsy_gpio_init
                0x08002160      0x1b8 ../../libDaisy//build\libdaisy.a(gpio.o)
                0x08002160                dsy_gpio_init
 .text.dsy_gpio_read
                0x08002318       0x1c ../../libDaisy//build\libdaisy.a(gpio.o)
                0x08002318                dsy_gpio_read
 .text.dsy_gpio_write
                0x08002334       0x24 ../../libDaisy//build\libdaisy.a(gpio.o)
                0x08002334                dsy_gpio_write
 .text._ZN5daisy9I2CHandle4Impl8InitPinsEv
                0x08002358       0x58 ../../libDaisy//build\libdaisy.a(i2c.o)
                0x08002358                daisy::I2CHandle::Impl::InitPins()
 .text.HAL_I2C_MspInit
                0x080023b0      0x1b4 ../../libDaisy//build\libdaisy.a(i2c.o)
                0x080023b0                HAL_I2C_MspInit
 .text.dsy_i2c_global_init
                0x08002564       0x78 ../../libDaisy//build\libdaisy.a(i2c.o)
                0x08002564                dsy_i2c_global_init
 .text.DMA1_Stream6_IRQHandler
                0x080025dc       0x34 ../../libDaisy//build\libdaisy.a(i2c.o)
                0x080025dc                DMA1_Stream6_IRQHandler
 .text.I2C1_EV_IRQHandler
                0x08002610        0xc ../../libDaisy//build\libdaisy.a(i2c.o)
                0x08002610                I2C1_EV_IRQHandler
 .text.I2C2_EV_IRQHandler
                0x0800261c        0xc ../../libDaisy//build\libdaisy.a(i2c.o)
                0x0800261c                I2C2_EV_IRQHandler
 .text.I2C3_EV_IRQHandler
                0x08002628        0xc ../../libDaisy//build\libdaisy.a(i2c.o)
                0x08002628                I2C3_EV_IRQHandler
 .text._ZN5daisy9I2CHandle4InitERKNS0_6ConfigE
                0x08002634      0x12c ../../libDaisy//build\libdaisy.a(i2c.o)
                0x08002634                daisy::I2CHandle::Init(daisy::I2CHandle::Config const&)
 .text._ZN5daisy9I2CHandle16TransmitBlockingEtPhtm
                0x08002760       0x50 ../../libDaisy//build\libdaisy.a(i2c.o)
                0x08002760                daisy::I2CHandle::TransmitBlocking(unsigned short, unsigned char*, unsigned short, unsigned long)
 .text.startup._GLOBAL__sub_I__ZN5daisy9I2CHandle4Impl10GlobalInitEv
                0x080027b0       0x18 ../../libDaisy//build\libdaisy.a(i2c.o)
 .text._ZN5daisy10QSPIHandle4Impl11WriteEnableEv
                0x080027c8       0x8c ../../libDaisy//build\libdaisy.a(qspi.o)
                0x080027c8                daisy::QSPIHandle::Impl::WriteEnable()
 *fill*         0x08002854        0x4 
 .text._ZN5daisy10QSPIHandle4Impl17DummyCyclesConfigENS0_6Config6DeviceE
                0x08002858      0x118 ../../libDaisy//build\libdaisy.a(qspi.o)
                0x08002858                daisy::QSPIHandle::Impl::DummyCyclesConfig(daisy::QSPIHandle::Config::Device)
 .text._ZN5daisy10QSPIHandle4Impl10QuadEnableEv
                0x08002970      0x158 ../../libDaisy//build\libdaisy.a(qspi.o)
                0x08002970                daisy::QSPIHandle::Impl::QuadEnable()
 .text._ZN5daisy10QSPIHandle4InitERKNS0_6ConfigE
                0x08002ac8      0x198 ../../libDaisy//build\libdaisy.a(qspi.o)
                0x08002ac8                daisy::QSPIHandle::Init(daisy::QSPIHandle::Config const&)
 .text.HAL_QSPI_MspInit
                0x08002c60      0x11c ../../libDaisy//build\libdaisy.a(qspi.o)
                0x08002c60                HAL_QSPI_MspInit
 .text.HAL_QSPI_MspDeInit
                0x08002d7c       0x54 ../../libDaisy//build\libdaisy.a(qspi.o)
                0x08002d7c                HAL_QSPI_MspDeInit
 .text.QUADSPI_IRQHandler
                0x08002dd0        0xc ../../libDaisy//build\libdaisy.a(qspi.o)
                0x08002dd0                QUADSPI_IRQHandler
 .text.startup._GLOBAL__sub_I__ZN5daisy10QSPIHandle4Impl4InitERKNS0_6ConfigE
                0x08002ddc       0x28 ../../libDaisy//build\libdaisy.a(qspi.o)
 .text._ZN5daisy9SaiHandle4Impl7InitDmaENS1_15PeripheralBlockE
                0x08002e04       0xa0 ../../libDaisy//build\libdaisy.a(sai.o)
                0x08002e04                daisy::SaiHandle::Impl::InitDma(daisy::SaiHandle::Impl::PeripheralBlock)
 .text._ZN5daisy9SaiHandle4Impl8InitPinsEv
                0x08002ea4       0xa8 ../../libDaisy//build\libdaisy.a(sai.o)
                0x08002ea4                daisy::SaiHandle::Impl::InitPins()
 .text.HAL_SAI_MspInit
                0x08002f4c      0x164 ../../libDaisy//build\libdaisy.a(sai.o)
                0x08002f4c                HAL_SAI_MspInit
 .text.DMA1_Stream0_IRQHandler
                0x080030b0        0xc ../../libDaisy//build\libdaisy.a(sai.o)
                0x080030b0                DMA1_Stream0_IRQHandler
 .text.DMA1_Stream1_IRQHandler
                0x080030bc        0xc ../../libDaisy//build\libdaisy.a(sai.o)
                0x080030bc                DMA1_Stream1_IRQHandler
 .text.DMA1_Stream3_IRQHandler
                0x080030c8        0xc ../../libDaisy//build\libdaisy.a(sai.o)
                0x080030c8                DMA1_Stream3_IRQHandler
 .text.DMA1_Stream4_IRQHandler
                0x080030d4        0xc ../../libDaisy//build\libdaisy.a(sai.o)
                0x080030d4                DMA1_Stream4_IRQHandler
 .text._ZN5daisy9SaiHandle4InitERKNS0_6ConfigE
                0x080030e0      0x1f0 ../../libDaisy//build\libdaisy.a(sai.o)
                0x080030e0                daisy::SaiHandle::Init(daisy::SaiHandle::Config const&)
 .text._ZNK5daisy9SaiHandle9GetConfigEv
                0x080032d0        0x4 ../../libDaisy//build\libdaisy.a(sai.o)
                0x080032d0                daisy::SaiHandle::GetConfig() const
 .text._ZN5daisy9SaiHandle13GetSampleRateEv
                0x080032d4       0x24 ../../libDaisy//build\libdaisy.a(sai.o)
                0x080032d4                daisy::SaiHandle::GetSampleRate()
 .text.HAL_TIM_Base_MspInit
                0x080032f8      0x1e0 ../../libDaisy//build\libdaisy.a(tim.o)
                0x080032f8                HAL_TIM_Base_MspInit
 .text.HAL_TIM_PeriodElapsedCallback
                0x080034d8       0x44 ../../libDaisy//build\libdaisy.a(tim.o)
                0x080034d8                HAL_TIM_PeriodElapsedCallback
 .text.TIM2_IRQHandler
                0x0800351c        0xc ../../libDaisy//build\libdaisy.a(tim.o)
                0x0800351c                TIM2_IRQHandler
 .text.TIM3_IRQHandler
                0x08003528        0xc ../../libDaisy//build\libdaisy.a(tim.o)
                0x08003528                TIM3_IRQHandler
 .text.TIM4_IRQHandler
                0x08003534        0xc ../../libDaisy//build\libdaisy.a(tim.o)
                0x08003534                TIM4_IRQHandler
 .text.TIM5_IRQHandler
                0x08003540        0xc ../../libDaisy//build\libdaisy.a(tim.o)
                0x08003540                TIM5_IRQHandler
 .text._ZN5daisy11TimerHandle4InitERKNS0_6ConfigE
                0x0800354c       0xd0 ../../libDaisy//build\libdaisy.a(tim.o)
                0x0800354c                daisy::TimerHandle::Init(daisy::TimerHandle::Config const&)
 .text._ZN5daisy11TimerHandle5StartEv
                0x0800361c       0x24 ../../libDaisy//build\libdaisy.a(tim.o)
                0x0800361c                daisy::TimerHandle::Start()
 .text.startup._GLOBAL__sub_I__ZN5daisy11TimerHandle4Impl4InitERKNS0_6ConfigE
                0x08003640       0x38 ../../libDaisy//build\libdaisy.a(tim.o)
 .text._ZN5daisy11TimerHandleD2Ev
                0x08003678        0x4 ../../libDaisy//build\libdaisy.a(system.o)
                0x08003678                daisy::TimerHandle::~TimerHandle()
                0x08003678                daisy::TimerHandle::~TimerHandle()
 .text.SysTick_Handler
                0x0800367c       0x10 ../../libDaisy//build\libdaisy.a(system.o)
                0x0800367c                SysTick_Handler
 .text.OTG_HS_EP1_OUT_IRQHandler
                0x0800368c       0x24 ../../libDaisy//build\libdaisy.a(system.o)
                0x0800368c                OTG_HS_EP1_OUT_IRQHandler
 .text.OTG_HS_EP1_IN_IRQHandler
                0x080036b0       0x24 ../../libDaisy//build\libdaisy.a(system.o)
                0x080036b0                OTG_HS_EP1_IN_IRQHandler
 .text.OTG_HS_IRQHandler
                0x080036d4       0x24 ../../libDaisy//build\libdaisy.a(system.o)
                0x080036d4                OTG_HS_IRQHandler
 .text.HardFault_Handler
                0x080036f8       0xe0 ../../libDaisy//build\libdaisy.a(system.o)
                0x080036f8                HardFault_Handler
 .text._ZN5daisy6System6GetNowEv
                0x080037d8        0x4 ../../libDaisy//build\libdaisy.a(system.o)
                0x080037d8                daisy::System::GetNow()
 .text._ZN5daisy6System5DelayEm
                0x080037dc        0x4 ../../libDaisy//build\libdaisy.a(system.o)
                0x080037dc                daisy::System::Delay(unsigned long)
 .text._ZN5daisy6System15ConfigureClocksEv
                0x080037e0      0x194 ../../libDaisy//build\libdaisy.a(system.o)
                0x080037e0                daisy::System::ConfigureClocks()
 .text._ZN5daisy6System4InitERKNS0_6ConfigE
                0x08003974      0x140 ../../libDaisy//build\libdaisy.a(system.o)
                0x08003974                daisy::System::Init(daisy::System::Config const&)
 .text._ZN5daisy6System12GetPClk1FreqEv
                0x08003ab4        0x4 ../../libDaisy//build\libdaisy.a(system.o)
                0x08003ab4                daisy::System::GetPClk1Freq()
 .text._ZN5daisy6System12GetPClk2FreqEv
                0x08003ab8        0x4 ../../libDaisy//build\libdaisy.a(system.o)
                0x08003ab8                daisy::System::GetPClk2Freq()
 .text._ZN5daisy6System22GetProgramMemoryRegionEv
                0x08003abc       0x78 ../../libDaisy//build\libdaisy.a(system.o)
                0x08003abc                daisy::System::GetProgramMemoryRegion()
 .text.startup._GLOBAL__sub_I_SysTick_Handler
                0x08003b34       0x1c ../../libDaisy//build\libdaisy.a(system.o)
 .text.SystemInit
                0x08003b50       0x9c ../../libDaisy//build\libdaisy.a(system_stm32h7xx.o)
                0x08003b50                SystemInit
 .text.dummy_rx_callback
                0x08003bec        0x4 ../../libDaisy//build\libdaisy.a(usbd_cdc_if.o)
                0x08003bec                dummy_rx_callback
 .text.CDC_DeInit_FS
                0x08003bf0        0x4 ../../libDaisy//build\libdaisy.a(usbd_cdc_if.o)
 .text.CDC_Receive_FS
                0x08003bf4       0x2c ../../libDaisy//build\libdaisy.a(usbd_cdc_if.o)
 .text.CDC_Receive_HS
                0x08003c20       0x2c ../../libDaisy//build\libdaisy.a(usbd_cdc_if.o)
 .text.CDC_Init_FS
                0x08003c4c       0x3c ../../libDaisy//build\libdaisy.a(usbd_cdc_if.o)
 .text.CDC_Init_HS
                0x08003c88       0x3c ../../libDaisy//build\libdaisy.a(usbd_cdc_if.o)
 .text.CDC_Control_FS
                0x08003cc4       0x34 ../../libDaisy//build\libdaisy.a(usbd_cdc_if.o)
 .text.CDC_Control_HS
                0x08003cf8       0x34 ../../libDaisy//build\libdaisy.a(usbd_cdc_if.o)
 .text.CDC_DeInit_HS
                0x08003d2c        0x4 ../../libDaisy//build\libdaisy.a(usbd_cdc_if.o)
 .text.CDC_Transmit_FS
                0x08003d30       0x2c ../../libDaisy//build\libdaisy.a(usbd_cdc_if.o)
                0x08003d30                CDC_Transmit_FS
 .text.HAL_PCD_MspInit
                0x08003d5c      0x144 ../../libDaisy//build\libdaisy.a(usbd_conf.o)
                0x08003d5c                HAL_PCD_MspInit
 .text.HAL_PCD_SetupStageCallback
                0x08003ea0        0xc ../../libDaisy//build\libdaisy.a(usbd_conf.o)
                0x08003ea0                HAL_PCD_SetupStageCallback
 .text.HAL_PCD_DataOutStageCallback
                0x08003eac       0x14 ../../libDaisy//build\libdaisy.a(usbd_conf.o)
                0x08003eac                HAL_PCD_DataOutStageCallback
 .text.HAL_PCD_DataInStageCallback
                0x08003ec0       0x14 ../../libDaisy//build\libdaisy.a(usbd_conf.o)
                0x08003ec0                HAL_PCD_DataInStageCallback
 .text.HAL_PCD_SOFCallback
                0x08003ed4        0x8 ../../libDaisy//build\libdaisy.a(usbd_conf.o)
                0x08003ed4                HAL_PCD_SOFCallback
 .text.HAL_PCD_ResetCallback
                0x08003edc       0x24 ../../libDaisy//build\libdaisy.a(usbd_conf.o)
                0x08003edc                HAL_PCD_ResetCallback
 .text.HAL_PCD_SuspendCallback
                0x08003f00       0x30 ../../libDaisy//build\libdaisy.a(usbd_conf.o)
                0x08003f00                HAL_PCD_SuspendCallback
 .text.HAL_PCD_ResumeCallback
                0x08003f30        0x8 ../../libDaisy//build\libdaisy.a(usbd_conf.o)
                0x08003f30                HAL_PCD_ResumeCallback
 .text.HAL_PCD_ISOOUTIncompleteCallback
                0x08003f38        0x8 ../../libDaisy//build\libdaisy.a(usbd_conf.o)
                0x08003f38                HAL_PCD_ISOOUTIncompleteCallback
 .text.HAL_PCD_ISOINIncompleteCallback
                0x08003f40        0x8 ../../libDaisy//build\libdaisy.a(usbd_conf.o)
                0x08003f40                HAL_PCD_ISOINIncompleteCallback
 .text.HAL_PCD_ConnectCallback
                0x08003f48        0x8 ../../libDaisy//build\libdaisy.a(usbd_conf.o)
                0x08003f48                HAL_PCD_ConnectCallback
 .text.HAL_PCD_DisconnectCallback
                0x08003f50        0x8 ../../libDaisy//build\libdaisy.a(usbd_conf.o)
                0x08003f50                HAL_PCD_DisconnectCallback
 .text.USBD_LL_Init
                0x08003f58       0xe4 ../../libDaisy//build\libdaisy.a(usbd_conf.o)
                0x08003f58                USBD_LL_Init
 .text.USBD_LL_Start
                0x0800403c       0x1c ../../libDaisy//build\libdaisy.a(usbd_conf.o)
                0x0800403c                USBD_LL_Start
 .text.USBD_LL_OpenEP
                0x08004058       0x24 ../../libDaisy//build\libdaisy.a(usbd_conf.o)
                0x08004058                USBD_LL_OpenEP
 .text.USBD_LL_CloseEP
                0x0800407c       0x1c ../../libDaisy//build\libdaisy.a(usbd_conf.o)
                0x0800407c                USBD_LL_CloseEP
 .text.USBD_LL_StallEP
                0x08004098       0x1c ../../libDaisy//build\libdaisy.a(usbd_conf.o)
                0x08004098                USBD_LL_StallEP
 .text.USBD_LL_ClearStallEP
                0x080040b4       0x1c ../../libDaisy//build\libdaisy.a(usbd_conf.o)
                0x080040b4                USBD_LL_ClearStallEP
 .text.USBD_LL_IsStallEP
                0x080040d0       0x28 ../../libDaisy//build\libdaisy.a(usbd_conf.o)
                0x080040d0                USBD_LL_IsStallEP
 .text.USBD_LL_SetUSBAddress
                0x080040f8       0x1c ../../libDaisy//build\libdaisy.a(usbd_conf.o)
                0x080040f8                USBD_LL_SetUSBAddress
 .text.USBD_LL_Transmit
                0x08004114       0x1c ../../libDaisy//build\libdaisy.a(usbd_conf.o)
                0x08004114                USBD_LL_Transmit
 .text.USBD_LL_PrepareReceive
                0x08004130       0x1c ../../libDaisy//build\libdaisy.a(usbd_conf.o)
                0x08004130                USBD_LL_PrepareReceive
 .text.USBD_LL_GetRxDataSize
                0x0800414c        0x8 ../../libDaisy//build\libdaisy.a(usbd_conf.o)
                0x0800414c                USBD_LL_GetRxDataSize
 .text.USBD_HS_DeviceDescriptor
                0x08004154        0xc ../../libDaisy//build\libdaisy.a(usbd_desc.o)
                0x08004154                USBD_HS_DeviceDescriptor
 .text.USBD_FS_DeviceDescriptor
                0x08004160        0xc ../../libDaisy//build\libdaisy.a(usbd_desc.o)
                0x08004160                USBD_FS_DeviceDescriptor
 .text.USBD_FS_LangIDStrDescriptor
                0x0800416c        0xc ../../libDaisy//build\libdaisy.a(usbd_desc.o)
                0x0800416c                USBD_FS_LangIDStrDescriptor
 .text.USBD_FS_ManufacturerStrDescriptor
                0x08004178       0x1c ../../libDaisy//build\libdaisy.a(usbd_desc.o)
                0x08004178                USBD_FS_ManufacturerStrDescriptor
 .text.USBD_HS_ProductStrDescriptor
                0x08004194       0x1c ../../libDaisy//build\libdaisy.a(usbd_desc.o)
                0x08004194                USBD_HS_ProductStrDescriptor
 .text.USBD_FS_ConfigStrDescriptor
                0x080041b0       0x1c ../../libDaisy//build\libdaisy.a(usbd_desc.o)
                0x080041b0                USBD_FS_ConfigStrDescriptor
 .text.USBD_FS_InterfaceStrDescriptor
                0x080041cc       0x1c ../../libDaisy//build\libdaisy.a(usbd_desc.o)
                0x080041cc                USBD_FS_InterfaceStrDescriptor
 .text.USBD_FS_ProductStrDescriptor
                0x080041e8       0x1c ../../libDaisy//build\libdaisy.a(usbd_desc.o)
                0x080041e8                USBD_FS_ProductStrDescriptor
 .text.USBD_HS_LangIDStrDescriptor
                0x08004204        0xc ../../libDaisy//build\libdaisy.a(usbd_desc.o)
                0x08004204                USBD_HS_LangIDStrDescriptor
 .text.USBD_HS_ManufacturerStrDescriptor
                0x08004210       0x1c ../../libDaisy//build\libdaisy.a(usbd_desc.o)
                0x08004210                USBD_HS_ManufacturerStrDescriptor
 .text.USBD_FS_SerialStrDescriptor
                0x0800422c      0x124 ../../libDaisy//build\libdaisy.a(usbd_desc.o)
                0x0800422c                USBD_FS_SerialStrDescriptor
 .text.USBD_HS_SerialStrDescriptor
                0x08004350      0x124 ../../libDaisy//build\libdaisy.a(usbd_desc.o)
                0x08004350                USBD_HS_SerialStrDescriptor
 .text.USBD_HS_InterfaceStrDescriptor
                0x08004474       0x1c ../../libDaisy//build\libdaisy.a(usbd_desc.o)
                0x08004474                USBD_HS_InterfaceStrDescriptor
 .text.USBD_HS_ConfigStrDescriptor
                0x08004490       0x1c ../../libDaisy//build\libdaisy.a(usbd_desc.o)
                0x08004490                USBD_HS_ConfigStrDescriptor
 .text.HAL_HCD_SOF_Callback
                0x080044ac        0x8 ../../libDaisy//build\libdaisy.a(usbh_conf.o)
                0x080044ac                HAL_HCD_SOF_Callback
 .text.HAL_HCD_Connect_Callback
                0x080044b4        0x8 ../../libDaisy//build\libdaisy.a(usbh_conf.o)
                0x080044b4                HAL_HCD_Connect_Callback
 .text.HAL_HCD_Disconnect_Callback
                0x080044bc        0x8 ../../libDaisy//build\libdaisy.a(usbh_conf.o)
                0x080044bc                HAL_HCD_Disconnect_Callback
 .text.HAL_HCD_HC_NotifyURBChange_Callback
                0x080044c4        0x4 ../../libDaisy//build\libdaisy.a(usbh_conf.o)
                0x080044c4                HAL_HCD_HC_NotifyURBChange_Callback
 .text.HAL_HCD_PortEnabled_Callback
                0x080044c8        0x8 ../../libDaisy//build\libdaisy.a(usbh_conf.o)
                0x080044c8                HAL_HCD_PortEnabled_Callback
 .text.HAL_HCD_PortDisabled_Callback
                0x080044d0        0x8 ../../libDaisy//build\libdaisy.a(usbh_conf.o)
                0x080044d0                HAL_HCD_PortDisabled_Callback
 .text.USBH_LL_Stop
                0x080044d8       0x1c ../../libDaisy//build\libdaisy.a(usbh_conf.o)
                0x080044d8                USBH_LL_Stop
 .text.dsy_hal_map_get_port
                0x080044f4       0x10 ../../libDaisy//build\libdaisy.a(hal_map.o)
                0x080044f4                dsy_hal_map_get_port
 .text.dsy_hal_map_get_pin
                0x08004504       0x10 ../../libDaisy//build\libdaisy.a(hal_map.o)
                0x08004504                dsy_hal_map_get_pin
 .text.dsy_hal_map_gpio_clk_enable
                0x08004514      0x150 ../../libDaisy//build\libdaisy.a(hal_map.o)
                0x08004514                dsy_hal_map_gpio_clk_enable
 .text.HAL_MspInit
                0x08004664        0x4 ../../libDaisy//build\libdaisy.a(stm32h7xx_hal.o)
                0x08004664                HAL_MspInit
 .text.HAL_InitTick
                0x08004668       0x4c ../../libDaisy//build\libdaisy.a(stm32h7xx_hal.o)
                0x08004668                HAL_InitTick
 .text.HAL_Init
                0x080046b4       0x60 ../../libDaisy//build\libdaisy.a(stm32h7xx_hal.o)
                0x080046b4                HAL_Init
 .text.HAL_IncTick
                0x08004714       0x18 ../../libDaisy//build\libdaisy.a(stm32h7xx_hal.o)
                0x08004714                HAL_IncTick
 .text.HAL_GetTick
                0x0800472c        0xc ../../libDaisy//build\libdaisy.a(stm32h7xx_hal.o)
                0x0800472c                HAL_GetTick
 .text.HAL_Delay
                0x08004738       0x24 ../../libDaisy//build\libdaisy.a(stm32h7xx_hal.o)
                0x08004738                HAL_Delay
 .text.HAL_GetREVID
                0x0800475c        0xc ../../libDaisy//build\libdaisy.a(stm32h7xx_hal.o)
                0x0800475c                HAL_GetREVID
 .text.HAL_ADC_ConvHalfCpltCallback
                0x08004768        0x4 ../../libDaisy//build\libdaisy.a(stm32h7xx_hal_adc.o)
                0x08004768                HAL_ADC_ConvHalfCpltCallback
 .text.ADC_DMAHalfConvCplt
                0x0800476c        0xc ../../libDaisy//build\libdaisy.a(stm32h7xx_hal_adc.o)
                0x0800476c                ADC_DMAHalfConvCplt
 .text.ADC_DMAConvCplt
                0x08004778       0x6c ../../libDaisy//build\libdaisy.a(stm32h7xx_hal_adc.o)
                0x08004778                ADC_DMAConvCplt
 .text.ADC_DMAError
                0x080047e4       0x1c ../../libDaisy//build\libdaisy.a(stm32h7xx_hal_adc.o)
                0x080047e4                ADC_DMAError
 .text.HAL_ADC_ConfigChannel
                0x08004800      0x3fc ../../libDaisy//build\libdaisy.a(stm32h7xx_hal_adc.o)
                0x08004800                HAL_ADC_ConfigChannel
 .text.ADC_Enable
                0x08004bfc       0xac ../../libDaisy//build\libdaisy.a(stm32h7xx_hal_adc.o)
                0x08004bfc                ADC_Enable
 .text.HAL_ADC_Start_DMA
                0x08004ca8      0x114 ../../libDaisy//build\libdaisy.a(stm32h7xx_hal_adc.o)
                0x08004ca8                HAL_ADC_Start_DMA
 .text.ADC_Disable
                0x08004dbc       0x68 ../../libDaisy//build\libdaisy.a(stm32h7xx_hal_adc.o)
                0x08004dbc                ADC_Disable
 .text.ADC_ConfigureBoostMode
                0x08004e24      0x184 ../../libDaisy//build\libdaisy.a(stm32h7xx_hal_adc.o)
                0x08004e24                ADC_ConfigureBoostMode
 .text.HAL_ADC_Init
                0x08004fa8      0x218 ../../libDaisy//build\libdaisy.a(stm32h7xx_hal_adc.o)
                0x08004fa8                HAL_ADC_Init
 .text.HAL_ADCEx_Calibration_Start
                0x080051c0       0xa4 ../../libDaisy//build\libdaisy.a(stm32h7xx_hal_adc_ex.o)
                0x080051c0                HAL_ADCEx_Calibration_Start
 .text.HAL_ADCEx_MultiModeConfigChannel
                0x08005264       0xc4 ../../libDaisy//build\libdaisy.a(stm32h7xx_hal_adc_ex.o)
                0x08005264                HAL_ADCEx_MultiModeConfigChannel
 .text.HAL_NVIC_SetPriorityGrouping
                0x08005328       0x24 ../../libDaisy//build\libdaisy.a(stm32h7xx_hal_cortex.o)
                0x08005328                HAL_NVIC_SetPriorityGrouping
 .text.HAL_NVIC_SetPriority
                0x0800534c       0x7c ../../libDaisy//build\libdaisy.a(stm32h7xx_hal_cortex.o)
                0x0800534c                HAL_NVIC_SetPriority
 .text.HAL_NVIC_EnableIRQ
                0x080053c8       0x1c ../../libDaisy//build\libdaisy.a(stm32h7xx_hal_cortex.o)
                0x080053c8                HAL_NVIC_EnableIRQ
 .text.HAL_NVIC_DisableIRQ
                0x080053e4       0x28 ../../libDaisy//build\libdaisy.a(stm32h7xx_hal_cortex.o)
                0x080053e4                HAL_NVIC_DisableIRQ
 .text.HAL_SYSTICK_Config
                0x0800540c       0x2c ../../libDaisy//build\libdaisy.a(stm32h7xx_hal_cortex.o)
                0x0800540c                HAL_SYSTICK_Config
 .text.HAL_MPU_Disable
                0x08005438       0x1c ../../libDaisy//build\libdaisy.a(stm32h7xx_hal_cortex.o)
                0x08005438                HAL_MPU_Disable
 .text.HAL_MPU_Enable
                0x08005454       0x20 ../../libDaisy//build\libdaisy.a(stm32h7xx_hal_cortex.o)
                0x08005454                HAL_MPU_Enable
 .text.HAL_MPU_ConfigRegion
                0x08005474       0x64 ../../libDaisy//build\libdaisy.a(stm32h7xx_hal_cortex.o)
                0x08005474                HAL_MPU_ConfigRegion
 .text.HAL_SYSTICK_Callback
                0x080054d8        0x4 ../../libDaisy//build\libdaisy.a(stm32h7xx_hal_cortex.o)
                0x080054d8                HAL_SYSTICK_Callback
 .text.HAL_SYSTICK_IRQHandler
                0x080054dc        0x8 ../../libDaisy//build\libdaisy.a(stm32h7xx_hal_cortex.o)
                0x080054dc                HAL_SYSTICK_IRQHandler
 .text.HAL_DAC_Init
                0x080054e4       0x2c ../../libDaisy//build\libdaisy.a(stm32h7xx_hal_dac.o)
                0x080054e4                HAL_DAC_Init
 .text.HAL_DAC_Start_DMA
                0x08005510      0x118 ../../libDaisy//build\libdaisy.a(stm32h7xx_hal_dac.o)
                0x08005510                HAL_DAC_Start_DMA
 .text.DAC_DMAConvCpltCh1
                0x08005628       0x10 ../../libDaisy//build\libdaisy.a(stm32h7xx_hal_dac.o)
 .text.DAC_DMAHalfConvCpltCh1
                0x08005638        0xc ../../libDaisy//build\libdaisy.a(stm32h7xx_hal_dac.o)
 .text.HAL_DAC_ErrorCallbackCh1
                0x08005644        0x4 ../../libDaisy//build\libdaisy.a(stm32h7xx_hal_dac.o)
                0x08005644                HAL_DAC_ErrorCallbackCh1
 .text.DAC_DMAErrorCh1
                0x08005648       0x18 ../../libDaisy//build\libdaisy.a(stm32h7xx_hal_dac.o)
 .text.HAL_DAC_DMAUnderrunCallbackCh1
                0x08005660        0x4 ../../libDaisy//build\libdaisy.a(stm32h7xx_hal_dac.o)
                0x08005660                HAL_DAC_DMAUnderrunCallbackCh1
 .text.HAL_DAC_IRQHandler
                0x08005664       0x68 ../../libDaisy//build\libdaisy.a(stm32h7xx_hal_dac.o)
                0x08005664                HAL_DAC_IRQHandler
 .text.HAL_DAC_ConfigChannel
                0x080056cc      0x130 ../../libDaisy//build\libdaisy.a(stm32h7xx_hal_dac.o)
                0x080056cc                HAL_DAC_ConfigChannel
 .text.HAL_DACEx_ErrorCallbackCh2
                0x080057fc        0x4 ../../libDaisy//build\libdaisy.a(stm32h7xx_hal_dac_ex.o)
                0x080057fc                HAL_DACEx_ErrorCallbackCh2
 .text.HAL_DACEx_DMAUnderrunCallbackCh2
                0x08005800        0x4 ../../libDaisy//build\libdaisy.a(stm32h7xx_hal_dac_ex.o)
                0x08005800                HAL_DACEx_DMAUnderrunCallbackCh2
 .text.DAC_DMAConvCpltCh2
                0x08005804       0x10 ../../libDaisy//build\libdaisy.a(stm32h7xx_hal_dac_ex.o)
                0x08005804                DAC_DMAConvCpltCh2
 .text.DAC_DMAHalfConvCpltCh2
                0x08005814        0xc ../../libDaisy//build\libdaisy.a(stm32h7xx_hal_dac_ex.o)
                0x08005814                DAC_DMAHalfConvCpltCh2
 .text.DAC_DMAErrorCh2
                0x08005820       0x18 ../../libDaisy//build\libdaisy.a(stm32h7xx_hal_dac_ex.o)
                0x08005820                DAC_DMAErrorCh2
 .text.DMA_CalcBaseAndBitshift
                0x08005838       0xf4 ../../libDaisy//build\libdaisy.a(stm32h7xx_hal_dma.o)
 .text.DMA_CalcDMAMUXChannelBaseAndMask
                0x0800592c       0xd8 ../../libDaisy//build\libdaisy.a(stm32h7xx_hal_dma.o)
 .text.HAL_DMA_Init
                0x08005a04      0x37c ../../libDaisy//build\libdaisy.a(stm32h7xx_hal_dma.o)
                0x08005a04                HAL_DMA_Init
 .text.HAL_DMA_Start_IT
                0x08005d80      0x240 ../../libDaisy//build\libdaisy.a(stm32h7xx_hal_dma.o)
                0x08005d80                HAL_DMA_Start_IT
 .text.HAL_DMA_Abort_IT
                0x08005fc0      0x134 ../../libDaisy//build\libdaisy.a(stm32h7xx_hal_dma.o)
                0x08005fc0                HAL_DMA_Abort_IT
 .text.HAL_DMA_IRQHandler
                0x080060f4      0x6a0 ../../libDaisy//build\libdaisy.a(stm32h7xx_hal_dma.o)
                0x080060f4                HAL_DMA_IRQHandler
 .text.HAL_DMA_GetError
                0x08006794        0x4 ../../libDaisy//build\libdaisy.a(stm32h7xx_hal_dma.o)
                0x08006794                HAL_DMA_GetError
 .text.HAL_GPIO_Init
                0x08006798      0x280 ../../libDaisy//build\libdaisy.a(stm32h7xx_hal_gpio.o)
                0x08006798                HAL_GPIO_Init
 .text.HAL_GPIO_DeInit
                0x08006a18      0x190 ../../libDaisy//build\libdaisy.a(stm32h7xx_hal_gpio.o)
                0x08006a18                HAL_GPIO_DeInit
 .text.HAL_GPIO_ReadPin
                0x08006ba8        0xc ../../libDaisy//build\libdaisy.a(stm32h7xx_hal_gpio.o)
                0x08006ba8                HAL_GPIO_ReadPin
 .text.HAL_GPIO_WritePin
                0x08006bb4        0x8 ../../libDaisy//build\libdaisy.a(stm32h7xx_hal_gpio.o)
                0x08006bb4                HAL_GPIO_WritePin
 .text.HAL_HCD_IRQHandler
                0x08006bbc      0x780 ../../libDaisy//build\libdaisy.a(stm32h7xx_hal_hcd.o)
                0x08006bbc                HAL_HCD_IRQHandler
 .text.HAL_HCD_Stop
                0x0800733c       0x28 ../../libDaisy//build\libdaisy.a(stm32h7xx_hal_hcd.o)
                0x0800733c                HAL_HCD_Stop
 .text.I2C_WaitOnTXISFlagUntilTimeout
                0x08007364       0xb8 ../../libDaisy//build\libdaisy.a(stm32h7xx_hal_i2c.o)
 .text.I2C_WaitOnSTOPFlagUntilTimeout
                0x0800741c       0xac ../../libDaisy//build\libdaisy.a(stm32h7xx_hal_i2c.o)
 .text.HAL_I2C_Init
                0x080074c8       0xac ../../libDaisy//build\libdaisy.a(stm32h7xx_hal_i2c.o)
                0x080074c8                HAL_I2C_Init
 .text.HAL_I2C_Master_Transmit
                0x08007574      0x1a8 ../../libDaisy//build\libdaisy.a(stm32h7xx_hal_i2c.o)
                0x08007574                HAL_I2C_Master_Transmit
 .text.HAL_I2C_Slave_Transmit
                0x0800771c      0x1c8 ../../libDaisy//build\libdaisy.a(stm32h7xx_hal_i2c.o)
                0x0800771c                HAL_I2C_Slave_Transmit
 .text.HAL_I2C_EV_IRQHandler
                0x080078e4       0x10 ../../libDaisy//build\libdaisy.a(stm32h7xx_hal_i2c.o)
                0x080078e4                HAL_I2C_EV_IRQHandler
 .text.HAL_I2C_GetState
                0x080078f4        0x8 ../../libDaisy//build\libdaisy.a(stm32h7xx_hal_i2c.o)
                0x080078f4                HAL_I2C_GetState
 .text.HAL_I2CEx_ConfigAnalogFilter
                0x080078fc       0x54 ../../libDaisy//build\libdaisy.a(stm32h7xx_hal_i2c_ex.o)
                0x080078fc                HAL_I2CEx_ConfigAnalogFilter
 .text.HAL_I2CEx_ConfigDigitalFilter
                0x08007950       0x58 ../../libDaisy//build\libdaisy.a(stm32h7xx_hal_i2c_ex.o)
                0x08007950                HAL_I2CEx_ConfigDigitalFilter
 .text.HAL_PCD_Init
                0x080079a8      0x12c ../../libDaisy//build\libdaisy.a(stm32h7xx_hal_pcd.o)
                0x080079a8                HAL_PCD_Init
 .text.HAL_PCD_Start
                0x08007ad4       0x44 ../../libDaisy//build\libdaisy.a(stm32h7xx_hal_pcd.o)
                0x08007ad4                HAL_PCD_Start
 .text.HAL_PCD_IRQHandler
                0x08007b18      0x69c ../../libDaisy//build\libdaisy.a(stm32h7xx_hal_pcd.o)
                0x08007b18                HAL_PCD_IRQHandler
 .text.HAL_PCD_SetAddress
                0x080081b4       0x2c ../../libDaisy//build\libdaisy.a(stm32h7xx_hal_pcd.o)
                0x080081b4                HAL_PCD_SetAddress
 .text.HAL_PCD_EP_Open
                0x080081e0       0x7c ../../libDaisy//build\libdaisy.a(stm32h7xx_hal_pcd.o)
                0x080081e0                HAL_PCD_EP_Open
 .text.HAL_PCD_EP_Close
                0x0800825c       0x6c ../../libDaisy//build\libdaisy.a(stm32h7xx_hal_pcd.o)
                0x0800825c                HAL_PCD_EP_Close
 .text.HAL_PCD_EP_Receive
                0x080082c8       0x50 ../../libDaisy//build\libdaisy.a(stm32h7xx_hal_pcd.o)
                0x080082c8                HAL_PCD_EP_Receive
 .text.HAL_PCD_EP_GetRxCount
                0x08008318       0x14 ../../libDaisy//build\libdaisy.a(stm32h7xx_hal_pcd.o)
                0x08008318                HAL_PCD_EP_GetRxCount
 .text.HAL_PCD_EP_Transmit
                0x0800832c       0x50 ../../libDaisy//build\libdaisy.a(stm32h7xx_hal_pcd.o)
                0x0800832c                HAL_PCD_EP_Transmit
 .text.HAL_PCD_EP_SetStall
                0x0800837c       0x88 ../../libDaisy//build\libdaisy.a(stm32h7xx_hal_pcd.o)
                0x0800837c                HAL_PCD_EP_SetStall
 .text.HAL_PCD_EP_ClrStall
                0x08008404       0x78 ../../libDaisy//build\libdaisy.a(stm32h7xx_hal_pcd.o)
                0x08008404                HAL_PCD_EP_ClrStall
 .text.HAL_PCDEx_SetTxFiFo
                0x0800847c       0x54 ../../libDaisy//build\libdaisy.a(stm32h7xx_hal_pcd_ex.o)
                0x0800847c                HAL_PCDEx_SetTxFiFo
 .text.HAL_PCDEx_SetRxFiFo
                0x080084d0        0xc ../../libDaisy//build\libdaisy.a(stm32h7xx_hal_pcd_ex.o)
                0x080084d0                HAL_PCDEx_SetRxFiFo
 .text.HAL_PCDEx_ActivateLPM
                0x080084dc       0x30 ../../libDaisy//build\libdaisy.a(stm32h7xx_hal_pcd_ex.o)
                0x080084dc                HAL_PCDEx_ActivateLPM
 .text.HAL_PCDEx_LPM_Callback
                0x0800850c        0x4 ../../libDaisy//build\libdaisy.a(stm32h7xx_hal_pcd_ex.o)
                0x0800850c                HAL_PCDEx_LPM_Callback
 .text.HAL_PWREx_ConfigSupply
                0x08008510       0x4c ../../libDaisy//build\libdaisy.a(stm32h7xx_hal_pwr_ex.o)
                0x08008510                HAL_PWREx_ConfigSupply
 .text.HAL_PWREx_EnableUSBVoltageDetector
                0x0800855c       0x10 ../../libDaisy//build\libdaisy.a(stm32h7xx_hal_pwr_ex.o)
                0x0800855c                HAL_PWREx_EnableUSBVoltageDetector
 .text.QSPI_Config
                0x0800856c      0x174 ../../libDaisy//build\libdaisy.a(stm32h7xx_hal_qspi.o)
 .text.HAL_QSPI_Init
                0x080086e0       0xd8 ../../libDaisy//build\libdaisy.a(stm32h7xx_hal_qspi.o)
                0x080086e0                HAL_QSPI_Init
 .text.HAL_QSPI_DeInit
                0x080087b8       0x3c ../../libDaisy//build\libdaisy.a(stm32h7xx_hal_qspi.o)
                0x080087b8                HAL_QSPI_DeInit
 .text.HAL_QSPI_Command
                0x080087f4       0xd4 ../../libDaisy//build\libdaisy.a(stm32h7xx_hal_qspi.o)
                0x080087f4                HAL_QSPI_Command
 .text.HAL_QSPI_Transmit
                0x080088c8       0xfc ../../libDaisy//build\libdaisy.a(stm32h7xx_hal_qspi.o)
                0x080088c8                HAL_QSPI_Transmit
 .text.HAL_QSPI_Receive
                0x080089c4      0x108 ../../libDaisy//build\libdaisy.a(stm32h7xx_hal_qspi.o)
                0x080089c4                HAL_QSPI_Receive
 .text.HAL_QSPI_AutoPolling
                0x08008acc       0xf0 ../../libDaisy//build\libdaisy.a(stm32h7xx_hal_qspi.o)
                0x08008acc                HAL_QSPI_AutoPolling
 .text.HAL_QSPI_MemoryMapped
                0x08008bbc       0xc0 ../../libDaisy//build\libdaisy.a(stm32h7xx_hal_qspi.o)
                0x08008bbc                HAL_QSPI_MemoryMapped
 .text.HAL_QSPI_ErrorCallback
                0x08008c7c        0x4 ../../libDaisy//build\libdaisy.a(stm32h7xx_hal_qspi.o)
                0x08008c7c                HAL_QSPI_ErrorCallback
 .text.QSPI_DMAAbortCplt
                0x08008c80       0x38 ../../libDaisy//build\libdaisy.a(stm32h7xx_hal_qspi.o)
 .text.HAL_QSPI_AbortCpltCallback
                0x08008cb8        0x4 ../../libDaisy//build\libdaisy.a(stm32h7xx_hal_qspi.o)
                0x08008cb8                HAL_QSPI_AbortCpltCallback
 .text.HAL_QSPI_CmdCpltCallback
                0x08008cbc        0x4 ../../libDaisy//build\libdaisy.a(stm32h7xx_hal_qspi.o)
                0x08008cbc                HAL_QSPI_CmdCpltCallback
 .text.HAL_QSPI_RxCpltCallback
                0x08008cc0        0x4 ../../libDaisy//build\libdaisy.a(stm32h7xx_hal_qspi.o)
                0x08008cc0                HAL_QSPI_RxCpltCallback
 .text.HAL_QSPI_TxCpltCallback
                0x08008cc4        0x4 ../../libDaisy//build\libdaisy.a(stm32h7xx_hal_qspi.o)
                0x08008cc4                HAL_QSPI_TxCpltCallback
 .text.HAL_QSPI_FifoThresholdCallback
                0x08008cc8        0x4 ../../libDaisy//build\libdaisy.a(stm32h7xx_hal_qspi.o)
                0x08008cc8                HAL_QSPI_FifoThresholdCallback
 .text.HAL_QSPI_StatusMatchCallback
                0x08008ccc        0x4 ../../libDaisy//build\libdaisy.a(stm32h7xx_hal_qspi.o)
                0x08008ccc                HAL_QSPI_StatusMatchCallback
 .text.HAL_QSPI_TimeOutCallback
                0x08008cd0        0x4 ../../libDaisy//build\libdaisy.a(stm32h7xx_hal_qspi.o)
                0x08008cd0                HAL_QSPI_TimeOutCallback
 .text.HAL_QSPI_IRQHandler
                0x08008cd4      0x210 ../../libDaisy//build\libdaisy.a(stm32h7xx_hal_qspi.o)
                0x08008cd4                HAL_QSPI_IRQHandler
 .text.HAL_RCC_OscConfig
                0x08008ee4      0x51c ../../libDaisy//build\libdaisy.a(stm32h7xx_hal_rcc.o)
                0x08008ee4                HAL_RCC_OscConfig
 .text.HAL_RCC_GetSysClockFreq
                0x08009400      0x140 ../../libDaisy//build\libdaisy.a(stm32h7xx_hal_rcc.o)
                0x08009400                HAL_RCC_GetSysClockFreq
 .text.HAL_RCC_ClockConfig
                0x08009540      0x234 ../../libDaisy//build\libdaisy.a(stm32h7xx_hal_rcc.o)
                0x08009540                HAL_RCC_ClockConfig
 .text.HAL_RCC_GetHCLKFreq
                0x08009774       0x2c ../../libDaisy//build\libdaisy.a(stm32h7xx_hal_rcc.o)
                0x08009774                HAL_RCC_GetHCLKFreq
 .text.HAL_RCC_GetPCLK1Freq
                0x080097a0       0x38 ../../libDaisy//build\libdaisy.a(stm32h7xx_hal_rcc.o)
                0x080097a0                HAL_RCC_GetPCLK1Freq
 .text.HAL_RCC_GetPCLK2Freq
                0x080097d8       0x38 ../../libDaisy//build\libdaisy.a(stm32h7xx_hal_rcc.o)
                0x080097d8                HAL_RCC_GetPCLK2Freq
 .text.RCCEx_PLL2_Config
                0x08009810       0xf4 ../../libDaisy//build\libdaisy.a(stm32h7xx_hal_rcc_ex.o)
 .text.RCCEx_PLL3_Config
                0x08009904       0xf4 ../../libDaisy//build\libdaisy.a(stm32h7xx_hal_rcc_ex.o)
 .text.HAL_RCCEx_PeriphCLKConfig
                0x080099f8      0xa7c ../../libDaisy//build\libdaisy.a(stm32h7xx_hal_rcc_ex.o)
                0x080099f8                HAL_RCCEx_PeriphCLKConfig
 .text.HAL_RCCEx_GetD3PCLK1Freq
                0x0800a474       0x24 ../../libDaisy//build\libdaisy.a(stm32h7xx_hal_rcc_ex.o)
                0x0800a474                HAL_RCCEx_GetD3PCLK1Freq
 .text.HAL_RCCEx_GetPLL2ClockFreq
                0x0800a498      0x17c ../../libDaisy//build\libdaisy.a(stm32h7xx_hal_rcc_ex.o)
                0x0800a498                HAL_RCCEx_GetPLL2ClockFreq
 .text.HAL_RCCEx_GetPLL3ClockFreq
                0x0800a614      0x17c ../../libDaisy//build\libdaisy.a(stm32h7xx_hal_rcc_ex.o)
                0x0800a614                HAL_RCCEx_GetPLL3ClockFreq
 .text.HAL_RCCEx_GetPLL1ClockFreq
                0x0800a790      0x17c ../../libDaisy//build\libdaisy.a(stm32h7xx_hal_rcc_ex.o)
                0x0800a790                HAL_RCCEx_GetPLL1ClockFreq
 .text.HAL_RCCEx_GetPeriphCLKFreq
                0x0800a90c      0x198 ../../libDaisy//build\libdaisy.a(stm32h7xx_hal_rcc_ex.o)
                0x0800a90c                HAL_RCCEx_GetPeriphCLKFreq
 .text.HAL_RCCEx_GetD1SysClockFreq
                0x0800aaa4       0x2c ../../libDaisy//build\libdaisy.a(stm32h7xx_hal_rcc_ex.o)
                0x0800aaa4                HAL_RCCEx_GetD1SysClockFreq
 .text.HAL_SAI_Init.part.0
                0x0800aad0      0x348 ../../libDaisy//build\libdaisy.a(stm32h7xx_hal_sai.o)
 .text.HAL_SAI_InitProtocol
                0x0800ae18      0x178 ../../libDaisy//build\libdaisy.a(stm32h7xx_hal_sai.o)
                0x0800ae18                HAL_SAI_InitProtocol
 .text.HAL_SDRAM_Init
                0x0800af90       0x54 ../../libDaisy//build\libdaisy.a(stm32h7xx_hal_sdram.o)
                0x0800af90                HAL_SDRAM_Init
 .text.HAL_SDRAM_SendCommand
                0x0800afe4       0x40 ../../libDaisy//build\libdaisy.a(stm32h7xx_hal_sdram.o)
                0x0800afe4                HAL_SDRAM_SendCommand
 .text.HAL_SDRAM_ProgramRefreshRate
                0x0800b024       0x30 ../../libDaisy//build\libdaisy.a(stm32h7xx_hal_sdram.o)
                0x0800b024                HAL_SDRAM_ProgramRefreshRate
 .text.HAL_TIM_Base_Init
                0x0800b054      0x140 ../../libDaisy//build\libdaisy.a(stm32h7xx_hal_tim.o)
                0x0800b054                HAL_TIM_Base_Init
 .text.HAL_TIM_Base_Start
                0x0800b194       0x34 ../../libDaisy//build\libdaisy.a(stm32h7xx_hal_tim.o)
                0x0800b194                HAL_TIM_Base_Start
 .text.HAL_TIM_Base_Start_IT
                0x0800b1c8       0x2c ../../libDaisy//build\libdaisy.a(stm32h7xx_hal_tim.o)
                0x0800b1c8                HAL_TIM_Base_Start_IT
 .text.HAL_TIM_ConfigClockSource
                0x0800b1f4      0x17c ../../libDaisy//build\libdaisy.a(stm32h7xx_hal_tim.o)
                0x0800b1f4                HAL_TIM_ConfigClockSource
 .text.HAL_TIM_OC_DelayElapsedCallback
                0x0800b370        0x4 ../../libDaisy//build\libdaisy.a(stm32h7xx_hal_tim.o)
                0x0800b370                HAL_TIM_OC_DelayElapsedCallback
 .text.HAL_TIM_IC_CaptureCallback
                0x0800b374        0x4 ../../libDaisy//build\libdaisy.a(stm32h7xx_hal_tim.o)
                0x0800b374                HAL_TIM_IC_CaptureCallback
 .text.HAL_TIM_PWM_PulseFinishedCallback
                0x0800b378        0x4 ../../libDaisy//build\libdaisy.a(stm32h7xx_hal_tim.o)
                0x0800b378                HAL_TIM_PWM_PulseFinishedCallback
 .text.HAL_TIM_TriggerCallback
                0x0800b37c        0x4 ../../libDaisy//build\libdaisy.a(stm32h7xx_hal_tim.o)
                0x0800b37c                HAL_TIM_TriggerCallback
 .text.HAL_TIM_IRQHandler
                0x0800b380      0x170 ../../libDaisy//build\libdaisy.a(stm32h7xx_hal_tim.o)
                0x0800b380                HAL_TIM_IRQHandler
 .text.HAL_TIMEx_MasterConfigSynchronization
                0x0800b4f0       0x64 ../../libDaisy//build\libdaisy.a(stm32h7xx_hal_tim_ex.o)
                0x0800b4f0                HAL_TIMEx_MasterConfigSynchronization
 .text.HAL_TIMEx_CommutCallback
                0x0800b554        0x4 ../../libDaisy//build\libdaisy.a(stm32h7xx_hal_tim_ex.o)
                0x0800b554                HAL_TIMEx_CommutCallback
 .text.HAL_TIMEx_BreakCallback
                0x0800b558        0x4 ../../libDaisy//build\libdaisy.a(stm32h7xx_hal_tim_ex.o)
                0x0800b558                HAL_TIMEx_BreakCallback
 .text.HAL_TIMEx_Break2Callback
                0x0800b55c        0x4 ../../libDaisy//build\libdaisy.a(stm32h7xx_hal_tim_ex.o)
                0x0800b55c                HAL_TIMEx_Break2Callback
 .text.FMC_SDRAM_Init
                0x0800b560       0x7c ../../libDaisy//build\libdaisy.a(stm32h7xx_ll_fmc.o)
                0x0800b560                FMC_SDRAM_Init
 .text.FMC_SDRAM_Timing_Init
                0x0800b5dc       0x98 ../../libDaisy//build\libdaisy.a(stm32h7xx_ll_fmc.o)
                0x0800b5dc                FMC_SDRAM_Timing_Init
 .text.FMC_SDRAM_SendCommand
                0x0800b674       0x28 ../../libDaisy//build\libdaisy.a(stm32h7xx_ll_fmc.o)
                0x0800b674                FMC_SDRAM_SendCommand
 .text.FMC_SDRAM_ProgramRefreshRate
                0x0800b69c       0x1c ../../libDaisy//build\libdaisy.a(stm32h7xx_ll_fmc.o)
                0x0800b69c                FMC_SDRAM_ProgramRefreshRate
 .text.USB_CoreInit
                0x0800b6b8      0x124 ../../libDaisy//build\libdaisy.a(stm32h7xx_ll_usb.o)
                0x0800b6b8                USB_CoreInit
 .text.USB_SetTurnaroundTime
                0x0800b7dc      0x104 ../../libDaisy//build\libdaisy.a(stm32h7xx_ll_usb.o)
                0x0800b7dc                USB_SetTurnaroundTime
 .text.USB_EnableGlobalInt
                0x0800b8e0       0x10 ../../libDaisy//build\libdaisy.a(stm32h7xx_ll_usb.o)
                0x0800b8e0                USB_EnableGlobalInt
 .text.USB_DisableGlobalInt
                0x0800b8f0       0x10 ../../libDaisy//build\libdaisy.a(stm32h7xx_ll_usb.o)
                0x0800b8f0                USB_DisableGlobalInt
 .text.USB_SetCurrentMode
                0x0800b900       0x30 ../../libDaisy//build\libdaisy.a(stm32h7xx_ll_usb.o)
                0x0800b900                USB_SetCurrentMode
 .text.USB_DevInit
                0x0800b930      0x20c ../../libDaisy//build\libdaisy.a(stm32h7xx_ll_usb.o)
                0x0800b930                USB_DevInit
 .text.USB_FlushTxFifo
                0x0800bb3c       0x34 ../../libDaisy//build\libdaisy.a(stm32h7xx_ll_usb.o)
                0x0800bb3c                USB_FlushTxFifo
 .text.USB_GetDevSpeed
                0x0800bb70       0x24 ../../libDaisy//build\libdaisy.a(stm32h7xx_ll_usb.o)
                0x0800bb70                USB_GetDevSpeed
 .text.USB_ActivateEndpoint
                0x0800bb94       0x90 ../../libDaisy//build\libdaisy.a(stm32h7xx_ll_usb.o)
                0x0800bb94                USB_ActivateEndpoint
 .text.USB_DeactivateEndpoint
                0x0800bc24       0x84 ../../libDaisy//build\libdaisy.a(stm32h7xx_ll_usb.o)
                0x0800bc24                USB_DeactivateEndpoint
 .text.USB_EPStartXfer
                0x0800bca8      0x230 ../../libDaisy//build\libdaisy.a(stm32h7xx_ll_usb.o)
                0x0800bca8                USB_EPStartXfer
 .text.USB_EP0StartXfer
                0x0800bed8      0x174 ../../libDaisy//build\libdaisy.a(stm32h7xx_ll_usb.o)
                0x0800bed8                USB_EP0StartXfer
 .text.USB_WritePacket
                0x0800c04c       0x2c ../../libDaisy//build\libdaisy.a(stm32h7xx_ll_usb.o)
                0x0800c04c                USB_WritePacket
 .text.USB_ReadPacket
                0x0800c078       0x20 ../../libDaisy//build\libdaisy.a(stm32h7xx_ll_usb.o)
                0x0800c078                USB_ReadPacket
 .text.USB_EPSetStall
                0x0800c098       0x68 ../../libDaisy//build\libdaisy.a(stm32h7xx_ll_usb.o)
                0x0800c098                USB_EPSetStall
 .text.USB_EPClearStall
                0x0800c100       0x58 ../../libDaisy//build\libdaisy.a(stm32h7xx_ll_usb.o)
                0x0800c100                USB_EPClearStall
 .text.USB_SetDevAddress
                0x0800c158       0x24 ../../libDaisy//build\libdaisy.a(stm32h7xx_ll_usb.o)
                0x0800c158                USB_SetDevAddress
 .text.USB_DevConnect
                0x0800c17c       0x1c ../../libDaisy//build\libdaisy.a(stm32h7xx_ll_usb.o)
                0x0800c17c                USB_DevConnect
 .text.USB_DevDisconnect
                0x0800c198       0x1c ../../libDaisy//build\libdaisy.a(stm32h7xx_ll_usb.o)
                0x0800c198                USB_DevDisconnect
 .text.USB_ReadInterrupts
                0x0800c1b4       0x14 ../../libDaisy//build\libdaisy.a(stm32h7xx_ll_usb.o)
                0x0800c1b4                USB_ReadInterrupts
 .text.USB_ReadDevAllOutEpInterrupt
                0x0800c1c8       0x1c ../../libDaisy//build\libdaisy.a(stm32h7xx_ll_usb.o)
                0x0800c1c8                USB_ReadDevAllOutEpInterrupt
 .text.USB_ReadDevAllInEpInterrupt
                0x0800c1e4       0x1c ../../libDaisy//build\libdaisy.a(stm32h7xx_ll_usb.o)
                0x0800c1e4                USB_ReadDevAllInEpInterrupt
 .text.USB_ReadDevOutEPInterrupt
                0x0800c200       0x1c ../../libDaisy//build\libdaisy.a(stm32h7xx_ll_usb.o)
                0x0800c200                USB_ReadDevOutEPInterrupt
 .text.USB_ReadDevInEPInterrupt
                0x0800c21c       0x38 ../../libDaisy//build\libdaisy.a(stm32h7xx_ll_usb.o)
                0x0800c21c                USB_ReadDevInEPInterrupt
 .text.USB_GetMode
                0x0800c254        0x8 ../../libDaisy//build\libdaisy.a(stm32h7xx_ll_usb.o)
                0x0800c254                USB_GetMode
 .text.USB_ActivateSetup
                0x0800c25c       0x38 ../../libDaisy//build\libdaisy.a(stm32h7xx_ll_usb.o)
                0x0800c25c                USB_ActivateSetup
 .text.USB_EP0_OutStart
                0x0800c294       0x58 ../../libDaisy//build\libdaisy.a(stm32h7xx_ll_usb.o)
                0x0800c294                USB_EP0_OutStart
 .text.USB_InitFSLSPClkSel
                0x0800c2ec       0x44 ../../libDaisy//build\libdaisy.a(stm32h7xx_ll_usb.o)
                0x0800c2ec                USB_InitFSLSPClkSel
 .text.USB_HC_ReadInterrupt
                0x0800c330        0x8 ../../libDaisy//build\libdaisy.a(stm32h7xx_ll_usb.o)
                0x0800c330                USB_HC_ReadInterrupt
 .text.USB_HC_Halt
                0x0800c338       0xc0 ../../libDaisy//build\libdaisy.a(stm32h7xx_ll_usb.o)
                0x0800c338                USB_HC_Halt
 .text.USB_StopHost
                0x0800c3f8      0x2ec ../../libDaisy//build\libdaisy.a(stm32h7xx_ll_usb.o)
                0x0800c3f8                USB_StopHost
 .text.USBD_CDC_EP0_RxReady
                0x0800c6e4       0x2c ../../libDaisy//build\libdaisy.a(usbd_cdc.o)
 .text.USBD_CDC_GetFSCfgDesc
                0x0800c710       0x24 ../../libDaisy//build\libdaisy.a(usbd_cdc.o)
 .text.USBD_CDC_GetHSCfgDesc
                0x0800c734       0x24 ../../libDaisy//build\libdaisy.a(usbd_cdc.o)
 .text.USBD_CDC_GetOtherSpeedCfgDesc
                0x0800c758       0x24 ../../libDaisy//build\libdaisy.a(usbd_cdc.o)
 .text.USBD_CDC_GetDeviceQualifierDescriptor
                0x0800c77c       0x10 ../../libDaisy//build\libdaisy.a(usbd_cdc.o)
                0x0800c77c                USBD_CDC_GetDeviceQualifierDescriptor
 .text.USBD_CDC_DataOut
                0x0800c78c       0x30 ../../libDaisy//build\libdaisy.a(usbd_cdc.o)
 .text.USBD_CDC_DataIn
                0x0800c7bc       0x50 ../../libDaisy//build\libdaisy.a(usbd_cdc.o)
 .text.USBD_CDC_Setup
                0x0800c80c       0xcc ../../libDaisy//build\libdaisy.a(usbd_cdc.o)
 .text.USBD_CDC_DeInit
                0x0800c8d8       0x44 ../../libDaisy//build\libdaisy.a(usbd_cdc.o)
 .text.USBD_CDC_Init
                0x0800c91c       0x94 ../../libDaisy//build\libdaisy.a(usbd_cdc.o)
 .text.USBD_CDC_RegisterInterface
                0x0800c9b0       0x10 ../../libDaisy//build\libdaisy.a(usbd_cdc.o)
                0x0800c9b0                USBD_CDC_RegisterInterface
 .text.USBD_CDC_SetTxBuffer
                0x0800c9c0       0x14 ../../libDaisy//build\libdaisy.a(usbd_cdc.o)
                0x0800c9c0                USBD_CDC_SetTxBuffer
 .text.USBD_CDC_SetRxBuffer
                0x0800c9d4       0x10 ../../libDaisy//build\libdaisy.a(usbd_cdc.o)
                0x0800c9d4                USBD_CDC_SetRxBuffer
 .text.USBD_CDC_TransmitPacket
                0x0800c9e4       0x34 ../../libDaisy//build\libdaisy.a(usbd_cdc.o)
                0x0800c9e4                USBD_CDC_TransmitPacket
 .text.USBD_CDC_ReceivePacket
                0x0800ca18       0x38 ../../libDaisy//build\libdaisy.a(usbd_cdc.o)
                0x0800ca18                USBD_CDC_ReceivePacket
 .text.USBD_Init
                0x0800ca50       0x44 ../../libDaisy//build\libdaisy.a(usbd_core.o)
                0x0800ca50                USBD_Init
 .text.USBD_RegisterClass
                0x0800ca94       0x2c ../../libDaisy//build\libdaisy.a(usbd_core.o)
                0x0800ca94                USBD_RegisterClass
 .text.USBD_Start
                0x0800cac0        0xc ../../libDaisy//build\libdaisy.a(usbd_core.o)
                0x0800cac0                USBD_Start
 .text.USBD_SetClassConfig
                0x0800cacc       0x14 ../../libDaisy//build\libdaisy.a(usbd_core.o)
                0x0800cacc                USBD_SetClassConfig
 .text.USBD_ClrClassConfig
                0x0800cae0       0x10 ../../libDaisy//build\libdaisy.a(usbd_core.o)
                0x0800cae0                USBD_ClrClassConfig
 .text.USBD_LL_SetupStage
                0x0800caf0       0x5c ../../libDaisy//build\libdaisy.a(usbd_core.o)
                0x0800caf0                USBD_LL_SetupStage
 .text.USBD_LL_DataOutStage
                0x0800cb4c       0x7c ../../libDaisy//build\libdaisy.a(usbd_core.o)
                0x0800cb4c                USBD_LL_DataOutStage
 .text.USBD_LL_DataInStage
                0x0800cbc8       0xcc ../../libDaisy//build\libdaisy.a(usbd_core.o)
                0x0800cbc8                USBD_LL_DataInStage
 .text.USBD_LL_Reset
                0x0800cc94       0x50 ../../libDaisy//build\libdaisy.a(usbd_core.o)
                0x0800cc94                USBD_LL_Reset
 .text.USBD_LL_SetSpeed
                0x0800cce4        0x8 ../../libDaisy//build\libdaisy.a(usbd_core.o)
                0x0800cce4                USBD_LL_SetSpeed
 .text.USBD_LL_Suspend
                0x0800ccec       0x14 ../../libDaisy//build\libdaisy.a(usbd_core.o)
                0x0800ccec                USBD_LL_Suspend
 .text.USBD_LL_Resume
                0x0800cd00       0x10 ../../libDaisy//build\libdaisy.a(usbd_core.o)
                0x0800cd00                USBD_LL_Resume
 .text.USBD_LL_SOF
                0x0800cd10       0x1c ../../libDaisy//build\libdaisy.a(usbd_core.o)
                0x0800cd10                USBD_LL_SOF
 .text.USBD_LL_IsoINIncomplete
                0x0800cd2c        0x4 ../../libDaisy//build\libdaisy.a(usbd_core.o)
                0x0800cd2c                USBD_LL_IsoINIncomplete
 .text.USBD_LL_IsoOUTIncomplete
                0x0800cd30        0x4 ../../libDaisy//build\libdaisy.a(usbd_core.o)
                0x0800cd30                USBD_LL_IsoOUTIncomplete
 .text.USBD_LL_DevConnected
                0x0800cd34        0x4 ../../libDaisy//build\libdaisy.a(usbd_core.o)
                0x0800cd34                USBD_LL_DevConnected
 .text.USBD_LL_DevDisconnected
                0x0800cd38       0x18 ../../libDaisy//build\libdaisy.a(usbd_core.o)
                0x0800cd38                USBD_LL_DevDisconnected
 .text.USBD_StdDevReq
                0x0800cd50      0x304 ../../libDaisy//build\libdaisy.a(usbd_ctlreq.o)
                0x0800cd50                USBD_StdDevReq
 .text.USBD_StdItfReq
                0x0800d054       0x68 ../../libDaisy//build\libdaisy.a(usbd_ctlreq.o)
                0x0800d054                USBD_StdItfReq
 .text.USBD_StdEPReq
                0x0800d0bc      0x13c ../../libDaisy//build\libdaisy.a(usbd_ctlreq.o)
                0x0800d0bc                USBD_StdEPReq
 .text.USBD_ParseSetupRequest
                0x0800d1f8       0x28 ../../libDaisy//build\libdaisy.a(usbd_ctlreq.o)
                0x0800d1f8                USBD_ParseSetupRequest
 .text.USBD_CtlError
                0x0800d220       0x18 ../../libDaisy//build\libdaisy.a(usbd_ctlreq.o)
                0x0800d220                USBD_CtlError
 .text.USBD_GetString
                0x0800d238       0x54 ../../libDaisy//build\libdaisy.a(usbd_ctlreq.o)
                0x0800d238                USBD_GetString
 .text.USBD_CtlSendData
                0x0800d28c       0x1c ../../libDaisy//build\libdaisy.a(usbd_ioreq.o)
                0x0800d28c                USBD_CtlSendData
 .text.USBD_CtlContinueSendData
                0x0800d2a8       0x14 ../../libDaisy//build\libdaisy.a(usbd_ioreq.o)
                0x0800d2a8                USBD_CtlContinueSendData
 .text.USBD_CtlPrepareRx
                0x0800d2bc       0x1c ../../libDaisy//build\libdaisy.a(usbd_ioreq.o)
                0x0800d2bc                USBD_CtlPrepareRx
 .text.USBD_CtlContinueRx
                0x0800d2d8       0x14 ../../libDaisy//build\libdaisy.a(usbd_ioreq.o)
                0x0800d2d8                USBD_CtlContinueRx
 .text.USBD_CtlSendStatus
                0x0800d2ec       0x18 ../../libDaisy//build\libdaisy.a(usbd_ioreq.o)
                0x0800d2ec                USBD_CtlSendStatus
 .text.USBD_CtlReceiveStatus
                0x0800d304       0x18 ../../libDaisy//build\libdaisy.a(usbd_ioreq.o)
                0x0800d304                USBD_CtlReceiveStatus
 .text.USBH_LL_IncTimer
                0x0800d31c       0x20 ../../libDaisy//build\libdaisy.a(usbh_core.o)
                0x0800d31c                USBH_LL_IncTimer
 .text.USBH_LL_PortEnabled
                0x0800d33c        0x8 ../../libDaisy//build\libdaisy.a(usbh_core.o)
                0x0800d33c                USBH_LL_PortEnabled
 .text.USBH_LL_PortDisabled
                0x0800d344        0x8 ../../libDaisy//build\libdaisy.a(usbh_core.o)
                0x0800d344                USBH_LL_PortDisabled
 .text.USBH_LL_Connect
                0x0800d34c       0x18 ../../libDaisy//build\libdaisy.a(usbh_core.o)
                0x0800d34c                USBH_LL_Connect
 .text.USBH_LL_Disconnect
                0x0800d364       0x2c ../../libDaisy//build\libdaisy.a(usbh_core.o)
                0x0800d364                USBH_LL_Disconnect
 .text.USBH_FreePipe
                0x0800d390       0x18 ../../libDaisy//build\libdaisy.a(usbh_pipes.o)
                0x0800d390                USBH_FreePipe
 .text._ZN5daisy6Random4InitEv
                0x0800d3a8       0x3c ../../libDaisy//build\libdaisy.a(rng.o)
                0x0800d3a8                daisy::Random::Init()
 .text._ZN5daisy9SpiHandle4Impl7InitDmaEv
                0x0800d3e4       0xec ../../libDaisy//build\libdaisy.a(spi.o)
                0x0800d3e4                daisy::SpiHandle::Impl::InitDma()
 .text._ZN5daisy9SpiHandle4Impl10StartDmaTxEPhjPFvPvEPFvS3_NS0_6ResultEES3_
                0x0800d4d0       0xc8 ../../libDaisy//build\libdaisy.a(spi.o)
                0x0800d4d0                daisy::SpiHandle::Impl::StartDmaTx(unsigned char*, unsigned int, void (*)(void*), void (*)(void*, daisy::SpiHandle::Result), void*)
 .text._ZN5daisy9SpiHandle4Impl10StartDmaRxEPhjPFvPvEPFvS3_NS0_6ResultEES3_
                0x0800d598       0xc8 ../../libDaisy//build\libdaisy.a(spi.o)
                0x0800d598                daisy::SpiHandle::Impl::StartDmaRx(unsigned char*, unsigned int, void (*)(void*), void (*)(void*, daisy::SpiHandle::Result), void*)
 .text._ZN5daisy9SpiHandle4Impl12StartDmaRxTxEPhS2_jPFvPvEPFvS3_NS0_6ResultEES3_
                0x0800d660       0xcc ../../libDaisy//build\libdaisy.a(spi.o)
                0x0800d660                daisy::SpiHandle::Impl::StartDmaRxTx(unsigned char*, unsigned char*, unsigned int, void (*)(void*), void (*)(void*, daisy::SpiHandle::Result), void*)
 .text._ZN5daisy9SpiHandle4Impl8InitPinsEv
                0x0800d72c      0x274 ../../libDaisy//build\libdaisy.a(spi.o)
                0x0800d72c                daisy::SpiHandle::Impl::InitPins()
 .text.HAL_SPI_MspInit
                0x0800d9a0      0x1a8 ../../libDaisy//build\libdaisy.a(spi.o)
                0x0800d9a0                HAL_SPI_MspInit
 .text.dsy_spi_global_init
                0x0800db48       0x80 ../../libDaisy//build\libdaisy.a(spi.o)
                0x0800db48                dsy_spi_global_init
 .text.SPI1_IRQHandler
                0x0800dbc8        0xc ../../libDaisy//build\libdaisy.a(spi.o)
                0x0800dbc8                SPI1_IRQHandler
 .text.SPI2_IRQHandler
                0x0800dbd4        0xc ../../libDaisy//build\libdaisy.a(spi.o)
                0x0800dbd4                SPI2_IRQHandler
 .text.SPI3_IRQHandler
                0x0800dbe0        0xc ../../libDaisy//build\libdaisy.a(spi.o)
                0x0800dbe0                SPI3_IRQHandler
 .text.SPI4_IRQHandler
                0x0800dbec        0xc ../../libDaisy//build\libdaisy.a(spi.o)
                0x0800dbec                SPI4_IRQHandler
 .text.SPI5_IRQHandler
                0x0800dbf8        0xc ../../libDaisy//build\libdaisy.a(spi.o)
                0x0800dbf8                SPI5_IRQHandler
 .text.DMA2_Stream2_IRQHandler
                0x0800dc04       0x34 ../../libDaisy//build\libdaisy.a(spi.o)
                0x0800dc04                DMA2_Stream2_IRQHandler
 .text.DMA2_Stream3_IRQHandler
                0x0800dc38       0x38 ../../libDaisy//build\libdaisy.a(spi.o)
                0x0800dc38                DMA2_Stream3_IRQHandler
 .text.HAL_SPI_TxCpltCallback
                0x0800dc70       0xc4 ../../libDaisy//build\libdaisy.a(spi.o)
                0x0800dc70                HAL_SPI_TxCpltCallback
 .text.HAL_SPI_RxCpltCallback
                0x0800dd34       0xc4 ../../libDaisy//build\libdaisy.a(spi.o)
                0x0800dd34                HAL_SPI_RxCpltCallback
 .text.HAL_SPI_TxRxCpltCallback
                0x0800ddf8       0xc4 ../../libDaisy//build\libdaisy.a(spi.o)
                0x0800ddf8                HAL_SPI_TxRxCpltCallback
 .text.HAL_SPI_ErrorCallback
                0x0800debc       0xc8 ../../libDaisy//build\libdaisy.a(spi.o)
                0x0800debc                HAL_SPI_ErrorCallback
 .text.startup._GLOBAL__sub_I__Z19MapInstanceToHandleP11SPI_TypeDef
                0x0800df84      0x1b0 ../../libDaisy//build\libdaisy.a(spi.o)
 .text._ZN5daisy11UartHandler4Impl7InitDmaEbb
                0x0800e134      0x164 ../../libDaisy//build\libdaisy.a(uart.o)
                0x0800e134                daisy::UartHandler::Impl::InitDma(bool, bool)
 .text._ZN5daisy11UartHandler4Impl10HandleFifoEv
                0x0800e298       0xec ../../libDaisy//build\libdaisy.a(uart.o)
                0x0800e298                daisy::UartHandler::Impl::HandleFifo()
 .text._ZN5daisy11UartHandler4Impl10StartDmaTxEPhjPFvPvEPFvS3_NS0_6ResultEES3_
                0x0800e384       0xcc ../../libDaisy//build\libdaisy.a(uart.o)
                0x0800e384                daisy::UartHandler::Impl::StartDmaTx(unsigned char*, unsigned int, void (*)(void*), void (*)(void*, daisy::UartHandler::Result), void*)
 .text._ZN5daisy11UartHandler4Impl10StartDmaRxEPhjPFvPvEPFvS3_NS0_6ResultEES3_
                0x0800e450       0xcc ../../libDaisy//build\libdaisy.a(uart.o)
                0x0800e450                daisy::UartHandler::Impl::StartDmaRx(unsigned char*, unsigned int, void (*)(void*), void (*)(void*, daisy::UartHandler::Result), void*)
 .text._ZN5daisy11UartHandler4Impl19DmaTransferFinishedEP20__UART_HandleTypeDefNS0_6ResultE
                0x0800e51c       0xc0 ../../libDaisy//build\libdaisy.a(uart.o)
                0x0800e51c                daisy::UartHandler::Impl::DmaTransferFinished(__UART_HandleTypeDef*, daisy::UartHandler::Result)
 .text._ZN5daisy11UartHandler4Impl8InitPinsEv
                0x0800e5dc      0x150 ../../libDaisy//build\libdaisy.a(uart.o)
                0x0800e5dc                daisy::UartHandler::Impl::InitPins()
 .text.HAL_UART_MspInit
                0x0800e72c      0x210 ../../libDaisy//build\libdaisy.a(uart.o)
                0x0800e72c                HAL_UART_MspInit
 .text.dsy_uart_global_init
                0x0800e93c      0x110 ../../libDaisy//build\libdaisy.a(uart.o)
                0x0800e93c                dsy_uart_global_init
 .text.USART1_IRQHandler
                0x0800ea4c       0x30 ../../libDaisy//build\libdaisy.a(uart.o)
                0x0800ea4c                USART1_IRQHandler
 .text.USART2_IRQHandler
                0x0800ea7c       0x34 ../../libDaisy//build\libdaisy.a(uart.o)
                0x0800ea7c                USART2_IRQHandler
 .text.USART3_IRQHandler
                0x0800eab0       0x34 ../../libDaisy//build\libdaisy.a(uart.o)
                0x0800eab0                USART3_IRQHandler
 .text.UART4_IRQHandler
                0x0800eae4       0x34 ../../libDaisy//build\libdaisy.a(uart.o)
                0x0800eae4                UART4_IRQHandler
 .text.UART5_IRQHandler
                0x0800eb18       0x34 ../../libDaisy//build\libdaisy.a(uart.o)
                0x0800eb18                UART5_IRQHandler
 .text.USART6_IRQHandler
                0x0800eb4c       0x34 ../../libDaisy//build\libdaisy.a(uart.o)
                0x0800eb4c                USART6_IRQHandler
 .text.UART7_IRQHandler
                0x0800eb80       0x30 ../../libDaisy//build\libdaisy.a(uart.o)
                0x0800eb80                UART7_IRQHandler
 .text.UART8_IRQHandler
                0x0800ebb0       0x34 ../../libDaisy//build\libdaisy.a(uart.o)
                0x0800ebb0                UART8_IRQHandler
 .text.LPUART1_IRQHandler
                0x0800ebe4       0x34 ../../libDaisy//build\libdaisy.a(uart.o)
                0x0800ebe4                LPUART1_IRQHandler
 .text.DMA1_Stream5_IRQHandler
                0x0800ec18       0x34 ../../libDaisy//build\libdaisy.a(uart.o)
                0x0800ec18                DMA1_Stream5_IRQHandler
 .text.DMA2_Stream4_IRQHandler
                0x0800ec4c       0x34 ../../libDaisy//build\libdaisy.a(uart.o)
                0x0800ec4c                DMA2_Stream4_IRQHandler
 .text.HAL_UART_TxCpltCallback
                0x0800ec80        0x8 ../../libDaisy//build\libdaisy.a(uart.o)
                0x0800ec80                HAL_UART_TxCpltCallback
 .text.HAL_UART_RxCpltCallback
                0x0800ec88        0x8 ../../libDaisy//build\libdaisy.a(uart.o)
                0x0800ec88                HAL_UART_RxCpltCallback
 .text.HAL_UART_ErrorCallback
                0x0800ec90        0x8 ../../libDaisy//build\libdaisy.a(uart.o)
                0x0800ec90                HAL_UART_ErrorCallback
 .text.startup._GLOBAL__sub_I__Z19MapInstanceToHandleP13USART_TypeDef
                0x0800ec98      0x190 ../../libDaisy//build\libdaisy.a(uart.o)
 .text.dsy_dma_init
                0x0800ee28      0x100 ../../libDaisy//build\libdaisy.a(dma.o)
                0x0800ee28                dsy_dma_init
 .text.HAL_MDMA_Abort_IT
                0x0800ef28       0x2c ../../libDaisy//build\libdaisy.a(stm32h7xx_hal_mdma.o)
                0x0800ef28                HAL_MDMA_Abort_IT
 .text.SPI_CloseTransfer
                0x0800ef54       0xb8 ../../libDaisy//build\libdaisy.a(stm32h7xx_hal_spi.o)
 .text.HAL_SPI_Init
                0x0800f00c      0x15c ../../libDaisy//build\libdaisy.a(stm32h7xx_hal_spi.o)
                0x0800f00c                HAL_SPI_Init
 .text.HAL_SPI_Transmit_DMA
                0x0800f168      0x170 ../../libDaisy//build\libdaisy.a(stm32h7xx_hal_spi.o)
                0x0800f168                HAL_SPI_Transmit_DMA
 .text.HAL_SPI_TransmitReceive_DMA
                0x0800f2d8      0x218 ../../libDaisy//build\libdaisy.a(stm32h7xx_hal_spi.o)
                0x0800f2d8                HAL_SPI_TransmitReceive_DMA
 .text.HAL_SPI_Receive_DMA
                0x0800f4f0      0x1b4 ../../libDaisy//build\libdaisy.a(stm32h7xx_hal_spi.o)
                0x0800f4f0                HAL_SPI_Receive_DMA
 .text.SPI_DMATransmitCplt
                0x0800f6a4       0x28 ../../libDaisy//build\libdaisy.a(stm32h7xx_hal_spi.o)
 .text.SPI_DMAReceiveCplt
                0x0800f6cc       0x28 ../../libDaisy//build\libdaisy.a(stm32h7xx_hal_spi.o)
 .text.SPI_DMATransmitReceiveCplt
                0x0800f6f4       0x28 ../../libDaisy//build\libdaisy.a(stm32h7xx_hal_spi.o)
 .text.HAL_SPI_TxHalfCpltCallback
                0x0800f71c        0x4 ../../libDaisy//build\libdaisy.a(stm32h7xx_hal_spi.o)
                0x0800f71c                HAL_SPI_TxHalfCpltCallback
 .text.SPI_DMAHalfTransmitCplt
                0x0800f720        0xc ../../libDaisy//build\libdaisy.a(stm32h7xx_hal_spi.o)
 .text.HAL_SPI_RxHalfCpltCallback
                0x0800f72c        0x4 ../../libDaisy//build\libdaisy.a(stm32h7xx_hal_spi.o)
                0x0800f72c                HAL_SPI_RxHalfCpltCallback
 .text.SPI_DMAHalfReceiveCplt
                0x0800f730        0xc ../../libDaisy//build\libdaisy.a(stm32h7xx_hal_spi.o)
 .text.HAL_SPI_TxRxHalfCpltCallback
                0x0800f73c        0x4 ../../libDaisy//build\libdaisy.a(stm32h7xx_hal_spi.o)
                0x0800f73c                HAL_SPI_TxRxHalfCpltCallback
 .text.SPI_DMAHalfTransmitReceiveCplt
                0x0800f740        0xc ../../libDaisy//build\libdaisy.a(stm32h7xx_hal_spi.o)
 .text.SPI_DMAError
                0x0800f74c       0xd8 ../../libDaisy//build\libdaisy.a(stm32h7xx_hal_spi.o)
 .text.HAL_SPI_IRQHandler
                0x0800f824      0x23c ../../libDaisy//build\libdaisy.a(stm32h7xx_hal_spi.o)
                0x0800f824                HAL_SPI_IRQHandler
 .text.SPI_DMAAbortOnError
                0x0800fa60       0x1c ../../libDaisy//build\libdaisy.a(stm32h7xx_hal_spi.o)
 .text.HAL_SPI_GetState
                0x0800fa7c        0x8 ../../libDaisy//build\libdaisy.a(stm32h7xx_hal_spi.o)
                0x0800fa7c                HAL_SPI_GetState
 .text.HAL_UART_Transmit_DMA
                0x0800fa84       0xa4 ../../libDaisy//build\libdaisy.a(stm32h7xx_hal_uart.o)
                0x0800fa84                HAL_UART_Transmit_DMA
 .text.HAL_UART_Receive_DMA
                0x0800fb28       0xac ../../libDaisy//build\libdaisy.a(stm32h7xx_hal_uart.o)
                0x0800fb28                HAL_UART_Receive_DMA
 .text.UART_DMATransmitCplt
                0x0800fbd4       0x2c ../../libDaisy//build\libdaisy.a(stm32h7xx_hal_uart.o)
 .text.HAL_UART_TxHalfCpltCallback
                0x0800fc00        0x4 ../../libDaisy//build\libdaisy.a(stm32h7xx_hal_uart.o)
                0x0800fc00                HAL_UART_TxHalfCpltCallback
 .text.UART_DMATxHalfCplt
                0x0800fc04        0xc ../../libDaisy//build\libdaisy.a(stm32h7xx_hal_uart.o)
 .text.UART_DMAReceiveCplt
                0x0800fc10       0x38 ../../libDaisy//build\libdaisy.a(stm32h7xx_hal_uart.o)
 .text.HAL_UART_RxHalfCpltCallback
                0x0800fc48        0x4 ../../libDaisy//build\libdaisy.a(stm32h7xx_hal_uart.o)
                0x0800fc48                HAL_UART_RxHalfCpltCallback
 .text.UART_DMARxHalfCplt
                0x0800fc4c        0xc ../../libDaisy//build\libdaisy.a(stm32h7xx_hal_uart.o)
 .text.UART_DMAError
                0x0800fc58       0x78 ../../libDaisy//build\libdaisy.a(stm32h7xx_hal_uart.o)
 .text.HAL_UART_IRQHandler
                0x0800fcd0      0x1d0 ../../libDaisy//build\libdaisy.a(stm32h7xx_hal_uart.o)
                0x0800fcd0                HAL_UART_IRQHandler
 .text.UART_DMAAbortOnError
                0x0800fea0       0x14 ../../libDaisy//build\libdaisy.a(stm32h7xx_hal_uart.o)
 .text.HAL_UART_GetState
                0x0800feb4        0xc ../../libDaisy//build\libdaisy.a(stm32h7xx_hal_uart.o)
                0x0800feb4                HAL_UART_GetState
 .text.UART_SetConfig
                0x0800fec0     0x14b8 ../../libDaisy//build\libdaisy.a(stm32h7xx_hal_uart.o)
                0x0800fec0                UART_SetConfig
 .text.UART_AdvFeatureConfig
                0x08011378       0xb0 ../../libDaisy//build\libdaisy.a(stm32h7xx_hal_uart.o)
                0x08011378                UART_AdvFeatureConfig
 .text.UART_CheckIdleState
                0x08011428       0x84 ../../libDaisy//build\libdaisy.a(stm32h7xx_hal_uart.o)